Component: ARM Compiler 5.06 update 7 (build 960) Tool: armlink [4d3601]

==============================================================================

Section Cross References

    startup_stm32f103xe.o(STACK) refers (Special) to heapauxi.o(.text) for __use_two_region_memory
    startup_stm32f103xe.o(HEAP) refers (Special) to heapauxi.o(.text) for __use_two_region_memory
    startup_stm32f103xe.o(RESET) refers (Special) to heapauxi.o(.text) for __use_two_region_memory
    startup_stm32f103xe.o(RESET) refers to startup_stm32f103xe.o(STACK) for __initial_sp
    startup_stm32f103xe.o(RESET) refers to startup_stm32f103xe.o(.text) for Reset_Handler
    startup_stm32f103xe.o(RESET) refers to stm32f1xx_it.o(i.NMI_Handler) for NMI_Handler
    startup_stm32f103xe.o(RESET) refers to stm32f1xx_it.o(i.HardFault_Handler) for HardFault_Handler
    startup_stm32f103xe.o(RESET) refers to stm32f1xx_it.o(i.MemManage_Handler) for MemManage_Handler
    startup_stm32f103xe.o(RESET) refers to stm32f1xx_it.o(i.BusFault_Handler) for BusFault_Handler
    startup_stm32f103xe.o(RESET) refers to stm32f1xx_it.o(i.UsageFault_Handler) for UsageFault_Handler
    startup_stm32f103xe.o(RESET) refers to port.o(.emb_text) for SVC_Handler
    startup_stm32f103xe.o(RESET) refers to stm32f1xx_it.o(i.DebugMon_Handler) for DebugMon_Handler
    startup_stm32f103xe.o(RESET) refers to delay.o(i.SysTick_Handler) for SysTick_Handler
    startup_stm32f103xe.o(RESET) refers to usart.o(i.USART1_IRQHandler) for USART1_IRQHandler
    startup_stm32f103xe.o(RESET) refers to btim.o(i.TIM6_IRQHandler) for TIM6_IRQHandler
    startup_stm32f103xe.o(.text) refers (Special) to heapauxi.o(.text) for __use_two_region_memory
    startup_stm32f103xe.o(.text) refers to system_stm32f1xx.o(i.SystemInit) for SystemInit
    startup_stm32f103xe.o(.text) refers to __main.o(!!!main) for __main
    startup_stm32f103xe.o(.text) refers to startup_stm32f103xe.o(HEAP) for Heap_Mem
    startup_stm32f103xe.o(.text) refers to startup_stm32f103xe.o(STACK) for Stack_Mem
    main.o(i.main) refers to stm32f1xx_hal.o(i.HAL_Init) for HAL_Init
    main.o(i.main) refers to sys.o(i.sys_stm32_clock_init) for sys_stm32_clock_init
    main.o(i.main) refers to delay.o(i.delay_init) for delay_init
    main.o(i.main) refers to usart.o(i.usart_init) for usart_init
    main.o(i.main) refers to led.o(i.led_init) for led_init
    main.o(i.main) refers to lcd.o(i.lcd_init) for lcd_init
    main.o(i.main) refers to key.o(i.key_init) for key_init
    main.o(i.main) refers to freertos_demo.o(i.freertos_demo) for freertos_demo
    system_stm32f1xx.o(i.SystemCoreClockUpdate) refers to system_stm32f1xx.o(.data) for SystemCoreClock
    system_stm32f1xx.o(i.SystemCoreClockUpdate) refers to system_stm32f1xx.o(.constdata) for AHBPrescTable
    freertos_demo.o(i.freertos_demo) refers to tasks.o(i.xTaskCreateStatic) for xTaskCreateStatic
    freertos_demo.o(i.freertos_demo) refers to tasks.o(i.vTaskStartScheduler) for vTaskStartScheduler
    freertos_demo.o(i.freertos_demo) refers to freertos_demo.o(.bss) for start_task_tcb
    freertos_demo.o(i.freertos_demo) refers to freertos_demo.o(i.start_task) for start_task
    freertos_demo.o(i.freertos_demo) refers to freertos_demo.o(.data) for start_task_handler
    freertos_demo.o(i.start_task) refers to port.o(i.vPortEnterCritical) for vPortEnterCritical
    freertos_demo.o(i.start_task) refers to tasks.o(i.xTaskCreateStatic) for xTaskCreateStatic
    freertos_demo.o(i.start_task) refers to tasks.o(i.vTaskDelete) for vTaskDelete
    freertos_demo.o(i.start_task) refers to port.o(i.vPortExitCritical) for vPortExitCritical
    freertos_demo.o(i.start_task) refers to freertos_demo.o(.bss) for task1_tcb
    freertos_demo.o(i.start_task) refers to freertos_demo.o(i.task1) for task1
    freertos_demo.o(i.start_task) refers to freertos_demo.o(.data) for task1_handler
    freertos_demo.o(i.start_task) refers to freertos_demo.o(i.task2) for task2
    freertos_demo.o(i.start_task) refers to freertos_demo.o(i.task3) for task3
    freertos_demo.o(i.task1) refers to noretval__2printf.o(.text) for __2printf
    freertos_demo.o(i.task1) refers to stm32f1xx_hal_gpio.o(i.HAL_GPIO_TogglePin) for HAL_GPIO_TogglePin
    freertos_demo.o(i.task1) refers to tasks.o(i.vTaskDelay) for vTaskDelay
    freertos_demo.o(i.task2) refers to noretval__2printf.o(.text) for __2printf
    freertos_demo.o(i.task2) refers to stm32f1xx_hal_gpio.o(i.HAL_GPIO_TogglePin) for HAL_GPIO_TogglePin
    freertos_demo.o(i.task2) refers to tasks.o(i.vTaskDelay) for vTaskDelay
    freertos_demo.o(i.task3) refers to noretval__2printf.o(.text) for __2printf
    freertos_demo.o(i.task3) refers to key.o(i.key_scan) for key_scan
    freertos_demo.o(i.task3) refers to tasks.o(i.vTaskDelete) for vTaskDelete
    freertos_demo.o(i.task3) refers to tasks.o(i.vTaskDelay) for vTaskDelay
    freertos_demo.o(i.task3) refers to freertos_demo.o(.data) for task1_handler
[...]
    i.__NVIC_SetPriority                     0x08001d78   Section        0  stm32f1xx_hal_cortex.o(i.__NVIC_SetPriority)
    __NVIC_SetPriority                       0x08001d79   Thumb Code    32  stm32f1xx_hal_cortex.o(i.__NVIC_SetPriority)
    i._sys_exit                              0x08001da0   Section        0  usart.o(i._sys_exit)
    i.delay_init                             0x08001da4   Section        0  delay.o(i.delay_init)
    i.delay_ms                               0x08001df0   Section        0  delay.o(i.delay_ms)
    i.delay_us                               0x08001e08   Section        0  delay.o(i.delay_us)
    i.fputc                                  0x08001e50   Section        0  usart.o(i.fputc)
    i.freertos_demo                          0x08001e6c   Section        0  freertos_demo.o(i.freertos_demo)
    i.key_init                               0x08001eac   Section        0  key.o(i.key_init)
    i.key_scan                               0x08001f68   Section        0  key.o(i.key_scan)
    i.lcd_clear                              0x0800200c   Section        0  lcd.o(i.lcd_clear)
    i.lcd_display_dir                        0x0800208c   Section        0  lcd.o(i.lcd_display_dir)
    i.lcd_ex_ili9341_reginit                 0x080021f8   Section        0  lcd.o(i.lcd_ex_ili9341_reginit)
    i.lcd_ex_ili9806_reginit                 0x08002750   Section        0  lcd.o(i.lcd_ex_ili9806_reginit)
    i.lcd_ex_nt35310_reginit                 0x08002e04   Section        0  lcd.o(i.lcd_ex_nt35310_reginit)
    i.lcd_ex_nt35510_reginit                 0x08004418   Section        0  lcd.o(i.lcd_ex_nt35510_reginit)
    i.lcd_ex_ssd1963_reginit                 0x08005364   Section        0  lcd.o(i.lcd_ex_ssd1963_reginit)
    i.lcd_ex_st7789_reginit                  0x080056d0   Section        0  lcd.o(i.lcd_ex_st7789_reginit)
    i.lcd_ex_st7796_reginit                  0x08005ae8   Section        0  lcd.o(i.lcd_ex_st7796_reginit)
    i.lcd_init                               0x08005f90   Section        0  lcd.o(i.lcd_init)
    i.lcd_opt_delay                          0x08006540   Section        0  lcd.o(i.lcd_opt_delay)
    lcd_opt_delay                            0x08006541   Thumb Code    12  lcd.o(i.lcd_opt_delay)
    i.lcd_rd_data                            0x0800654c   Section        0  lcd.o(i.lcd_rd_data)
    lcd_rd_data                              0x0800654d   Thumb Code   104  lcd.o(i.lcd_rd_data)
    i.lcd_scan_dir                           0x080065bc   Section        0  lcd.o(i.lcd_scan_dir)
    i.lcd_set_cursor                         0x08006ae4   Section        0  lcd.o(i.lcd_set_cursor)
    i.lcd_ssd_backlight_set                  0x08006f34   Section        0  lcd.o(i.lcd_ssd_backlight_set)
    i.lcd_wr_xdata                           0x0800703c   Section        0  lcd.o(i.lcd_wr_xdata)
    i.lcd_write_reg                          0x08007064   Section        0  lcd.o(i.lcd_write_reg)
    i.led_init                               0x080070b4   Section        0  led.o(i.led_init)
    i.main                                   0x08007144   Section        0  main.o(i.main)
    i.prvAddCurrentTaskToDelayedList         0x08007174   Section        0  tasks.o(i.prvAddCurrentTaskToDelayedList)
    prvAddCurrentTaskToDelayedList           0x08007175   Thumb Code   174  tasks.o(i.prvAddCurrentTaskToDelayedList)
    i.prvAddNewTaskToReadyList               0x08007240   Section        0  tasks.o(i.prvAddNewTaskToReadyList)
    prvAddNewTaskToReadyList                 0x08007241   Thumb Code   206  tasks.o(i.prvAddNewTaskToReadyList)
    i.prvCheckForValidListAndQueue           0x0800732c   Section        0  timers.o(i.prvCheckForValidListAndQueue)
    prvCheckForValidListAndQueue             0x0800732d   Thumb Code    78  timers.o(i.prvCheckForValidListAndQueue)
    i.prvCheckTasksWaitingTermination        0x080073a0   Section        0  tasks.o(i.prvCheckTasksWaitingTermination)
    prvCheckTasksWaitingTermination          0x080073a1   Thumb Code    60  tasks.o(i.prvCheckTasksWaitingTermination)
    i.prvCopyDataFromQueue                   0x080073e8   Section        0  queue.o(i.prvCopyDataFromQueue)
    prvCopyDataFromQueue                     0x080073e9   Thumb Code    42  queue.o(i.prvCopyDataFromQueue)
    i.prvCopyDataToQueue                     0x08007412   Section        0  queue.o(i.prvCopyDataToQueue)
    prvCopyDataToQueue                       0x08007413   Thumb Code   126  queue.o(i.prvCopyDataToQueue)
    i.prvDeleteTCB                           0x08007490   Section        0  tasks.o(i.prvDeleteTCB)
    prvDeleteTCB                             0x08007491   Thumb Code    70  tasks.o(i.prvDeleteTCB)
    i.prvGetNextExpireTime                   0x0800750c   Section        0  timers.o(i.prvGetNextExpireTime)
    prvGetNextExpireTime                     0x0800750d   Thumb Code    36  timers.o(i.prvGetNextExpireTime)
    i.prvIdleTask                            0x08007534   Section        0  tasks.o(i.prvIdleTask)
    prvIdleTask                              0x08007535   Thumb Code    32  tasks.o(i.prvIdleTask)
    i.prvInitialiseNewQueue                  0x0800755c   Section        0  queue.o(i.prvInitialiseNewQueue)
    prvInitialiseNewQueue                    0x0800755d   Thumb Code    46  queue.o(i.prvInitialiseNewQueue)
    i.prvInitialiseNewTask                   0x0800758c   Section        0  tasks.o(i.prvInitialiseNewTask)
    prvInitialiseNewTask                     0x0800758d   Thumb Code   184  tasks.o(i.prvInitialiseNewTask)
    i.prvInitialiseTaskLists                 0x08007678   Section        0  tasks.o(i.prvInitialiseTaskLists)
    prvInitialiseTaskLists                   0x08007679   Thumb Code    70  tasks.o(i.prvInitialiseTaskLists)
    i.prvInsertBlockIntoFreeList             0x080076e0   Section        0  heap_4.o(i.prvInsertBlockIntoFreeList)
    prvInsertBlockIntoFreeList               0x080076e1   Thumb Code    96  heap_4.o(i.prvInsertBlockIntoFreeList)
    i.prvInsertTimerInActiveList             0x08007748   Section        0  timers.o(i.prvInsertTimerInActiveList)
    prvInsertTimerInActiveList               0x08007749   Thumb Code    80  timers.o(i.prvInsertTimerInActiveList)
    i.prvIsQueueEmpty                        0x080077a0   Section        0  queue.o(i.prvIsQueueEmpty)
    prvIsQueueEmpty                          0x080077a1   Thumb Code    26  queue.o(i.prvIsQueueEmpty)
    i.prvNotifyQueueSetContainer             0x080077bc   Section        0  queue.o(i.prvNotifyQueueSetContainer)
    prvNotifyQueueSetContainer               0x080077bd   Thumb Code   154  queue.o(i.prvNotifyQueueSetContainer)
    i.prvProcessExpiredTimer                 0x0800788c   Section        0  timers.o(i.prvProcessExpiredTimer)
    prvProcessExpiredTimer                   0x0800788d   Thumb Code    62  timers.o(i.prvProcessExpiredTimer)
    i.prvProcessReceivedCommands             0x080078d0   Section        0  timers.o(i.prvProcessReceivedCommands)
    prvProcessReceivedCommands               0x080078d1   Thumb Code   306  timers.o(i.prvProcessReceivedCommands)
    i.prvProcessTimerOrBlockTask             0x08007a3c   Section        0  timers.o(i.prvProcessTimerOrBlockTask)
    prvProcessTimerOrBlockTask               0x08007a3d   Thumb Code   102  timers.o(i.prvProcessTimerOrBlockTask)
    i.prvReloadTimer                         0x08007ab0   Section        0  timers.o(i.prvReloadTimer)
    prvReloadTimer                           0x08007ab1   Thumb Code    40  timers.o(i.prvReloadTimer)
    i.prvResetNextTaskUnblockTime            0x08007ad8   Section        0  tasks.o(i.prvResetNextTaskUnblockTime)
    prvResetNextTaskUnblockTime              0x08007ad9   Thumb Code    40  tasks.o(i.prvResetNextTaskUnblockTime)
    i.prvSampleTimeNow                       0x08007b08   Section        0  timers.o(i.prvSampleTimeNow)
    prvSampleTimeNow                         0x08007b09   Thumb Code    40  timers.o(i.prvSampleTimeNow)
    i.prvSwitchTimerLists                    0x08007b34   Section        0  timers.o(i.prvSwitchTimerLists)
    prvSwitchTimerLists                      0x08007b35   Thumb Code    58  timers.o(i.prvSwitchTimerLists)
    i.prvTaskExitError                       0x08007b78   Section        0  port.o(i.prvTaskExitError)
    prvTaskExitError                         0x08007b79   Thumb Code    48  port.o(i.prvTaskExitError)
    i.prvTimerTask                           0x08007bf4   Section        0  timers.o(i.prvTimerTask)
    prvTimerTask                             0x08007bf5   Thumb Code    26  timers.o(i.prvTimerTask)
    i.prvUnlockQueue                         0x08007c0e   Section        0  queue.o(i.prvUnlockQueue)
    prvUnlockQueue                           0x08007c0f   Thumb Code   144  queue.o(i.prvUnlockQueue)
    i.pxPortInitialiseStack                  0x08007ca0   Section        0  port.o(i.pxPortInitialiseStack)
    i.start_task                             0x08007cc4   Section        0  freertos_demo.o(i.start_task)
    i.sys_stm32_clock_init                   0x08007d74   Section        0  sys.o(i.sys_stm32_clock_init)
    i.task1                                  0x08007ddc   Section        0  freertos_demo.o(i.task1)
    i.task2                                  0x08007e18   Section        0  freertos_demo.o(i.task2)
    i.task3                                  0x08007e54   Section        0  freertos_demo.o(i.task3)
    i.usart_init                             0x08007eb8   Section        0  usart.o(i.usart_init)
    i.uxListRemove                           0x08007ef0   Section        0  list.o(i.uxListRemove)
    i.uxTaskGetNumberOfTasks                 0x08007f18   Section        0  tasks.o(i.uxTaskGetNumberOfTasks)
    i.vApplicationGetIdleTaskMemory          0x08007f24   Section        0  freertos_demo.o(i.vApplicationGetIdleTaskMemory)
    i.vApplicationGetTimerTaskMemory         0x08007f3c   Section        0  freertos_demo.o(i.vApplicationGetTimerTaskMemory)
    i.vListInitialise                        0x08007f54   Section        0  list.o(i.vListInitialise)
    i.vListInitialiseItem                    0x08007f6e   Section        0  list.o(i.vListInitialiseItem)
    i.vListInsert                            0x08007f74   Section        0  list.o(i.vListInsert)
    i.vListInsertEnd                         0x08007fa8   Section        0  list.o(i.vListInsertEnd)
    i.vPortEnterCritical                     0x08007fc0   Section        0  port.o(i.vPortEnterCritical)
    i.vPortExitCritical                      0x08008054   Section        0  port.o(i.vPortExitCritical)
    i.vPortFree                              0x080080d0   Section        0  heap_4.o(i.vPortFree)
    i.vPortSetupTimerInterrupt               0x08008190   Section        0  port.o(i.vPortSetupTimerInterrupt)
    i.vQueueAddToRegistry                    0x080081bc   Section        0  queue.o(i.vQueueAddToRegistry)
    i.vQueueWaitForMessageRestricted         0x08008248   Section        0  queue.o(i.vQueueWaitForMessageRestricted)
    i.vTaskDelay                             0x08008294   Section        0  tasks.o(i.vTaskDelay)
    i.vTaskDelete                            0x08008318   Section        0  tasks.o(i.vTaskDelete)
    i.vTaskInternalSetTimeOutState           0x0800843c   Section        0  tasks.o(i.vTaskInternalSetTimeOutState)
    i.vTaskMissedYield                       0x08008454   Section        0  tasks.o(i.vTaskMissedYield)
    i.vTaskPlaceOnEventList                  0x08008460   Section        0  tasks.o(i.vTaskPlaceOnEventList)
    i.vTaskPlaceOnEventListRestricted        0x080084c4   Section        0  tasks.o(i.vTaskPlaceOnEventListRestricted)
    i.vTaskStartScheduler                    0x08008550   Section        0  tasks.o(i.vTaskStartScheduler)
    i.vTaskSuspendAll                        0x0800863c   Section        0  tasks.o(i.vTaskSuspendAll)
    i.vTaskSwitchContext                     0x0800864c   Section        0  tasks.o(i.vTaskSwitchContext)
    i.xPortStartScheduler                    0x08008704   Section        0  port.o(i.xPortStartScheduler)
    i.xPortSysTickHandler                    0x08008850   Section        0  port.o(i.xPortSysTickHandler)
    i.xQueueGenericCreateStatic              0x08008884   Section        0  queue.o(i.xQueueGenericCreateStatic)
    i.xQueueGenericReset                     0x08008938   Section        0  queue.o(i.xQueueGenericReset)
    i.xQueueReceive                          0x08008a34   Section        0  queue.o(i.xQueueReceive)
    i.xTaskCheckForTimeOut                   0x08008bb4   Section        0  tasks.o(i.xTaskCheckForTimeOut)
    i.xTaskCreateStatic                      0x08008c80   Section        0  tasks.o(i.xTaskCreateStatic)
    i.xTaskGetSchedulerState                 0x08008d58   Section        0  tasks.o(i.xTaskGetSchedulerState)
    i.xTaskGetTickCount                      0x08008d78   Section        0  tasks.o(i.xTaskGetTickCount)
    i.xTaskIncrementTick                     0x08008d84   Section        0  tasks.o(i.xTaskIncrementTick)
    i.xTaskPriorityDisinherit                0x08008f6c   Section        0  tasks.o(i.xTaskPriorityDisinherit)
    i.xTaskRemoveFromEventList               0x0800907c   Section        0  tasks.o(i.xTaskRemoveFromEventList)
    i.xTaskResumeAll                         0x080091c8   Section        0  tasks.o(i.xTaskResumeAll)
    i.xTimerCreateTimerTask                  0x08009368   Section        0  timers.o(i.xTimerCreateTimerTask)
    x$fpl$dfixu                              0x0800940c   Section       90  dfixu.o(x$fpl$dfixu)
    x$fpl$dfltu                              0x08009466   Section       38  dflt_clz.o(x$fpl$dfltu)
    x$fpl$dmul                               0x0800948c   Section      340  dmul.o(x$fpl$dmul)
    x$fpl$dnaninf                            0x080095e0   Section      156  dnaninf.o(x$fpl$dnaninf)
    x$fpl$dretinf                            0x0800967c   Section       12  dretinf.o(x$fpl$dretinf)
    .constdata                               0x08009688   Section       24  system_stm32f1xx.o(.constdata)
    x$fpl$usenofp                            0x08009688   Section        0  usenofp.o(x$fpl$usenofp)
    .constdata                               0x080096a0   Section       40  _printf_hex_int.o(.constdata)
    uc_hextab                                0x080096a0   Data          20  _printf_hex_int.o(.constdata)
    lc_hextab                                0x080096b4   Data          20  _printf_hex_int.o(.constdata)
    .data                                    0x20000000   Section        4  system_stm32f1xx.o(.data)
    .data                                    0x20000004   Section       16  freertos_demo.o(.data)
    .data                                    0x20000014   Section        4  delay.o(.data)
    g_fac_us                                 0x20000014   Data           4  delay.o(.data)
    .data                                    0x20000018   Section        7  usart.o(.data)
    .data                                    0x20000020   Section        9  stm32f1xx_hal.o(.data)
    .data                                    0x20000029   Section        1  key.o(.data)
    key_up                                   0x20000029   Data           1  key.o(.data)
    .data                                    0x2000002c   Section       64  tasks.o(.data)
    pxDelayedTaskList                        0x20000030   Data           4  tasks.o(.data)
    pxOverflowDelayedTaskList                0x20000034   Data           4  tasks.o(.data)
    uxDeletedTasksWaitingCleanUp             0x20000038   Data           4  tasks.o(.data)
    uxCurrentNumberOfTasks                   0x2000003c   Data           4  tasks.o(.data)
    xTickCount                               0x20000040   Data           4  tasks.o(.data)
    uxTopReadyPriority                       0x20000044   Data           4  tasks.o(.data)
    xSchedulerRunning                        0x20000048   Data           4  tasks.o(.data)
    xPendedTicks                             0x2000004c   Data           4  tasks.o(.data)
    xYieldPending                            0x20000050   Data           4  tasks.o(.data)
    xNumOfOverflows                          0x20000054   Data           4  tasks.o(.data)
    uxTaskNumber                             0x20000058   Data           4  tasks.o(.data)
    xNextTaskUnblockTime                     0x2000005c   Data           4  tasks.o(.data)
    xIdleTaskHandle                          0x20000060   Data           4  tasks.o(.data)
    uxSchedulerSuspended                     0x20000068   Data           4  tasks.o(.data)
    .data                                    0x2000006c   Section       20  timers.o(.data)
    pxCurrentTimerList                       0x2000006c   Data           4  timers.o(.data)
    pxOverflowTimerList                      0x20000070   Data           4  timers.o(.data)
    xTimerQueue                              0x20000074   Data           4  timers.o(.data)
    xTimerTaskHandle                         0x20000078   Data           4  timers.o(.data)
    xLastTime                                0x2000007c   Data           4  timers.o(.data)
    .data                                    0x20000080   Section       28  heap_4.o(.data)
    xStart                                   0x20000080   Data           8  heap_4.o(.data)
    pxEnd                                    0x20000088   Data           4  heap_4.o(.data)
    xFreeBytesRemaining                      0x2000008c   Data           4  heap_4.o(.data)
    xMinimumEverFreeBytesRemaining           0x20000090   Data           4  heap_4.o(.data)
    xNumberOfSuccessfulAllocations           0x20000094   Data           4  heap_4.o(.data)
    xNumberOfSuccessfulFrees                 0x20000098   Data           4  heap_4.o(.data)
    .data                                    0x2000009c   Section       12  port.o(.data)
    uxCriticalNesting                        0x2000009c   Data           4  port.o(.data)
    ucMaxSysCallPriority                     0x200000a0   Data           1  port.o(.data)
    ulMaxPRIGROUPValue                       0x200000a4   Data           4  port.o(.data)
    .bss                                     0x200000a8   Section     4136  freertos_demo.o(.bss)
    .bss                                     0x200010d0   Section      264  usart.o(.bss)
    .bss                                     0x200011d8   Section       14  lcd.o(.bss)
    .bss                                     0x200011e8   Section       72  btim.o(.bss)
    .bss                                     0x20001230   Section       64  queue.o(.bss)
    .bss                                     0x20001270   Section      740  tasks.o(.bss)
    pxReadyTasksLists                        0x20001270   Data         640  tasks.o(.bss)
    xDelayedTaskList1                        0x200014f0   Data          20  tasks.o(.bss)
    xDelayedTaskList2                        0x20001504   Data          20  tasks.o(.bss)
    xPendingReadyList                        0x20001518   Data          20  tasks.o(.bss)
    xTasksWaitingTermination                 0x2000152c   Data          20  tasks.o(.bss)
    xSuspendedTaskList                       0x20001540   Data          20  tasks.o(.bss)
    .bss                                     0x20001554   Section      204  timers.o(.bss)
    xActiveTimerList1                        0x20001554   Data          20  timers.o(.bss)
    xActiveTimerList2                        0x20001568   Data          20  timers.o(.bss)
    xStaticTimerQueue                        0x2000157c   Data          84  timers.o(.bss)
    ucStaticTimerQueueStorage                0x200015d0   Data          80  timers.o(.bss)
    .bss                                     0x20001620   Section       96  libspace.o(.bss)
    HEAP                                     0x20001680   Section      512  startup_stm32f103xe.o(HEAP)
    Heap_Mem                                 0x20001680   Data         512  startup_stm32f103xe.o(HEAP)
    STACK                                    0x20001880   Section     1024  startup_stm32f103xe.o(STACK)
    Stack_Mem                                0x20001880   Data        1024  startup_stm32f103xe.o(STACK)
    __initial_sp                             0x20001c80   Data           0  startup_stm32f103xe.o(STACK)

    Global Symbols

    Symbol Name                              Value     Ov Type        Size  Object(Section)

    BuildAttributes$$THM_ISAv4$P$D$K$B$S$PE$A:L22UL41UL21$X:L11$S22US41US21$IEEE1$IW$USESV6$~STKCKD$USESV7$~SHL$OSPACE$ROPI$EBA8$UX$STANDARDLIB$REQ8$PRES8$EABIv2 0x00000000   Number         0  anon$$obj.o ABSOLUTE
    __ARM_use_no_argv                        0x00000000   Number         0  main.o ABSOLUTE
    __ARM_exceptions_init                     - Undefined Weak Reference
    __alloca_initialize                       - Undefined Weak Reference
    __arm_fini_                               - Undefined Weak Reference
    __arm_preinit_                            - Undefined Weak Reference
    __cpp_initialize__aeabi_                  - Undefined Weak Reference
    __cxa_finalize                            - Undefined Weak Reference
    __rt_locale                               - Undefined Weak Reference
    __sigvec_lookup                           - Undefined Weak Reference
    _atexit_init                              - Undefined Weak Reference
    _call_atexit_fns                          - Undefined Weak Reference
    _clock_init                               - Undefined Weak Reference
    _fp_trap_init                             - Undefined Weak Reference
    _fp_trap_shutdown                         - Undefined Weak Reference
    _get_lc_collate                           - Undefined Weak Reference
    _get_lc_ctype                             - Undefined Weak Reference
    _get_lc_monetary                          - Undefined Weak Reference
    _get_lc_numeric                           - Undefined Weak Reference
    _get_lc_time                              - Undefined Weak Reference
    _getenv_init                              - Undefined Weak Reference
    _handle_redirection                       - Undefined Weak Reference
    _init_alloc                               - Undefined Weak Reference
    _init_user_alloc                          - Undefined Weak Reference
    _initio                                   - Undefined Weak Reference
    _mutex_acquire                            - Undefined Weak Reference
    _mutex_release                            - Undefined Weak Reference
    _printf_mbtowc                            - Undefined Weak Reference
    _printf_post_padding                      - Undefined Weak Reference
    _printf_pre_padding                       - Undefined Weak Reference
    _printf_truncate_signed                   - Undefined Weak Reference
    _printf_truncate_unsigned                 - Undefined Weak Reference
    _rand_init                                - Undefined Weak Reference
    _signal_finish                            - Undefined Weak Reference
    _signal_init                              - Undefined Weak Reference
    _terminate_alloc                          - Undefined Weak Reference
    _terminate_user_alloc                     - Undefined Weak Reference
    _terminateio                              - Undefined Weak Reference
    __Vectors_Size                           0x00000130   Number         0  startup_stm32f103xe.o ABSOLUTE
    __Vectors                                0x08000000   Data           4  startup_stm32f103xe.o(RESET)
    __Vectors_End                            0x08000130   Data           0  startup_stm32f103xe.o(RESET)
    __main                                   0x08000131   Thumb Code     8  __main.o(!!!main)
    __scatterload                            0x08000139   Thumb Code     0  __scatter.o(!!!scatter)
    __scatterload_rt2                        0x08000139   Thumb Code    44  __scatter.o(!!!scatter)
    __scatterload_rt2_thumb_only             0x08000139   Thumb Code     0  __scatter.o(!!!scatter)
    __scatterload_null                       0x08000147   Thumb Code     0  __scatter.o(!!!scatter)
    __scatterload_copy                       0x0800016d   Thumb Code    26  __scatter_copy.o(!!handler_copy)
    __scatterload_zeroinit                   0x08000189   Thumb Code    28  __scatter_zi.o(!!handler_zi)
    _printf_d                                0x080001a5   Thumb Code     0  _printf_d.o(.ARM.Collect$$_printf_percent$$00000009)
    _printf_percent                          0x080001a5   Thumb Code     0  _printf_percent.o(.ARM.Collect$$_printf_percent$$00000000)
    _printf_x                                0x080001ab   Thumb Code     0  _printf_x.o(.ARM.Collect$$_printf_percent$$0000000C)
    _printf_s                                0x080001b1   Thumb Code     0  _printf_s.o(.ARM.Collect$$_printf_percent$$00000014)
    _printf_percent_end                      0x080001b7   Thumb Code     0  _printf_percent_end.o(.ARM.Collect$$_printf_percent$$00000017)
    __rt_lib_init                            0x080001bb   Thumb Code     0  libinit.o(.ARM.Collect$$libinit$$00000000)
    __rt_lib_init_alloca_1                   0x080001bd   Thumb Code     0  libinit2.o(.ARM.Collect$$libinit$$0000002E)
    __rt_lib_init_argv_1                     0x080001bd   Thumb Code     0  libinit2.o(.ARM.Collect$$libinit$$0000002C)
    __rt_lib_init_atexit_1                   0x080001bd   Thumb Code     0  libinit2.o(.ARM.Collect$$libinit$$0000001B)
    __rt_lib_init_clock_1                    0x080001bd   Thumb Code     0  libinit2.o(.ARM.Collect$$libinit$$00000021)
    __rt_lib_init_cpp_1                      0x080001bd   Thumb Code     0  libinit2.o(.ARM.Collect$$libinit$$00000032)
    __rt_lib_init_exceptions_1               0x080001bd   Thumb Code     0  libinit2.o(.ARM.Collect$$libinit$$00000030)
    __rt_lib_init_fp_1                       0x080001bd   Thumb Code     0  libinit2.o(.ARM.Collect$$libinit$$00000002)
    __rt_lib_init_fp_trap_1                  0x080001bd   Thumb Code     0  libinit2.o(.ARM.Collect$$libinit$$0000001F)
    __rt_lib_init_getenv_1                   0x080001bd   Thumb Code     0  libinit2.o(.ARM.Collect$$libinit$$00000023)
    __rt_lib_init_heap_1                     0x080001bd   Thumb Code     0  libinit2.o(.ARM.Collect$$libinit$$0000000A)
    __rt_lib_init_lc_collate_1               0x080001bd   Thumb Code     0  libinit2.o(.ARM.Collect$$libinit$$00000011)
    __rt_lib_init_lc_ctype_1                 0x080001bd   Thumb Code     0  libinit2.o(.ARM.Collect$$libinit$$00000013)
    __rt_lib_init_lc_monetary_1              0x080001bd   Thumb Code     0  libinit2.o(.ARM.Collect$$libinit$$00000015)
    __rt_lib_init_lc_numeric_1               0x080001bd   Thumb Code     0  libinit2.o(.ARM.Collect$$libinit$$00000017)
    __rt_lib_init_lc_time_1                  0x080001bd   Thumb Code     0  libinit2.o(.ARM.Collect$$libinit$$00000019)
    __rt_lib_init_preinit_1                  0x080001bd   Thumb Code     0  libinit2.o(.ARM.Collect$$libinit$$00000004)
    __rt_lib_init_rand_1                     0x080001bd   Thumb Code     0  libinit2.o(.ARM.Collect$$libinit$$0000000E)
    __rt_lib_init_return                     0x080001bd   Thumb Code     0  libinit2.o(.ARM.Collect$$libinit$$00000033)
    __rt_lib_init_signal_1                   0x080001bd   Thumb Code     0  libinit2.o(.ARM.Collect$$libinit$$0000001D)
    __rt_lib_init_stdio_1                    0x080001bd   Thumb Code     0  libinit2.o(.ARM.Collect$$libinit$$00000025)
    __rt_lib_init_user_alloc_1               0x080001bd   Thumb Code     0  libinit2.o(.ARM.Collect$$libinit$$0000000C)
    __rt_lib_shutdown                        0x080001bf   Thumb Code     0  libshutdown.o(.ARM.Collect$$libshutdown$$00000000)
    __rt_lib_shutdown_cpp_1                  0x080001c1   Thumb Code     0  libshutdown2.o(.ARM.Collect$$libshutdown$$00000004)
    __rt_lib_shutdown_fini_1                 0x080001c1   Thumb Code     0  libshutdown2.o(.ARM.Collect$$libshutdown$$00000002)
    __rt_lib_shutdown_fp_trap_1              0x080001c1   Thumb Code     0  libshutdown2.o(.ARM.Collect$$libshutdown$$00000009)
    __rt_lib_shutdown_heap_1                 0x080001c1   Thumb Code     0  libshutdown2.o(.ARM.Collect$$libshutdown$$00000011)
    __rt_lib_shutdown_return                 0x080001c1   Thumb Code     0  libshutdown2.o(.ARM.Collect$$libshutdown$$00000012)
    __rt_lib_shutdown_signal_1               0x080001c1   Thumb Code     0  libshutdown2.o(.ARM.Collect$$libshutdown$$0000000C)
    __rt_lib_shutdown_stdio_1                0x080001c1   Thumb Code     0  libshutdown2.o(.ARM.Collect$$libshutdown$$00000006)
    __rt_lib_shutdown_user_alloc_1           0x080001c1   Thumb Code     0  libshutdown2.o(.ARM.Collect$$libshutdown$$0000000E)
    __rt_entry                               0x080001c3   Thumb Code     0  __rtentry.o(.ARM.Collect$$rtentry$$00000000)
    __rt_entry_presh_1                       0x080001c3   Thumb Code     0  __rtentry2.o(.ARM.Collect$$rtentry$$00000002)
    __rt_entry_sh                            0x080001c3   Thumb Code     0  __rtentry4.o(.ARM.Collect$$rtentry$$00000004)
    __rt_entry_li                            0x080001c9   Thumb Code     0  __rtentry2.o(.ARM.Collect$$rtentry$$0000000A)
    __rt_entry_postsh_1                      0x080001c9   Thumb Code     0  __rtentry2.o(.ARM.Collect$$rtentry$$00000009)
    __rt_entry_main                          0x080001cd   Thumb Code     0  __rtentry2.o(.ARM.Collect$$rtentry$$0000000D)
    __rt_entry_postli_1                      0x080001cd   Thumb Code     0  __rtentry2.o(.ARM.Collect$$rtentry$$0000000C)
    __rt_exit                                0x080001d5   Thumb Code     0  rtexit.o(.ARM.Collect$$rtexit$$00000000)
    __rt_exit_ls                             0x080001d7   Thumb Code     0  rtexit2.o(.ARM.Collect$$rtexit$$00000003)
    __rt_exit_prels_1                        0x080001d7   Thumb Code     0  rtexit2.o(.ARM.Collect$$rtexit$$00000002)
    __rt_exit_exit                           0x080001db   Thumb Code     0  rtexit2.o(.ARM.Collect$$rtexit$$00000004)
    SVC_Handler                              0x080001e1   Thumb Code    32  port.o(.emb_text)
    __asm___6_port_c_39a90d8d__prvStartFirstTask 0x08000205   Thumb Code    28  port.o(.emb_text)
    PendSV_Handler                           0x08000225   Thumb Code    72  port.o(.emb_text)
    vPortGetIPSR                             0x08000271   Thumb Code     6  port.o(.emb_text)
    Reset_Handler                            0x08000279   Thumb Code     8  startup_stm32f103xe.o(.text)
    ADC1_2_IRQHandler                        0x08000293   Thumb Code     0  startup_stm32f103xe.o(.text)
    ADC3_IRQHandler                          0x08000293   Thumb Code     0  startup_stm32f103xe.o(.text)
    CAN1_RX1_IRQHandler                      0x08000293   Thumb Code     0  startup_stm32f103xe.o(.text)
    CAN1_SCE_IRQHandler                      0x08000293   Thumb Code     0  startup_stm32f103xe.o(.text)
    DMA1_Channel1_IRQHandler                 0x08000293   Thumb Code     0  startup_stm32f103xe.o(.text)
    DMA1_Channel2_IRQHandler                 0x08000293   Thumb Code     0  startup_stm32f103xe.o(.text)
    DMA1_Channel3_IRQHandler                 0x08000293   Thumb Code     0  startup_stm32f103xe.o(.text)
    DMA1_Channel4_IRQHandler                 0x08000293   Thumb Code     0  startup_stm32f103xe.o(.text)
    DMA1_Channel5_IRQHandler                 0x08000293   Thumb Code     0  startup_stm32f103xe.o(.text)
    DMA1_Channel6_IRQHandler                 0x08000293   Thumb Code     0  startup_stm32f103xe.o(.text)
    DMA1_Channel7_IRQHandler                 0x08000293   Thumb Code     0  startup_stm32f103xe.o(.text)
    DMA2_Channel1_IRQHandler                 0x08000293   Thumb Code     0  startup_stm32f103xe.o(.text)
    DMA2_Channel2_IRQHandler                 0x08000293   Thumb Code     0  startup_stm32f103xe.o(.text)
    DMA2_Channel3_IRQHandler                 0x08000293   Thumb Code     0  startup_stm32f103xe.o(.text)
    DMA2_Channel4_5_IRQHandler               0x08000293   Thumb Code     0  startup_stm32f103xe.o(.text)
    EXTI0_IRQHandler                         0x08000293   Thumb Code     0  startup_stm32f103xe.o(.text)
    EXTI15_10_IRQHandler                     0x08000293   Thumb Code     0  startup_stm32f103xe.o(.text)
    EXTI1_IRQHandler                         0x08000293   Thumb Code     0  startup_stm32f103xe.o(.text)
    EXTI2_IRQHandler                         0x08000293   Thumb Code     0  startup_stm32f103xe.o(.text)
    EXTI3_IRQHandler                         0x08000293   Thumb Code     0  startup_stm32f103xe.o(.text)
    EXTI4_IRQHandler                         0x08000293   Thumb Code     0  startup_stm32f103xe.o(.text)
    EXTI9_5_IRQHandler                       0x08000293   Thumb Code     0  startup_stm32f103xe.o(.text)
    FLASH_IRQHandler                         0x08000293   Thumb Code     0  startup_stm32f103xe.o(.text)
    FSMC_IRQHandler                          0x08000293   Thumb Code     0  startup_stm32f103xe.o(.text)
    I2C1_ER_IRQHandler                       0x08000293   Thumb Code     0  startup_stm32f103xe.o(.text)
    I2C1_EV_IRQHandler                       0x08000293   Thumb Code     0  startup_stm32f103xe.o(.text)
    I2C2_ER_IRQHandler                       0x08000293   Thumb Code     0  startup_stm32f103xe.o(.text)
    I2C2_EV_IRQHandler                       0x08000293   Thumb Code     0  startup_stm32f103xe.o(.text)
    PVD_IRQHandler                           0x08000293   Thumb Code     0  startup_stm32f103xe.o(.text)
    RCC_IRQHandler                           0x08000293   Thumb Code     0  startup_stm32f103xe.o(.text)
    RTC_Alarm_IRQHandler                     0x08000293   Thumb Code     0  startup_stm32f103xe.o(.text)
    RTC_IRQHandler                           0x08000293   Thumb Code     0  startup_stm32f103xe.o(.text)
    SDIO_IRQHandler                          0x08000293   Thumb Code     0  startup_stm32f103xe.o(.text)
    SPI1_IRQHandler                          0x08000293   Thumb Code     0  startup_stm32f103xe.o(.text)
    SPI2_IRQHandler                          0x08000293   Thumb Code     0  startup_stm32f103xe.o(.text)
    SPI3_IRQHandler                          0x08000293   Thumb Code     0  startup_stm32f103xe.o(.text)
    TAMPER_IRQHandler                        0x08000293   Thumb Code     0  startup_stm32f103xe.o(.text)
    TIM1_BRK_IRQHandler                      0x08000293   Thumb Code     0  startup_stm32f103xe.o(.text)
    TIM1_CC_IRQHandler                       0x08000293   Thumb Code     0  startup_stm32f103xe.o(.text)
    TIM1_TRG_COM_IRQHandler                  0x08000293   Thumb Code     0  startup_stm32f103xe.o(.text)
    TIM1_UP_IRQHandler                       0x08000293   Thumb Code     0  startup_stm32f103xe.o(.text)
    TIM2_IRQHandler                          0x08000293   Thumb Code     0  startup_stm32f103xe.o(.text)
    TIM3_IRQHandler                          0x08000293   Thumb Code     0  startup_stm32f103xe.o(.text)
    TIM4_IRQHandler                          0x08000293   Thumb Code     0  startup_stm32f103xe.o(.text)
    TIM5_IRQHandler                          0x08000293   Thumb Code     0  startup_stm32f103xe.o(.text)
    TIM7_IRQHandler                          0x08000293   Thumb Code     0  startup_stm32f103xe.o(.text)
    TIM8_BRK_IRQHandler                      0x08000293   Thumb Code     0  startup_stm32f103xe.o(.text)
    TIM8_CC_IRQHandler                       0x08000293   Thumb Code     0  startup_stm32f103xe.o(.text)
    TIM8_TRG_COM_IRQHandler                  0x08000293   Thumb Code     0  startup_stm32f103xe.o(.text)
    TIM8_UP_IRQHandler                       0x08000293   Thumb Code     0  startup_stm32f103xe.o(.text)
    UART4_IRQHandler                         0x08000293   Thumb Code     0  startup_stm32f103xe.o(.text)
    UART5_IRQHandler                         0x08000293   Thumb Code     0  startup_stm32f103xe.o(.text)
    USART2_IRQHandler                        0x08000293   Thumb Code     0  startup_stm32f103xe.o(.text)
    USART3_IRQHandler                        0x08000293   Thumb Code     0  startup_stm32f103xe.o(.text)
    USBWakeUp_IRQHandler                     0x08000293   Thumb Code     0  startup_stm32f103xe.o(.text)
    USB_HP_CAN1_TX_IRQHandler                0x08000293   Thumb Code     0  startup_stm32f103xe.o(.text)
    USB_LP_CAN1_RX0_IRQHandler               0x08000293   Thumb Code     0  startup_stm32f103xe.o(.text)
    WWDG_IRQHandler                          0x08000293   Thumb Code     0  startup_stm32f103xe.o(.text)
    __user_initial_stackheap                 0x08000295   Thumb Code     0  startup_stm32f103xe.o(.text)
    __use_no_semihosting                     0x080002b9   Thumb Code     2  use_no_semi_2.o(.text)
    __2printf                                0x080002bd   Thumb Code    20  noretval__2printf.o(.text)
    __printf                                 0x080002d5   Thumb Code   104  __printf.o(.text)
    _printf_str                              0x0800033d   Thumb Code    82  _printf_str.o(.text)
    _printf_int_dec                          0x08000391   Thumb Code   104  _printf_dec.o(.text)
    _printf_int_hex                          0x08000409   Thumb Code    84  _printf_hex_int.o(.text)
    _printf_longlong_hex                     0x08000409   Thumb Code     0  _printf_hex_int.o(.text)
    __aeabi_memcpy                           0x08000461   Thumb Code     0  rt_memcpy_v6.o(.text)
    __rt_memcpy                              0x08000461   Thumb Code   138  rt_memcpy_v6.o(.text)
    _memcpy_lastbytes                        0x080004c7   Thumb Code     0  rt_memcpy_v6.o(.text)
    __aeabi_memset                           0x080004eb   Thumb Code    16  aeabi_memset.o(.text)
    __aeabi_memclr                           0x080004fb   Thumb Code     0  rt_memclr.o(.text)
    __rt_memclr                              0x080004fb   Thumb Code    68  rt_memclr.o(.text)
    _memset                                  0x080004ff   Thumb Code     0  rt_memclr.o(.text)
    __aeabi_memclr4                          0x0800053f   Thumb Code     0  rt_memclr_w.o(.text)
    __aeabi_memclr8                          0x0800053f   Thumb Code     0  rt_memclr_w.o(.text)
    __rt_memclr_w                            0x0800053f   Thumb Code    78  rt_memclr_w.o(.text)
    _memset_w                                0x08000543   Thumb Code     0  rt_memclr_w.o(.text)
    __use_two_region_memory                  0x0800058d   Thumb Code     2  heapauxi.o(.text)
    __rt_heap_escrow$2region                 0x0800058f   Thumb Code     2  heapauxi.o(.text)
    __rt_heap_expand$2region                 0x08000591   Thumb Code     2  heapauxi.o(.text)
    __semihosting$guard                      0x08000593   Thumb Code     0  use_no_semi.o(.text)
    __use_no_semihosting_swi                 0x08000593   Thumb Code     2  use_no_semi.o(.text)
    _printf_int_common                       0x08000595   Thumb Code   178  _printf_intcommon.o(.text)
    _printf_char_common                      0x08000653   Thumb Code    32  _printf_char_common.o(.text)
    _printf_cs_common                        0x08000679   Thumb Code    20  _printf_char.o(.text)
    _printf_char                             0x0800068d   Thumb Code    16  _printf_char.o(.text)
    _printf_string                           0x0800069d   Thumb Code     8  _printf_char.o(.text)
    _printf_char_file                        0x080006a5   Thumb Code    32  _printf_char_file.o(.text)
    __aeabi_memcpy4                          0x080006c9   Thumb Code     0  rt_memcpy_w.o(.text)
    __aeabi_memcpy8                          0x080006c9   Thumb Code     0  rt_memcpy_w.o(.text)
    __rt_memcpy_w                            0x080006c9   Thumb Code   100  rt_memcpy_w.o(.text)
    _memcpy_lastbytes_aligned                0x08000711   Thumb Code     0  rt_memcpy_w.o(.text)
    ferror                                   0x0800072d   Thumb Code     8  ferror.o(.text)
    __user_setup_stackheap                   0x08000735   Thumb Code    74  sys_stackheap_outer.o(.text)
    exit                                     0x0800077f   Thumb Code    18  exit.o(.text)
    __user_libspace                          0x08000791   Thumb Code     8  libspace.o(.text)
    __user_perproc_libspace                  0x08000791   Thumb Code     0  libspace.o(.text)
    __user_perthread_libspace                0x08000791   Thumb Code     0  libspace.o(.text)
    BusFault_Handler                         0x08000799   Thumb Code     4  stm32f1xx_it.o(i.BusFault_Handler)
    DebugMon_Handler                         0x0800079d   Thumb Code     2  stm32f1xx_it.o(i.DebugMon_Handler)
    HAL_DMA_Abort_IT                         0x080007a1   Thumb Code   414  stm32f1xx_hal_dma.o(i.HAL_DMA_Abort_IT)
    HAL_GPIO_Init                            0x08000949   Thumb Code   792  stm32f1xx_hal_gpio.o(i.HAL_GPIO_Init)
    HAL_GPIO_ReadPin                         0x08000c89   Thumb Code    16  stm32f1xx_hal_gpio.o(i.HAL_GPIO_ReadPin)
    HAL_GPIO_TogglePin                       0x08000c99   Thumb Code    20  stm32f1xx_hal_gpio.o(i.HAL_GPIO_TogglePin)
    HAL_GPIO_WritePin                        0x08000cad   Thumb Code    12  stm32f1xx_hal_gpio.o(i.HAL_GPIO_WritePin)
    HAL_GetTick                              0x08000cb9   Thumb Code     6  stm32f1xx_hal.o(i.HAL_GetTick)
    HAL_IncTick                              0x08000cc5   Thumb Code    16  stm32f1xx_hal.o(i.HAL_IncTick)
    HAL_Init                                 0x08000cdd   Thumb Code    34  stm32f1xx_hal.o(i.HAL_Init)
    HAL_InitTick                             0x08000d05   Thumb Code    64  stm32f1xx_hal.o(i.HAL_InitTick)
    HAL_MspInit                              0x08000d51   Thumb Code     2  stm32f1xx_hal.o(i.HAL_MspInit)
    HAL_NVIC_EnableIRQ                       0x08000d53   Thumb Code    32  stm32f1xx_hal_cortex.o(i.HAL_NVIC_EnableIRQ)
    HAL_NVIC_SetPriority                     0x08000d73   Thumb Code   124  stm32f1xx_hal_cortex.o(i.HAL_NVIC_SetPriority)
    HAL_NVIC_SetPriorityGrouping             0x08000df1   Thumb Code    32  stm32f1xx_hal_cortex.o(i.HAL_NVIC_SetPriorityGrouping)
    HAL_RCC_ClockConfig                      0x08000e19   Thumb Code   376  stm32f1xx_hal_rcc.o(i.HAL_RCC_ClockConfig)
    HAL_RCC_GetHCLKFreq                      0x08000fa5   Thumb Code     6  stm32f1xx_hal_rcc.o(i.HAL_RCC_GetHCLKFreq)
    HAL_RCC_GetPCLK1Freq                     0x08000fb1   Thumb Code    22  stm32f1xx_hal_rcc.o(i.HAL_RCC_GetPCLK1Freq)
    HAL_RCC_GetPCLK2Freq                     0x08000fd1   Thumb Code    22  stm32f1xx_hal_rcc.o(i.HAL_RCC_GetPCLK2Freq)
    HAL_RCC_GetSysClockFreq                  0x08000ff1   Thumb Code   116  stm32f1xx_hal_rcc.o(i.HAL_RCC_GetSysClockFreq)
    HAL_RCC_OscConfig                        0x08001085   Thumb Code  1114  stm32f1xx_hal_rcc.o(i.HAL_RCC_OscConfig)
    HAL_SYSTICK_CLKSourceConfig              0x080014e9   Thumb Code    40  stm32f1xx_hal_cortex.o(i.HAL_SYSTICK_CLKSourceConfig)
    HAL_SYSTICK_Config                       0x08001511   Thumb Code    52  stm32f1xx_hal_cortex.o(i.HAL_SYSTICK_Config)
    HAL_TIMEx_BreakCallback                  0x08001545   Thumb Code     2  stm32f1xx_hal_tim_ex.o(i.HAL_TIMEx_BreakCallback)
    HAL_TIMEx_CommutCallback                 0x08001547   Thumb Code     2  stm32f1xx_hal_tim_ex.o(i.HAL_TIMEx_CommutCallback)
    HAL_TIM_IC_CaptureCallback               0x08001549   Thumb Code     2  stm32f1xx_hal_tim.o(i.HAL_TIM_IC_CaptureCallback)
    HAL_TIM_IRQHandler                       0x0800154b   Thumb Code   406  stm32f1xx_hal_tim.o(i.HAL_TIM_IRQHandler)
    HAL_TIM_OC_DelayElapsedCallback          0x080016e1   Thumb Code     2  stm32f1xx_hal_tim.o(i.HAL_TIM_OC_DelayElapsedCallback)
    HAL_TIM_PWM_PulseFinishedCallback        0x080016e3   Thumb Code     2  stm32f1xx_hal_tim.o(i.HAL_TIM_PWM_PulseFinishedCallback)
    HAL_TIM_PeriodElapsedCallback            0x080016e5   Thumb Code    26  btim.o(i.HAL_TIM_PeriodElapsedCallback)
    HAL_TIM_TriggerCallback                  0x08001709   Thumb Code     2  stm32f1xx_hal_tim.o(i.HAL_TIM_TriggerCallback)
    HAL_UART_ErrorCallback                   0x0800170b   Thumb Code     2  stm32f1xx_hal_uart.o(i.HAL_UART_ErrorCallback)
    HAL_UART_IRQHandler                      0x0800170d   Thumb Code   334  stm32f1xx_hal_uart.o(i.HAL_UART_IRQHandler)
    HAL_UART_Init                            0x08001861   Thumb Code   114  stm32f1xx_hal_uart.o(i.HAL_UART_Init)
    HAL_UART_MspInit                         0x080018d5   Thumb Code   168  usart.o(i.HAL_UART_MspInit)
    HAL_UART_Receive_IT                      0x08001989   Thumb Code   112  stm32f1xx_hal_uart.o(i.HAL_UART_Receive_IT)
    HAL_UART_RxCpltCallback                  0x080019f9   Thumb Code   134  usart.o(i.HAL_UART_RxCpltCallback)
    HAL_UART_TxCpltCallback                  0x08001a95   Thumb Code     2  stm32f1xx_hal_uart.o(i.HAL_UART_TxCpltCallback)
    HardFault_Handler                        0x08001a97   Thumb Code     4  stm32f1xx_it.o(i.HardFault_Handler)
    MemManage_Handler                        0x08001a9b   Thumb Code     4  stm32f1xx_it.o(i.MemManage_Handler)
    NMI_Handler                              0x08001a9f   Thumb Code     2  stm32f1xx_it.o(i.NMI_Handler)
    SysTick_Handler                          0x08001ac9   Thumb Code    20  delay.o(i.SysTick_Handler)
    SystemInit                               0x08001add   Thumb Code     2  system_stm32f1xx.o(i.SystemInit)
    TIM6_IRQHandler                          0x08001ae1   Thumb Code    10  btim.o(i.TIM6_IRQHandler)
    USART1_IRQHandler                        0x08001d41   Thumb Code    26  usart.o(i.USART1_IRQHandler)
    UsageFault_Handler                       0x08001d65   Thumb Code     4  stm32f1xx_it.o(i.UsageFault_Handler)
    _sys_exit                                0x08001da1   Thumb Code     4  usart.o(i._sys_exit)
    delay_init                               0x08001da5   Thumb Code    72  delay.o(i.delay_init)
    delay_ms                                 0x08001df1   Thumb Code    24  delay.o(i.delay_ms)
    delay_us                                 0x08001e09   Thumb Code    68  delay.o(i.delay_us)
    fputc                                    0x08001e51   Thumb Code    24  usart.o(i.fputc)
    freertos_demo                            0x08001e6d   Thumb Code    36  freertos_demo.o(i.freertos_demo)
    key_init                                 0x08001ead   Thumb Code   174  key.o(i.key_init)
    key_scan                                 0x08001f69   Thumb Code   152  key.o(i.key_scan)
    lcd_clear                                0x0800200d   Thumb Code   114  lcd.o(i.lcd_clear)
    lcd_display_dir                          0x0800208d   Thumb Code   360  lcd.o(i.lcd_display_dir)
    lcd_ex_ili9341_reginit                   0x080021f9   Thumb Code  1358  lcd.o(i.lcd_ex_ili9341_reginit)
    lcd_ex_ili9806_reginit                   0x08002751   Thumb Code  1706  lcd.o(i.lcd_ex_ili9806_reginit)
    lcd_ex_nt35310_reginit                   0x08002e05   Thumb Code  5642  lcd.o(i.lcd_ex_nt35310_reginit)
    lcd_ex_nt35510_reginit                   0x08004419   Thumb Code  3908  lcd.o(i.lcd_ex_nt35510_reginit)
    lcd_ex_ssd1963_reginit                   0x08005365   Thumb Code   866  lcd.o(i.lcd_ex_ssd1963_reginit)
    lcd_ex_st7789_reginit                    0x080056d1   Thumb Code  1046  lcd.o(i.lcd_ex_st7789_reginit)
    lcd_ex_st7796_reginit                    0x08005ae9   Thumb Code  1182  lcd.o(i.lcd_ex_st7796_reginit)
    lcd_init                                 0x08005f91   Thumb Code  1432  lcd.o(i.lcd_init)
    lcd_scan_dir                             0x080065bd   Thumb Code  1306  lcd.o(i.lcd_scan_dir)
    lcd_set_cursor                           0x08006ae5   Thumb Code  1094  lcd.o(i.lcd_set_cursor)
    lcd_ssd_backlight_set                    0x08006f35   Thumb Code   252  lcd.o(i.lcd_ssd_backlight_set)
    lcd_wr_xdata                             0x0800703d   Thumb Code    32  lcd.o(i.lcd_wr_xdata)
    lcd_write_reg                            0x08007065   Thumb Code    70  lcd.o(i.lcd_write_reg)
    led_init                                 0x080070b5   Thumb Code   132  led.o(i.led_init)
    main                                     0x08007145   Thumb Code    48  main.o(i.main)
    pxPortInitialiseStack                    0x08007ca1   Thumb Code    30  port.o(i.pxPortInitialiseStack)
    start_task                               0x08007cc5   Thumb Code   104  freertos_demo.o(i.start_task)
    sys_stm32_clock_init                     0x08007d75   Thumb Code   102  sys.o(i.sys_stm32_clock_init)
    task1                                    0x08007ddd   Thumb Code    32  freertos_demo.o(i.task1)
    task2                                    0x08007e19   Thumb Code    30  freertos_demo.o(i.task2)
    task3                                    0x08007e55   Thumb Code    56  freertos_demo.o(i.task3)
    usart_init                               0x08007eb9   Thumb Code    44  usart.o(i.usart_init)
    uxListRemove                             0x08007ef1   Thumb Code    40  list.o(i.uxListRemove)
    uxTaskGetNumberOfTasks                   0x08007f19   Thumb Code     6  tasks.o(i.uxTaskGetNumberOfTasks)
    vApplicationGetIdleTaskMemory            0x08007f25   Thumb Code    14  freertos_demo.o(i.vApplicationGetIdleTaskMemory)
    vApplicationGetTimerTaskMemory           0x08007f3d   Thumb Code    16  freertos_demo.o(i.vApplicationGetTimerTaskMemory)
    vListInitialise                          0x08007f55   Thumb Code    26  list.o(i.vListInitialise)
    vListInitialiseItem                      0x08007f6f   Thumb Code     6  list.o(i.vListInitialiseItem)
    vListInsert                              0x08007f75   Thumb Code    52  list.o(i.vListInsert)
    vListInsertEnd                           0x08007fa9   Thumb Code    24  list.o(i.vListInsertEnd)
    vPortEnterCritical                       0x08007fc1   Thumb Code    68  port.o(i.vPortEnterCritical)
    vPortExitCritical                        0x08008055   Thumb Code    48  port.o(i.vPortExitCritical)
    vPortFree                                0x080080d1   Thumb Code   112  heap_4.o(i.vPortFree)
    vPortSetupTimerInterrupt                 0x08008191   Thumb Code    38  port.o(i.vPortSetupTimerInterrupt)
    vQueueAddToRegistry                      0x080081bd   Thumb Code    84  queue.o(i.vQueueAddToRegistry)
    vQueueWaitForMessageRestricted           0x08008249   Thumb Code    74  queue.o(i.vQueueWaitForMessageRestricted)
    vTaskDelay                               0x08008295   Thumb Code    72  tasks.o(i.vTaskDelay)
    vTaskDelete                              0x08008319   Thumb Code   200  tasks.o(i.vTaskDelete)
    vTaskInternalSetTimeOutState             0x0800843d   Thumb Code    14  tasks.o(i.vTaskInternalSetTimeOutState)
    vTaskMissedYield                         0x08008455   Thumb Code     8  tasks.o(i.vTaskMissedYield)
    vTaskPlaceOnEventList                    0x08008461   Thumb Code    42  tasks.o(i.vTaskPlaceOnEventList)
    vTaskPlaceOnEventListRestricted          0x080084c5   Thumb Code    84  tasks.o(i.vTaskPlaceOnEventListRestricted)
    vTaskStartScheduler                      0x08008551   Thumb Code   150  tasks.o(i.vTaskStartScheduler)
    vTaskSuspendAll                          0x0800863d   Thumb Code    12  tasks.o(i.vTaskSuspendAll)
    vTaskSwitchContext                       0x0800864d   Thumb Code   110  tasks.o(i.vTaskSwitchContext)
    xPortStartScheduler                      0x08008705   Thumb Code   240  port.o(i.xPortStartScheduler)
    xPortSysTickHandler                      0x08008851   Thumb Code    46  port.o(i.xPortSysTickHandler)
    xQueueGenericCreateStatic                0x08008885   Thumb Code   126  queue.o(i.xQueueGenericCreateStatic)
    xQueueGenericReset                       0x08008939   Thumb Code   194  queue.o(i.xQueueGenericReset)
    xQueueReceive                            0x08008a35   Thumb Code   326  queue.o(i.xQueueReceive)
    xTaskCheckForTimeOut                     0x08008bb5   Thumb Code   140  tasks.o(i.xTaskCheckForTimeOut)
    xTaskCreateStatic                        0x08008c81   Thumb Code   162  tasks.o(i.xTaskCreateStatic)
    xTaskGetSchedulerState                   0x08008d59   Thumb Code    24  tasks.o(i.xTaskGetSchedulerState)
    xTaskGetTickCount                        0x08008d79   Thumb Code     6  tasks.o(i.xTaskGetTickCount)
    xTaskIncrementTick                       0x08008d85   Thumb Code   390  tasks.o(i.xTaskIncrementTick)
    xTaskPriorityDisinherit                  0x08008f6d   Thumb Code   206  tasks.o(i.xTaskPriorityDisinherit)
    xTaskRemoveFromEventList                 0x0800907d   Thumb Code   254  tasks.o(i.xTaskRemoveFromEventList)
    xTaskResumeAll                           0x080091c9   Thumb Code   328  tasks.o(i.xTaskResumeAll)
    xTimerCreateTimerTask                    0x08009369   Thumb Code    90  timers.o(i.xTimerCreateTimerTask)
    __aeabi_d2uiz                            0x0800940d   Thumb Code     0  dfixu.o(x$fpl$dfixu)
    _dfixu                                   0x0800940d   Thumb Code    90  dfixu.o(x$fpl$dfixu)
    __aeabi_ui2d                             0x08009467   Thumb Code     0  dflt_clz.o(x$fpl$dfltu)
    _dfltu                                   0x08009467   Thumb Code    38  dflt_clz.o(x$fpl$dfltu)
    __aeabi_dmul                             0x0800948d   Thumb Code     0  dmul.o(x$fpl$dmul)
    _dmul                                    0x0800948d   Thumb Code   332  dmul.o(x$fpl$dmul)
    __fpl_dnaninf                            0x080095e1   Thumb Code   156  dnaninf.o(x$fpl$dnaninf)
    __fpl_dretinf                            0x0800967d   Thumb Code    12  dretinf.o(x$fpl$dretinf)
    AHBPrescTable                            0x08009688   Data          16  system_stm32f1xx.o(.constdata)
    __I$use$fp                               0x08009688   Number         0  usenofp.o(x$fpl$usenofp)
    APBPrescTable                            0x08009698   Data           8  system_stm32f1xx.o(.constdata)
    Region$$Table$$Base                      0x080096c8   Number         0  anon$$obj.o(Region$$Table)
    Region$$Table$$Limit                     0x080096e8   Number         0  anon$$obj.o(Region$$Table)
    SystemCoreClock                          0x20000000   Data           4  system_stm32f1xx.o(.data)
    start_task_handler                       0x20000004   Data           4  freertos_demo.o(.data)
    task1_handler                            0x20000008   Data           4  freertos_demo.o(.data)
    task2_handler                            0x2000000c   Data           4  freertos_demo.o(.data)
    task3_handler                            0x20000010   Data           4  freertos_demo.o(.data)
    __stdout                                 0x20000018   Data           4  usart.o(.data)
    g_usart_rx_sta                           0x2000001c   Data           2  usart.o(.data)
    g_rx_buffer                              0x2000001e   Data           1  usart.o(.data)
    uwTick                                   0x20000020   Data           4  stm32f1xx_hal.o(.data)
    uwTickPrio                               0x20000024   Data           4  stm32f1xx_hal.o(.data)
    uwTickFreq                               0x20000028   Data           1  stm32f1xx_hal.o(.data)
    pxCurrentTCB                             0x2000002c   Data           4  tasks.o(.data)
    uxTopUsedPriority                        0x20000064   Data           4  tasks.o(.data)
    start_task_stack                         0x200000a8   Data         512  freertos_demo.o(.bss)
    start_task_tcb                           0x200002a8   Data          92  freertos_demo.o(.bss)
    task1_stack                              0x20000304   Data         512  freertos_demo.o(.bss)
    task1_tcb                                0x20000504   Data          92  freertos_demo.o(.bss)
    task2_stack                              0x20000560   Data         512  freertos_demo.o(.bss)
    task2_tcb                                0x20000760   Data          92  freertos_demo.o(.bss)
    task3_stack                              0x200007bc   Data         512  freertos_demo.o(.bss)
    task3_tcb                                0x200009bc   Data          92  freertos_demo.o(.bss)
    idle_task_tcb                            0x20000a18   Data          92  freertos_demo.o(.bss)
    idle_task_stack                          0x20000a74   Data         512  freertos_demo.o(.bss)
    timer_task_tcb                           0x20000c74   Data          92  freertos_demo.o(.bss)
    timer_task_stack                         0x20000cd0   Data        1024  freertos_demo.o(.bss)
    g_usart_rx_buf                           0x200010d0   Data         200  usart.o(.bss)
    g_uart1_handle                           0x20001198   Data          64  usart.o(.bss)
    lcddev                                   0x200011d8   Data          14  lcd.o(.bss)
    g_timx_handle                            0x200011e8   Data          72  btim.o(.bss)
    xQueueRegistry                           0x20001230   Data          64  queue.o(.bss)
    __libspace_start                         0x20001620   Data          96  libspace.o(.bss)
    __temporary_stack_top$libspace           0x20001680   Data           0  libspace.o(.bss)



==============================================================================

Memory Map of the image

  Image Entry point : 0x08000131

  Load Region LR_IROM1 (Base: 0x08000000, Size: 0x00009790, Max: 0x00040000, ABSOLUTE)

    Execution Region ER_IROM1 (Exec base: 0x08000000, Load base: 0x08000000, Size: 0x000096e8, Max: 0x00040000, ABSOLUTE)

    Exec Addr    Load Addr    Size         Type   Attr      Idx    E Section Name        Object

    0x08000000   0x08000000   0x00000130   Data   RO            3    RESET               startup_stm32f103xe.o
    0x08000130   0x08000130   0x00000008   Code   RO         5457  * !!!main             c_w.l(__main.o)
    0x08000138   0x08000138   0x00000034   Code   RO         5645    !!!scatter          c_w.l(__scatter.o)
    0x0800016c   0x0800016c   0x0000001a   Code   RO         5647    !!handler_copy      c_w.l(__scatter_copy.o)
    0x08000186   0x08000186   0x00000002   PAD
    0x08000188   0x08000188   0x0000001c   Code   RO         5649    !!handler_zi        c_w.l(__scatter_zi.o)
    0x080001a4   0x080001a4   0x00000000   Code   RO         5440    .ARM.Collect$$_printf_percent$$00000000  c_w.l(_printf_percent.o)
    0x080001a4   0x080001a4   0x00000006   Code   RO         5438    .ARM.Collect$$_printf_percent$$00000009  c_w.l(_printf_d.o)
    0x080001aa   0x080001aa   0x00000006   Code   RO         5437    .ARM.Collect$$_printf_percent$$0000000C  c_w.l(_printf_x.o)
    0x080001b0   0x080001b0   0x00000006   Code   RO         5436    .ARM.Collect$$_printf_percent$$00000014  c_w.l(_printf_s.o)
    0x080001b6   0x080001b6   0x00000004   Code   RO         5484    .ARM.Collect$$_printf_percent$$00000017  c_w.l(_printf_percent_end.o)
    0x080001ba   0x080001ba   0x00000002   Code   RO         5522    .ARM.Collect$$libinit$$00000000  c_w.l(libinit.o)
    0x080001bc   0x080001bc   0x00000000   Code   RO         5529    .ARM.Collect$$libinit$$00000002  c_w.l(libinit2.o)
    0x080001bc   0x080001bc   0x00000000   Code   RO         5531    .ARM.Collect$$libinit$$00000004  c_w.l(libinit2.o)
    0x080001bc   0x080001bc   0x00000000   Code   RO         5534    .ARM.Collect$$libinit$$0000000A  c_w.l(libinit2.o)
    0x080001bc   0x080001bc   0x00000000   Code   RO         5536    .ARM.Collect$$libinit$$0000000C  c_w.l(libinit2.o)
    0x080001bc   0x080001bc   0x00000000   Code   RO         5538    .ARM.Collect$$libinit$$0000000E  c_w.l(libinit2.o)
    0x080001bc   0x080001bc   0x00000000   Code   RO         5541    .ARM.Collect$$libinit$$00000011  c_w.l(libinit2.o)
    0x080001bc   0x080001bc   0x00000000   Code   RO         5543    .ARM.Collect$$libinit$$00000013  c_w.l(libinit2.o)
    0x080001bc   0x080001bc   0x00000000   Code   RO         5545    .ARM.Collect$$libinit$$00000015  c_w.l(libinit2.o)
    0x080001bc   0x080001bc   0x00000000   Code   RO         5547    .ARM.Collect$$libinit$$00000017  c_w.l(libinit2.o)
    0x080001bc   0x080001bc   0x00000000   Code   RO         5549    .ARM.Collect$$libinit$$00000019  c_w.l(libinit2.o)
    0x080001bc   0x080001bc   0x00000000   Code   RO         5551    .ARM.Collect$$libinit$$0000001B  c_w.l(libinit2.o)
    0x080001bc   0x080001bc   0x00000000   Code   RO         5553    .ARM.Collect$$libinit$$0000001D  c_w.l(libinit2.o)
    0x080001bc   0x080001bc   0x00000000   Code   RO         5555    .ARM.Collect$$libinit$$0000001F  c_w.l(libinit2.o)
    0x080001bc   0x080001bc   0x00000000   Code   RO         5557    .ARM.Collect$$libinit$$00000021  c_w.l(libinit2.o)
    0x080001bc   0x080001bc   0x00000000   Code   RO         5559    .ARM.Collect$$libinit$$00000023  c_w.l(libinit2.o)
    0x080001bc   0x080001bc   0x00000000   Code   RO         5561    .ARM.Collect$$libinit$$00000025  c_w.l(libinit2.o)
    0x080001bc   0x080001bc   0x00000000   Code   RO         5565    .ARM.Collect$$libinit$$0000002C  c_w.l(libinit2.o)
    0x080001bc   0x080001bc   0x00000000   Code   RO         5567    .ARM.Collect$$libinit$$0000002E  c_w.l(libinit2.o)
    0x080001bc   0x080001bc   0x00000000   Code   RO         5569    .ARM.Collect$$libinit$$00000030  c_w.l(libinit2.o)
    0x080001bc   0x080001bc   0x00000000   Code   RO         5571    .ARM.Collect$$libinit$$00000032  c_w.l(libinit2.o)
    0x080001bc   0x080001bc   0x00000002   Code   RO         5572    .ARM.Collect$$libinit$$00000033  c_w.l(libinit2.o)
    0x080001be   0x080001be   0x00000002   Code   RO         5590    .ARM.Collect$$libshutdown$$00000000  c_w.l(libshutdown.o)
    0x080001c0   0x080001c0   0x00000000   Code   RO         5598    .ARM.Collect$$libshutdown$$00000002  c_w.l(libshutdown2.o)
    0x080001c0   0x080001c0   0x00000000   Code   RO         5600    .ARM.Collect$$libshutdown$$00000004  c_w.l(libshutdown2.o)
    0x080001c0   0x080001c0   0x00000000   Code   RO         5602    .ARM.Collect$$libshutdown$$00000006  c_w.l(libshutdown2.o)
    0x080001c0   0x080001c0   0x00000000   Code   RO         5605    .ARM.Collect$$libshutdown$$00000009  c_w.l(libshutdown2.o)
    0x080001c0   0x080001c0   0x00000000   Code   RO         5608    .ARM.Collect$$libshutdown$$0000000C  c_w.l(libshutdown2.o)
    0x080001c0   0x080001c0   0x00000000   Code   RO         5610    .ARM.Collect$$libshutdown$$0000000E  c_w.l(libshutdown2.o)
    0x080001c0   0x080001c0   0x00000000   Code   RO         5613    .ARM.Collect$$libshutdown$$00000011  c_w.l(libshutdown2.o)
    0x080001c0   0x080001c0   0x00000002   Code   RO         5614    .ARM.Collect$$libshutdown$$00000012  c_w.l(libshutdown2.o)
    0x080001c2   0x080001c2   0x00000000   Code   RO         5473    .ARM.Collect$$rtentry$$00000000  c_w.l(__rtentry.o)
    0x080001c2   0x080001c2   0x00000000   Code   RO         5493    .ARM.Collect$$rtentry$$00000002  c_w.l(__rtentry2.o)
    0x080001c2   0x080001c2   0x00000006   Code   RO         5505    .ARM.Collect$$rtentry$$00000004  c_w.l(__rtentry4.o)
    0x080001c8   0x080001c8   0x00000000   Code   RO         5495    .ARM.Collect$$rtentry$$00000009  c_w.l(__rtentry2.o)
    0x080001c8   0x080001c8   0x00000004   Code   RO         5496    .ARM.Collect$$rtentry$$0000000A  c_w.l(__rtentry2.o)
    0x080001cc   0x080001cc   0x00000000   Code   RO         5498    .ARM.Collect$$rtentry$$0000000C  c_w.l(__rtentry2.o)
    0x080001cc   0x080001cc   0x00000008   Code   RO         5499    .ARM.Collect$$rtentry$$0000000D  c_w.l(__rtentry2.o)
    0x080001d4   0x080001d4   0x00000002   Code   RO         5526    .ARM.Collect$$rtexit$$00000000  c_w.l(rtexit.o)
    0x080001d6   0x080001d6   0x00000000   Code   RO         5574    .ARM.Collect$$rtexit$$00000002  c_w.l(rtexit2.o)
    0x080001d6   0x080001d6   0x00000004   Code   RO         5575    .ARM.Collect$$rtexit$$00000003  c_w.l(rtexit2.o)
    0x080001da   0x080001da   0x00000006   Code   RO         5576    .ARM.Collect$$rtexit$$00000004  c_w.l(rtexit2.o)
    0x080001e0   0x080001e0   0x00000096   Code   RO         5290    .emb_text           port.o
    0x08000276   0x08000276   0x00000002   PAD
    0x08000278   0x08000278   0x00000040   Code   RO            4    .text               startup_stm32f103xe.o
    0x080002b8   0x080002b8   0x00000002   Code   RO         5378    .text               c_w.l(use_no_semi_2.o)
    0x080002ba   0x080002ba   0x00000002   PAD
    0x080002bc   0x080002bc   0x00000018   Code   RO         5384    .text               c_w.l(noretval__2printf.o)
    0x080002d4   0x080002d4   0x00000068   Code   RO         5388    .text               c_w.l(__printf.o)
    0x0800033c   0x0800033c   0x00000052   Code   RO         5390    .text               c_w.l(_printf_str.o)
    0x0800038e   0x0800038e   0x00000002   PAD
    0x08000390   0x08000390   0x00000078   Code   RO         5392    .text               c_w.l(_printf_dec.o)
    0x08000408   0x08000408   0x00000058   Code   RO         5397    .text               c_w.l(_printf_hex_int.o)
    0x08000460   0x08000460   0x0000008a   Code   RO         5445    .text               c_w.l(rt_memcpy_v6.o)
    0x080004ea   0x080004ea   0x00000010   Code   RO         5449    .text               c_w.l(aeabi_memset.o)
    0x080004fa   0x080004fa   0x00000044   Code   RO         5451    .text               c_w.l(rt_memclr.o)
    0x0800053e   0x0800053e   0x0000004e   Code   RO         5453    .text               c_w.l(rt_memclr_w.o)
    0x0800058c   0x0800058c   0x00000006   Code   RO         5455    .text               c_w.l(heapauxi.o)
    0x08000592   0x08000592   0x00000002   Code   RO         5471    .text               c_w.l(use_no_semi.o)
    0x08000594   0x08000594   0x000000b2   Code   RO         5474    .text               c_w.l(_printf_intcommon.o)
    0x08000646   0x08000646   0x00000002   PAD
    0x08000648   0x08000648   0x00000030   Code   RO         5476    .text               c_w.l(_printf_char_common.o)
    0x08000678   0x08000678   0x0000002c   Code   RO         5480    .text               c_w.l(_printf_char.o)
    0x080006a4   0x080006a4   0x00000024   Code   RO         5482    .text               c_w.l(_printf_char_file.o)
    0x080006c8   0x080006c8   0x00000064   Code   RO         5485    .text               c_w.l(rt_memcpy_w.o)
    0x0800072c   0x0800072c   0x00000008   Code   RO         5509    .text               c_w.l(ferror.o)
    0x08000734   0x08000734   0x0000004a   Code   RO         5513    .text               c_w.l(sys_stackheap_outer.o)
    0x0800077e   0x0800077e   0x00000012   Code   RO         5515    .text               c_w.l(exit.o)
    0x08000790   0x08000790   0x00000008   Code   RO         5523    .text               c_w.l(libspace.o)
    0x08000798   0x08000798   0x00000004   Code   RO          447    i.BusFault_Handler  stm32f1xx_it.o
    0x0800079c   0x0800079c   0x00000002   Code   RO          448    i.DebugMon_Handler  stm32f1xx_it.o
    0x0800079e   0x0800079e   0x00000002   PAD
    0x080007a0   0x080007a0   0x000001a8   Code   RO         1435    i.HAL_DMA_Abort_IT  stm32f1xx_hal_dma.o
    0x08000948   0x08000948   0x00000340   Code   RO         1531    i.HAL_GPIO_Init     stm32f1xx_hal_gpio.o
    0x08000c88   0x08000c88   0x00000010   Code   RO         1533    i.HAL_GPIO_ReadPin  stm32f1xx_hal_gpio.o
    0x08000c98   0x08000c98   0x00000014   Code   RO         1534    i.HAL_GPIO_TogglePin  stm32f1xx_hal_gpio.o
    0x08000cac   0x08000cac   0x0000000c   Code   RO         1535    i.HAL_GPIO_WritePin  stm32f1xx_hal_gpio.o
    0x08000cb8   0x08000cb8   0x0000000c   Code   RO         1148    i.HAL_GetTick       stm32f1xx_hal.o
    0x08000cc4   0x08000cc4   0x00000018   Code   RO         1154    i.HAL_IncTick       stm32f1xx_hal.o
    0x08000cdc   0x08000cdc   0x00000028   Code   RO         1155    i.HAL_Init          stm32f1xx_hal.o
    0x08000d04   0x08000d04   0x0000004c   Code   RO         1156    i.HAL_InitTick      stm32f1xx_hal.o
    0x08000d50   0x08000d50   0x00000002   Code   RO         1158    i.HAL_MspInit       stm32f1xx_hal.o
    0x08000d52   0x08000d52   0x00000020   Code   RO         1313    i.HAL_NVIC_EnableIRQ  stm32f1xx_hal_cortex.o
    0x08000d72   0x08000d72   0x0000007c   Code   RO         1319    i.HAL_NVIC_SetPriority  stm32f1xx_hal_cortex.o
    0x08000dee   0x08000dee   0x00000002   PAD
    0x08000df0   0x08000df0   0x00000028   Code   RO         1320    i.HAL_NVIC_SetPriorityGrouping  stm32f1xx_hal_cortex.o
    0x08000e18   0x08000e18   0x0000018c   Code   RO         1756    i.HAL_RCC_ClockConfig  stm32f1xx_hal_rcc.o
    0x08000fa4   0x08000fa4   0x0000000c   Code   RO         1761    i.HAL_RCC_GetHCLKFreq  stm32f1xx_hal_rcc.o
    0x08000fb0   0x08000fb0   0x00000020   Code   RO         1763    i.HAL_RCC_GetPCLK1Freq  stm32f1xx_hal_rcc.o
    0x08000fd0   0x08000fd0   0x00000020   Code   RO         1764    i.HAL_RCC_GetPCLK2Freq  stm32f1xx_hal_rcc.o
    0x08000ff0   0x08000ff0   0x00000094   Code   RO         1765    i.HAL_RCC_GetSysClockFreq  stm32f1xx_hal_rcc.o
    0x08001084   0x08001084   0x00000464   Code   RO         1768    i.HAL_RCC_OscConfig  stm32f1xx_hal_rcc.o
    0x080014e8   0x080014e8   0x00000028   Code   RO         1322    i.HAL_SYSTICK_CLKSourceConfig  stm32f1xx_hal_cortex.o
    0x08001510   0x08001510   0x00000034   Code   RO         1324    i.HAL_SYSTICK_Config  stm32f1xx_hal_cortex.o
    0x08001544   0x08001544   0x00000002   Code   RO         3212    i.HAL_TIMEx_BreakCallback  stm32f1xx_hal_tim_ex.o
    0x08001546   0x08001546   0x00000002   Code   RO         3213    i.HAL_TIMEx_CommutCallback  stm32f1xx_hal_tim_ex.o
    0x08001548   0x08001548   0x00000002   Code   RO         2531    i.HAL_TIM_IC_CaptureCallback  stm32f1xx_hal_tim.o
    0x0800154a   0x0800154a   0x00000196   Code   RO         2545    i.HAL_TIM_IRQHandler  stm32f1xx_hal_tim.o
    0x080016e0   0x080016e0   0x00000002   Code   RO         2548    i.HAL_TIM_OC_DelayElapsedCallback  stm32f1xx_hal_tim.o
    0x080016e2   0x080016e2   0x00000002   Code   RO         2575    i.HAL_TIM_PWM_PulseFinishedCallback  stm32f1xx_hal_tim.o
    0x080016e4   0x080016e4   0x00000024   Code   RO         3807    i.HAL_TIM_PeriodElapsedCallback  btim.o
    0x08001708   0x08001708   0x00000002   Code   RO         2588    i.HAL_TIM_TriggerCallback  stm32f1xx_hal_tim.o
    0x0800170a   0x0800170a   0x00000002   Code   RO         1919    i.HAL_UART_ErrorCallback  stm32f1xx_hal_uart.o
    0x0800170c   0x0800170c   0x00000154   Code   RO         1922    i.HAL_UART_IRQHandler  stm32f1xx_hal_uart.o
    0x08001860   0x08001860   0x00000072   Code   RO         1923    i.HAL_UART_Init     stm32f1xx_hal_uart.o
    0x080018d2   0x080018d2   0x00000002   PAD
    0x080018d4   0x080018d4   0x000000b4   Code   RO         1060    i.HAL_UART_MspInit  usart.o
    0x08001988   0x08001988   0x00000070   Code   RO         1928    i.HAL_UART_Receive_IT  stm32f1xx_hal_uart.o
    0x080019f8   0x080019f8   0x0000009c   Code   RO         1061    i.HAL_UART_RxCpltCallback  usart.o
    0x08001a94   0x08001a94   0x00000002   Code   RO         1934    i.HAL_UART_TxCpltCallback  stm32f1xx_hal_uart.o
    0x08001a96   0x08001a96   0x00000004   Code   RO          449    i.HardFault_Handler  stm32f1xx_it.o
    0x08001a9a   0x08001a9a   0x00000004   Code   RO          450    i.MemManage_Handler  stm32f1xx_it.o
    0x08001a9e   0x08001a9e   0x00000002   Code   RO          451    i.NMI_Handler       stm32f1xx_it.o
    0x08001aa0   0x08001aa0   0x00000028   Code   RO         1769    i.RCC_Delay         stm32f1xx_hal_rcc.o
    0x08001ac8   0x08001ac8   0x00000014   Code   RO          929    i.SysTick_Handler   delay.o
    0x08001adc   0x08001adc   0x00000002   Code   RO          247    i.SystemInit        system_stm32f1xx.o
    0x08001ade   0x08001ade   0x00000002   PAD
    0x08001ae0   0x08001ae0   0x00000010   Code   RO         3808    i.TIM6_IRQHandler   btim.o
    0x08001af0   0x08001af0   0x00000014   Code   RO         1936    i.UART_DMAAbortOnError  stm32f1xx_hal_uart.o
    0x08001b04   0x08001b04   0x00000020   Code   RO         1946    i.UART_EndRxTransfer  stm32f1xx_hal_uart.o
    0x08001b24   0x08001b24   0x00000020   Code   RO         1947    i.UART_EndTransmit_IT  stm32f1xx_hal_uart.o
    0x08001b44   0x08001b44   0x000000a0   Code   RO         1949    i.UART_Receive_IT   stm32f1xx_hal_uart.o
    0x08001be4   0x08001be4   0x000000fc   Code   RO         1950    i.UART_SetConfig    stm32f1xx_hal_uart.o
    0x08001ce0   0x08001ce0   0x00000060   Code   RO         1951    i.UART_Transmit_IT  stm32f1xx_hal_uart.o
    0x08001d40   0x08001d40   0x00000024   Code   RO         1062    i.USART1_IRQHandler  usart.o
    0x08001d64   0x08001d64   0x00000004   Code   RO          452    i.UsageFault_Handler  stm32f1xx_it.o
    0x08001d68   0x08001d68   0x00000010   Code   RO         1326    i.__NVIC_GetPriorityGrouping  stm32f1xx_hal_cortex.o
    0x08001d78   0x08001d78   0x00000028   Code   RO         1327    i.__NVIC_SetPriority  stm32f1xx_hal_cortex.o
    0x08001da0   0x08001da0   0x00000004   Code   RO         1064    i._sys_exit         usart.o
    0x08001da4   0x08001da4   0x0000004c   Code   RO          930    i.delay_init        delay.o
    0x08001df0   0x08001df0   0x00000018   Code   RO          931    i.delay_ms          delay.o
    0x08001e08   0x08001e08   0x00000048   Code   RO          932    i.delay_us          delay.o
    0x08001e50   0x08001e50   0x0000001c   Code   RO         1066    i.fputc             usart.o
    0x08001e6c   0x08001e6c   0x00000040   Code   RO          639    i.freertos_demo     freertos_demo.o
    0x08001eac   0x08001eac   0x000000bc   Code   RO         3772    i.key_init          key.o
    0x08001f68   0x08001f68   0x000000a4   Code   RO         3773    i.key_scan          key.o
    0x0800200c   0x0800200c   0x00000080   Code   RO         3506    i.lcd_clear         lcd.o
    0x0800208c   0x0800208c   0x0000016c   Code   RO         3508    i.lcd_display_dir   lcd.o
    0x080021f8   0x080021f8   0x00000558   Code   RO         3516    i.lcd_ex_ili9341_reginit  lcd.o
    0x08002750   0x08002750   0x000006b4   Code   RO         3517    i.lcd_ex_ili9806_reginit  lcd.o
    0x08002e04   0x08002e04   0x00001614   Code   RO         3518    i.lcd_ex_nt35310_reginit  lcd.o
    0x08004418   0x08004418   0x00000f4c   Code   RO         3519    i.lcd_ex_nt35510_reginit  lcd.o
    0x08005364   0x08005364   0x0000036c   Code   RO         3520    i.lcd_ex_ssd1963_reginit  lcd.o
    0x080056d0   0x080056d0   0x00000416   Code   RO         3521    i.lcd_ex_st7789_reginit  lcd.o
    0x08005ae6   0x08005ae6   0x00000002   PAD
    0x08005ae8   0x08005ae8   0x000004a8   Code   RO         3522    i.lcd_ex_st7796_reginit  lcd.o
    0x08005f90   0x08005f90   0x000005b0   Code   RO         3525    i.lcd_init          lcd.o
    0x08006540   0x08006540   0x0000000c   Code   RO         3526    i.lcd_opt_delay     lcd.o
    0x0800654c   0x0800654c   0x00000070   Code   RO         3528    i.lcd_rd_data       lcd.o
    0x080065bc   0x080065bc   0x00000528   Code   RO         3530    i.lcd_scan_dir      lcd.o
    0x08006ae4   0x08006ae4   0x00000450   Code   RO         3531    i.lcd_set_cursor    lcd.o
    0x08006f34   0x08006f34   0x00000108   Code   RO         3537    i.lcd_ssd_backlight_set  lcd.o
    0x0800703c   0x0800703c   0x00000028   Code   RO         3538    i.lcd_wr_xdata      lcd.o
    0x08007064   0x08007064   0x00000050   Code   RO         3539    i.lcd_write_reg     lcd.o
    0x080070b4   0x080070b4   0x00000090   Code   RO         3479    i.led_init          led.o
    0x08007144   0x08007144   0x00000030   Code   RO           13    i.main              main.o
    0x08007174   0x08007174   0x000000cc   Code   RO         4597    i.prvAddCurrentTaskToDelayedList  tasks.o
    0x08007240   0x08007240   0x000000ec   Code   RO         4598    i.prvAddNewTaskToReadyList  tasks.o
    0x0800732c   0x0800732c   0x00000074   Code   RO         5028    i.prvCheckForValidListAndQueue  timers.o
    0x080073a0   0x080073a0   0x00000048   Code   RO         4599    i.prvCheckTasksWaitingTermination  tasks.o
    0x080073e8   0x080073e8   0x0000002a   Code   RO         4133    i.prvCopyDataFromQueue  queue.o
    0x08007412   0x08007412   0x0000007e   Code   RO         4134    i.prvCopyDataToQueue  queue.o
    0x08007490   0x08007490   0x0000007c   Code   RO         4600    i.prvDeleteTCB      tasks.o
    0x0800750c   0x0800750c   0x00000028   Code   RO         5029    i.prvGetNextExpireTime  timers.o
    0x08007534   0x08007534   0x00000028   Code   RO         4601    i.prvIdleTask       tasks.o
    0x0800755c   0x0800755c   0x0000002e   Code   RO         4137    i.prvInitialiseNewQueue  queue.o
    0x0800758a   0x0800758a   0x00000002   PAD
    0x0800758c   0x0800758c   0x000000ec   Code   RO         4602    i.prvInitialiseNewTask  tasks.o
    0x08007678   0x08007678   0x00000068   Code   RO         4603    i.prvInitialiseTaskLists  tasks.o
    0x080076e0   0x080076e0   0x00000068   Code   RO         5218    i.prvInsertBlockIntoFreeList  heap_4.o
    0x08007748   0x08007748   0x00000058   Code   RO         5031    i.prvInsertTimerInActiveList  timers.o
    0x080077a0   0x080077a0   0x0000001a   Code   RO         4138    i.prvIsQueueEmpty   queue.o
    0x080077ba   0x080077ba   0x00000002   PAD
    0x080077bc   0x080077bc   0x000000d0   Code   RO         4140    i.prvNotifyQueueSetContainer  queue.o
    0x0800788c   0x0800788c   0x00000044   Code   RO         5032    i.prvProcessExpiredTimer  timers.o
    0x080078d0   0x080078d0   0x0000016c   Code   RO         5033    i.prvProcessReceivedCommands  timers.o
    0x08007a3c   0x08007a3c   0x00000074   Code   RO         5034    i.prvProcessTimerOrBlockTask  timers.o
    0x08007ab0   0x08007ab0   0x00000028   Code   RO         5035    i.prvReloadTimer    timers.o
    0x08007ad8   0x08007ad8   0x00000030   Code   RO         4605    i.prvResetNextTaskUnblockTime  tasks.o
    0x08007b08   0x08007b08   0x0000002c   Code   RO         5036    i.prvSampleTimeNow  timers.o
    0x08007b34   0x08007b34   0x00000044   Code   RO         5037    i.prvSwitchTimerLists  timers.o
    0x08007b78   0x08007b78   0x0000007c   Code   RO         5291    i.prvTaskExitError  port.o
    0x08007bf4   0x08007bf4   0x0000001a   Code   RO         5038    i.prvTimerTask      timers.o
    0x08007c0e   0x08007c0e   0x00000090   Code   RO         4141    i.prvUnlockQueue    queue.o
    0x08007c9e   0x08007c9e   0x00000002   PAD
    0x08007ca0   0x08007ca0   0x00000024   Code   RO         5292    i.pxPortInitialiseStack  port.o
    0x08007cc4   0x08007cc4   0x000000b0   Code   RO          640    i.start_task        freertos_demo.o
    0x08007d74   0x08007d74   0x00000066   Code   RO          993    i.sys_stm32_clock_init  sys.o
    0x08007dda   0x08007dda   0x00000002   PAD
    0x08007ddc   0x08007ddc   0x0000003c   Code   RO          641    i.task1             freertos_demo.o
    0x08007e18   0x08007e18   0x0000003c   Code   RO          642    i.task2             freertos_demo.o
    0x08007e54   0x08007e54   0x00000064   Code   RO          643    i.task3             freertos_demo.o
    0x08007eb8   0x08007eb8   0x00000038   Code   RO         1067    i.usart_init        usart.o
    0x08007ef0   0x08007ef0   0x00000028   Code   RO         4081    i.uxListRemove      list.o
    0x08007f18   0x08007f18   0x0000000c   Code   RO         4613    i.uxTaskGetNumberOfTasks  tasks.o
    0x08007f24   0x08007f24   0x00000018   Code   RO          644    i.vApplicationGetIdleTaskMemory  freertos_demo.o
    0x08007f3c   0x08007f3c   0x00000018   Code   RO          645    i.vApplicationGetTimerTaskMemory  freertos_demo.o
    0x08007f54   0x08007f54   0x0000001a   Code   RO         4082    i.vListInitialise   list.o
    0x08007f6e   0x08007f6e   0x00000006   Code   RO         4083    i.vListInitialiseItem  list.o
    0x08007f74   0x08007f74   0x00000034   Code   RO         4084    i.vListInsert       list.o
    0x08007fa8   0x08007fa8   0x00000018   Code   RO         4085    i.vListInsertEnd    list.o
    0x08007fc0   0x08007fc0   0x00000094   Code   RO         5294    i.vPortEnterCritical  port.o
    0x08008054   0x08008054   0x0000007c   Code   RO         5295    i.vPortExitCritical  port.o
    0x080080d0   0x080080d0   0x000000c0   Code   RO         5221    i.vPortFree         heap_4.o
    0x08008190   0x08008190   0x0000002c   Code   RO         5296    i.vPortSetupTimerInterrupt  port.o
    0x080081bc   0x080081bc   0x0000008c   Code   RO         4147    i.vQueueAddToRegistry  queue.o
    0x08008248   0x08008248   0x0000004a   Code   RO         4151    i.vQueueWaitForMessageRestricted  queue.o
    0x08008292   0x08008292   0x00000002   PAD
    0x08008294   0x08008294   0x00000084   Code   RO         4620    i.vTaskDelay        tasks.o
    0x08008318   0x08008318   0x00000124   Code   RO         4621    i.vTaskDelete       tasks.o
    0x0800843c   0x0800843c   0x00000018   Code   RO         4625    i.vTaskInternalSetTimeOutState  tasks.o
    0x08008454   0x08008454   0x0000000c   Code   RO         4627    i.vTaskMissedYield  tasks.o
    0x08008460   0x08008460   0x00000064   Code   RO         4628    i.vTaskPlaceOnEventList  tasks.o
    0x080084c4   0x080084c4   0x0000008c   Code   RO         4629    i.vTaskPlaceOnEventListRestricted  tasks.o
    0x08008550   0x08008550   0x000000ec   Code   RO         4637    i.vTaskStartScheduler  tasks.o
    0x0800863c   0x0800863c   0x00000010   Code   RO         4639    i.vTaskSuspendAll   tasks.o
    0x0800864c   0x0800864c   0x000000b8   Code   RO         4640    i.vTaskSwitchContext  tasks.o
    0x08008704   0x08008704   0x0000014c   Code   RO         5298    i.xPortStartScheduler  port.o
    0x08008850   0x08008850   0x00000034   Code   RO         5299    i.xPortSysTickHandler  port.o
    0x08008884   0x08008884   0x000000b4   Code   RO         4159    i.xQueueGenericCreateStatic  queue.o
    0x08008938   0x08008938   0x000000fc   Code   RO         4160    i.xQueueGenericReset  queue.o
    0x08008a34   0x08008a34   0x00000180   Code   RO         4169    i.xQueueReceive     queue.o
    0x08008bb4   0x08008bb4   0x000000cc   Code   RO         4643    i.xTaskCheckForTimeOut  tasks.o
    0x08008c80   0x08008c80   0x000000d8   Code   RO         4645    i.xTaskCreateStatic  tasks.o
    0x08008d58   0x08008d58   0x00000020   Code   RO         4654    i.xTaskGetSchedulerState  tasks.o
    0x08008d78   0x08008d78   0x0000000c   Code   RO         4655    i.xTaskGetTickCount  tasks.o
    0x08008d84   0x08008d84   0x000001e8   Code   RO         4657    i.xTaskIncrementTick  tasks.o
    0x08008f6c   0x08008f6c   0x00000110   Code   RO         4658    i.xTaskPriorityDisinherit  tasks.o
    0x0800907c   0x0800907c   0x0000014c   Code   RO         4660    i.xTaskRemoveFromEventList  tasks.o
    0x080091c8   0x080091c8   0x000001a0   Code   RO         4661    i.xTaskResumeAll    tasks.o
    0x08009368   0x08009368   0x000000a4   Code   RO         5047    i.xTimerCreateTimerTask  timers.o
    0x0800940c   0x0800940c   0x0000005a   Code   RO         5459    x$fpl$dfixu         fz_ws.l(dfixu.o)
    0x08009466   0x08009466   0x00000026   Code   RO         5463    x$fpl$dfltu         fz_ws.l(dflt_clz.o)
    0x0800948c   0x0800948c   0x00000154   Code   RO         5469    x$fpl$dmul          fz_ws.l(dmul.o)
    0x080095e0   0x080095e0   0x0000009c   Code   RO         5487    x$fpl$dnaninf       fz_ws.l(dnaninf.o)
    0x0800967c   0x0800967c   0x0000000c   Code   RO         5489    x$fpl$dretinf       fz_ws.l(dretinf.o)
    0x08009688   0x08009688   0x00000000   Code   RO         5491    x$fpl$usenofp       fz_ws.l(usenofp.o)
    0x08009688   0x08009688   0x00000018   Data   RO          248    .constdata          system_stm32f1xx.o
    0x080096a0   0x080096a0   0x00000028   Data   RO         5398    .constdata          c_w.l(_printf_hex_int.o)
    0x080096c8   0x080096c8   0x00000020   Data   RO         5643    Region$$Table       anon$$obj.o


    Execution Region RW_IRAM1 (Exec base: 0x20000000, Load base: 0x080096e8, Size: 0x00001c80, Max: 0x0000c000, ABSOLUTE)

    Exec Addr    Load Addr    Size         Type   Attr      Idx    E Section Name        Object

    0x20000000   0x080096e8   0x00000004   Data   RW          249    .data               system_stm32f1xx.o
    0x20000004   0x080096ec   0x00000010   Data   RW          647    .data               freertos_demo.o
    0x20000014   0x080096fc   0x00000004   Data   RW          933    .data               delay.o
    0x20000018   0x08009700   0x00000007   Data   RW         1069    .data               usart.o
    0x2000001f   0x08009707   0x00000001   PAD
    0x20000020   0x08009708   0x00000009   Data   RW         1162    .data               stm32f1xx_hal.o
    0x20000029   0x08009711   0x00000001   Data   RW         3774    .data               key.o
    0x2000002a   0x08009712   0x00000002   PAD
    0x2000002c   0x08009714   0x00000040   Data   RW         4664    .data               tasks.o
    0x2000006c   0x08009754   0x00000014   Data   RW         5057    .data               timers.o
    0x20000080   0x08009768   0x0000001c   Data   RW         5227    .data               heap_4.o
    0x2000009c   0x08009784   0x0000000c   Data   RW         5300    .data               port.o
    0x200000a8        -       0x00001028   Zero   RW          646    .bss                freertos_demo.o
    0x200010d0        -       0x00000108   Zero   RW         1068    .bss                usart.o
    0x200011d8        -       0x0000000e   Zero   RW         3540    .bss                lcd.o
    0x200011e6   0x08009790   0x00000002   PAD
    0x200011e8        -       0x00000048   Zero   RW         3810    .bss                btim.o
    0x20001230        -       0x00000040   Zero   RW         4176    .bss                queue.o
    0x20001270        -       0x000002e4   Zero   RW         4663    .bss                tasks.o
    0x20001554        -       0x000000cc   Zero   RW         5056    .bss                timers.o
    0x20001620        -       0x00000060   Zero   RW         5524    .bss                c_w.l(libspace.o)
    0x20001680        -       0x00000200   Zero   RW            2    HEAP                startup_stm32f103xe.o
    0x20001880        -       0x00000400   Zero   RW            1    STACK               startup_stm32f103xe.o


==============================================================================

Image component sizes


      Code (inc. data)   RO Data    RW Data    ZI Data      Debug   Object Name

        52         16          0          0         72       1682   btim.o
       192          8          0          4          0       2549   delay.o
         0          0          0          0          0      21396   event_groups.o
       508        220          0         16       4136      29405   freertos_demo.o
       296         88          0         28          0       3364   heap_4.o
       352         26          0          1          0       1718   key.o
     20646        302          0          0         14      35388   lcd.o
       144         12          0          0          0        951   led.o
       148          0          0          0          0      11498   list.o
        48          0          0          0          0       5003   main.o
      1010        354          0         12          0      10060   port.o
      1622        280          0          0         64      13897   queue.o
        64         26        304          0       1536        944   startup_stm32f103xe.o
       154         32          0          9          0       6555   stm32f1xx_hal.o
       344         22          0          0          0      30209   stm32f1xx_hal_cortex.o
       424         10          0          0          0       1279   stm32f1xx_hal_dma.o
       880         40          0          0          0       4076   stm32f1xx_hal_gpio.o
      1784        110          0          0          0       6212   stm32f1xx_hal_rcc.o
       414          0          0          0          0       3654   stm32f1xx_hal_tim.o
         4          0          0          0          0       1597   stm32f1xx_hal_tim_ex.o
      1162         10          0          0          0       7995   stm32f1xx_hal_uart.o
        20          0          0          0          0       2713   stm32f1xx_it.o
       102          0          0          0          0        735   sys.o
         2          0         24          4          0     481231   system_stm32f1xx.o
      4184       1140          0         64        740      42797   tasks.o
      1134        226          0         20        204      14148   timers.o
       460         60          0          7        264       5601   usart.o

    ----------------------------------------------------------------------
     36172       2982        360        168       7032     746657   Object Totals
         0          0         32          0          0          0   (incl. Generated)
        22          0          0          3          2          0   (incl. Padding)

    ----------------------------------------------------------------------

      Code (inc. data)   RO Data    RW Data    ZI Data      Debug   Library Member Name

         8          0          0          0          0         68   __main.o
       104          0          0          0          0         84   __printf.o
         0          0          0          0          0          0   __rtentry.o
        12          0          0          0          0          0   __rtentry2.o
         6          0          0          0          0          0   __rtentry4.o
        52          8          0          0          0          0   __scatter.o
        26          0          0          0          0          0   __scatter_copy.o
        28          0          0          0          0          0   __scatter_zi.o
        44          0          0          0          0        108   _printf_char.o
        48          6          0          0          0         96   _printf_char_common.o
        36          4          0          0          0         80   _printf_char_file.o
         6          0          0          0          0          0   _printf_d.o
       120         16          0          0          0         92   _printf_dec.o
        88          4         40          0          0         88   _printf_hex_int.o
       178          0          0          0          0         88   _printf_intcommon.o
         0          0          0          0          0          0   _printf_percent.o
         4          0          0          0          0          0   _printf_percent_end.o
         6          0          0          0          0          0   _printf_s.o
        82          0          0          0          0         80   _printf_str.o
         6          0          0          0          0          0   _printf_x.o
        16          0          0          0          0         68   aeabi_memset.o
        18          0          0          0          0         80   exit.o
         8          0          0          0          0         68   ferror.o
         6          0          0          0          0        152   heapauxi.o
         2          0          0          0          0          0   libinit.o
         2          0          0          0          0          0   libinit2.o
         2          0          0          0          0          0   libshutdown.o
         2          0          0          0          0          0   libshutdown2.o
         8          4          0          0         96         68   libspace.o
        24          4          0          0          0         84   noretval__2printf.o
        68          0          0          0          0         68   rt_memclr.o
        78          0          0          0          0         80   rt_memclr_w.o
       138          0          0          0          0         68   rt_memcpy_v6.o
       100          0          0          0          0         80   rt_memcpy_w.o
         2          0          0          0          0          0   rtexit.o
        10          0          0          0          0          0   rtexit2.o
        74          0          0          0          0         80   sys_stackheap_outer.o
         2          0          0          0          0         68   use_no_semi.o
         2          0          0          0          0         68   use_no_semi_2.o
        90          4          0          0          0         92   dfixu.o
        38          0          0          0          0         68   dflt_clz.o
       340         12          0          0          0        104   dmul.o
       156          4          0          0          0         92   dnaninf.o
        12          0          0          0          0         68   dretinf.o
         0          0          0          0          0          0   usenofp.o

    ----------------------------------------------------------------------
      2060         66         40          0         96       2240   Library Totals
         8          0          0          0          0          0   (incl. Padding)

    ----------------------------------------------------------------------

      Code (inc. data)   RO Data    RW Data    ZI Data      Debug   Library Name

      1416         46         40          0         96       1816   c_w.l
       636         20          0          0          0        424   fz_ws.l

    ----------------------------------------------------------------------
      2060         66         40          0         96       2240   Library Totals

    ----------------------------------------------------------------------

==============================================================================


      Code (inc. data)   RO Data    RW Data    ZI Data      Debug   

     38232       3048        400        168       7128     740001   Grand Totals
     38232       3048        400        168       7128     740001   ELF Image Totals
     38232       3048        400        168          0          0   ROM Totals

==============================================================================

    Total RO  Size (Code + RO Data)                38632 (  37.73kB)
    Total RW  Size (RW Data + ZI Data)              7296 (   7.13kB)
    Total ROM Size (Code + RO Data + RW Data)      38800 (  37.89kB)

==============================================================================

