Component: ARM Compiler 5.06 update 7 (build 960) Tool: armlink [4d3601]

==============================================================================

Section Cross References

    startup_stm32f103xe.o(STACK) refers (Special) to heapauxi.o(.text) for __use_two_region_memory
    startup_stm32f103xe.o(HEAP) refers (Special) to heapauxi.o(.text) for __use_two_region_memory
    startup_stm32f103xe.o(RESET) refers (Special) to heapauxi.o(.text) for __use_two_region_memory
    startup_stm32f103xe.o(RESET) refers to startup_stm32f103xe.o(STACK) for __initial_sp
    startup_stm32f103xe.o(RESET) refers to startup_stm32f103xe.o(.text) for Reset_Handler
    startup_stm32f103xe.o(RESET) refers to stm32f1xx_it.o(i.NMI_Handler) for NMI_Handler
    startup_stm32f103xe.o(RESET) refers to stm32f1xx_it.o(i.HardFault_Handler) for HardFault_Handler
    startup_stm32f103xe.o(RESET) refers to stm32f1xx_it.o(i.MemManage_Handler) for MemManage_Handler
    startup_stm32f103xe.o(RESET) refers to stm32f1xx_it.o(i.BusFault_Handler) for BusFault_Handler
    startup_stm32f103xe.o(RESET) refers to stm32f1xx_it.o(i.UsageFault_Handler) for UsageFault_Handler
    startup_stm32f103xe.o(RESET) refers to port.o(.emb_text) for SVC_Handler
    startup_stm32f103xe.o(RESET) refers to stm32f1xx_it.o(i.DebugMon_Handler) for DebugMon_Handler
    startup_stm32f103xe.o(RESET) refers to delay.o(i.SysTick_Handler) for SysTick_Handler
    startup_stm32f103xe.o(RESET) refers to exti.o(i.EXTI0_IRQHandler) for EXTI0_IRQHandler
    startup_stm32f103xe.o(RESET) refers to exti.o(i.EXTI9_5_IRQHandler) for EXTI9_5_IRQHandler
    startup_stm32f103xe.o(RESET) refers to usart.o(i.USART1_IRQHandler) for USART1_IRQHandler
    startup_stm32f103xe.o(RESET) refers to exti.o(i.EXTI15_10_IRQHandler) for EXTI15_10_IRQHandler
    startup_stm32f103xe.o(RESET) refers to btim.o(i.TIM6_IRQHandler) for TIM6_IRQHandler
    startup_stm32f103xe.o(RESET) refers to btim.o(i.TIM7_IRQHandler) for TIM7_IRQHandler
    startup_stm32f103xe.o(.text) refers (Special) to heapauxi.o(.text) for __use_two_region_memory
    startup_stm32f103xe.o(.text) refers to system_stm32f1xx.o(i.SystemInit) for SystemInit
    startup_stm32f103xe.o(.text) refers to __main.o(!!!main) for __main
    startup_stm32f103xe.o(.text) refers to startup_stm32f103xe.o(HEAP) for Heap_Mem
    startup_stm32f103xe.o(.text) refers to startup_stm32f103xe.o(STACK) for Stack_Mem
    main.o(i.main) refers to stm32f1xx_hal.o(i.HAL_Init) for HAL_Init
    main.o(i.main) refers to sys.o(i.sys_stm32_clock_init) for sys_stm32_clock_init
    main.o(i.main) refers to delay.o(i.delay_init) for delay_init
    main.o(i.main) refers to usart.o(i.usart_init) for usart_init
    main.o(i.main) refers to freertos_demo.o(i.freertos_demo) for freertos_demo
    system_stm32f1xx.o(i.SystemCoreClockUpdate) refers to system_stm32f1xx.o(.data) for .data
    system_stm32f1xx.o(i.SystemCoreClockUpdate) refers to system_stm32f1xx.o(.constdata) for .constdata
    freertos_demo.o(i.freertos_demo) refers to tasks.o(i.xTaskCreate) for xTaskCreate
    freertos_demo.o(i.freertos_demo) refers to tasks.o(i.vTaskStartScheduler) for vTaskStartScheduler
    freertos_demo.o(i.freertos_demo) refers to freertos_demo.o(.data) for .data
    freertos_demo.o(i.freertos_demo) refers to freertos_demo.o(i.start_task) for start_task
    freertos_demo.o(i.start_task) refers to port.o(i.vPortEnterCritical) for vPortEnterCritical
    freertos_demo.o(i.start_task) refers to tasks.o(i.xTaskCreate) for xTaskCreate
    freertos_demo.o(i.start_task) refers to tasks.o(i.vTaskDelete) for vTaskDelete
    freertos_demo.o(i.start_task) refers to port.o(i.vPortExitCritical) for vPortExitCritical
    freertos_demo.o(i.start_task) refers to freertos_demo.o(.data) for .data
    freertos_demo.o(i.start_task) refers to freertos_demo.o(i.task1) for task1
    freertos_demo.o(i.start_task) refers to freertos_demo.o(i.task2) for task2
    freertos_demo.o(i.task1) refers to stm32f1xx_hal_gpio.o(i.HAL_GPIO_TogglePin) for HAL_GPIO_TogglePin
    freertos_demo.o(i.task1) refers to tasks.o(i.vTaskDelay) for vTaskDelay
    freertos_demo.o(i.task2) refers to tasks.o(i.xTaskGetTickCount) for xTaskGetTickCount
    freertos_demo.o(i.task2) refers to stm32f1xx_hal_gpio.o(i.HAL_GPIO_TogglePin) for HAL_GPIO_TogglePin
    freertos_demo.o(i.task2) refers to tasks.o(i.xTaskDelayUntil) for xTaskDelayUntil
    delay.o(i.HAL_Delay) refers to delay.o(i.delay_ms) for delay_ms
    delay.o(i.SysTick_Handler) refers to stm32f1xx_hal.o(i.HAL_IncTick) for HAL_IncTick
    delay.o(i.SysTick_Handler) refers to tasks.o(i.xTaskGetSchedulerState) for xTaskGetSchedulerState
    delay.o(i.SysTick_Handler) refers to port.o(i.xPortSysTickHandler) for xPortSysTickHandler
    delay.o(i.delay_init) refers to stm32f1xx_hal_cortex.o(i.HAL_SYSTICK_CLKSourceConfig) for HAL_SYSTICK_CLKSourceConfig
    delay.o(i.delay_init) refers to delay.o(.data) for .data
    delay.o(i.delay_ms) refers to delay.o(i.delay_us) for delay_us
[...]
    .ARM.Collect$$libinit$$0000000E          0x080001b6   Section        0  libinit2.o(.ARM.Collect$$libinit$$0000000E)
    .ARM.Collect$$libinit$$00000011          0x080001b6   Section        0  libinit2.o(.ARM.Collect$$libinit$$00000011)
    .ARM.Collect$$libinit$$00000013          0x080001b6   Section        0  libinit2.o(.ARM.Collect$$libinit$$00000013)
    .ARM.Collect$$libinit$$00000015          0x080001b6   Section        0  libinit2.o(.ARM.Collect$$libinit$$00000015)
    .ARM.Collect$$libinit$$00000017          0x080001b6   Section        0  libinit2.o(.ARM.Collect$$libinit$$00000017)
    .ARM.Collect$$libinit$$00000019          0x080001b6   Section        0  libinit2.o(.ARM.Collect$$libinit$$00000019)
    .ARM.Collect$$libinit$$0000001B          0x080001b6   Section        0  libinit2.o(.ARM.Collect$$libinit$$0000001B)
    .ARM.Collect$$libinit$$0000001D          0x080001b6   Section        0  libinit2.o(.ARM.Collect$$libinit$$0000001D)
    .ARM.Collect$$libinit$$0000001F          0x080001b6   Section        0  libinit2.o(.ARM.Collect$$libinit$$0000001F)
    .ARM.Collect$$libinit$$00000021          0x080001b6   Section        0  libinit2.o(.ARM.Collect$$libinit$$00000021)
    .ARM.Collect$$libinit$$00000023          0x080001b6   Section        0  libinit2.o(.ARM.Collect$$libinit$$00000023)
    .ARM.Collect$$libinit$$00000025          0x080001b6   Section        0  libinit2.o(.ARM.Collect$$libinit$$00000025)
    .ARM.Collect$$libinit$$0000002C          0x080001b6   Section        0  libinit2.o(.ARM.Collect$$libinit$$0000002C)
    .ARM.Collect$$libinit$$0000002E          0x080001b6   Section        0  libinit2.o(.ARM.Collect$$libinit$$0000002E)
    .ARM.Collect$$libinit$$00000030          0x080001b6   Section        0  libinit2.o(.ARM.Collect$$libinit$$00000030)
    .ARM.Collect$$libinit$$00000032          0x080001b6   Section        0  libinit2.o(.ARM.Collect$$libinit$$00000032)
    .ARM.Collect$$libinit$$00000033          0x080001b6   Section        2  libinit2.o(.ARM.Collect$$libinit$$00000033)
    .ARM.Collect$$libshutdown$$00000000      0x080001b8   Section        2  libshutdown.o(.ARM.Collect$$libshutdown$$00000000)
    .ARM.Collect$$libshutdown$$00000002      0x080001ba   Section        0  libshutdown2.o(.ARM.Collect$$libshutdown$$00000002)
    .ARM.Collect$$libshutdown$$00000004      0x080001ba   Section        0  libshutdown2.o(.ARM.Collect$$libshutdown$$00000004)
    .ARM.Collect$$libshutdown$$00000006      0x080001ba   Section        0  libshutdown2.o(.ARM.Collect$$libshutdown$$00000006)
    .ARM.Collect$$libshutdown$$00000009      0x080001ba   Section        0  libshutdown2.o(.ARM.Collect$$libshutdown$$00000009)
    .ARM.Collect$$libshutdown$$0000000C      0x080001ba   Section        0  libshutdown2.o(.ARM.Collect$$libshutdown$$0000000C)
    .ARM.Collect$$libshutdown$$0000000E      0x080001ba   Section        0  libshutdown2.o(.ARM.Collect$$libshutdown$$0000000E)
    .ARM.Collect$$libshutdown$$00000011      0x080001ba   Section        0  libshutdown2.o(.ARM.Collect$$libshutdown$$00000011)
    .ARM.Collect$$libshutdown$$00000012      0x080001ba   Section        2  libshutdown2.o(.ARM.Collect$$libshutdown$$00000012)
    .ARM.Collect$$rtentry$$00000000          0x080001bc   Section        0  __rtentry.o(.ARM.Collect$$rtentry$$00000000)
    .ARM.Collect$$rtentry$$00000002          0x080001bc   Section        0  __rtentry2.o(.ARM.Collect$$rtentry$$00000002)
    .ARM.Collect$$rtentry$$00000004          0x080001bc   Section        6  __rtentry4.o(.ARM.Collect$$rtentry$$00000004)
    .ARM.Collect$$rtentry$$00000009          0x080001c2   Section        0  __rtentry2.o(.ARM.Collect$$rtentry$$00000009)
    .ARM.Collect$$rtentry$$0000000A          0x080001c2   Section        4  __rtentry2.o(.ARM.Collect$$rtentry$$0000000A)
    .ARM.Collect$$rtentry$$0000000C          0x080001c6   Section        0  __rtentry2.o(.ARM.Collect$$rtentry$$0000000C)
    .ARM.Collect$$rtentry$$0000000D          0x080001c6   Section        8  __rtentry2.o(.ARM.Collect$$rtentry$$0000000D)
    .ARM.Collect$$rtexit$$00000000           0x080001ce   Section        2  rtexit.o(.ARM.Collect$$rtexit$$00000000)
    .ARM.Collect$$rtexit$$00000002           0x080001d0   Section        0  rtexit2.o(.ARM.Collect$$rtexit$$00000002)
    .ARM.Collect$$rtexit$$00000003           0x080001d0   Section        4  rtexit2.o(.ARM.Collect$$rtexit$$00000003)
    .ARM.Collect$$rtexit$$00000004           0x080001d4   Section        6  rtexit2.o(.ARM.Collect$$rtexit$$00000004)
    .emb_text                                0x080001dc   Section      150  port.o(.emb_text)
    .text                                    0x08000274   Section       64  startup_stm32f103xe.o(.text)
    .text                                    0x080002b4   Section        2  use_no_semi_2.o(.text)
    .text                                    0x080002b8   Section        0  noretval__2printf.o(.text)
    .text                                    0x080002d0   Section        0  __printf.o(.text)
    .text                                    0x08000338   Section        0  _printf_str.o(.text)
    .text                                    0x0800038c   Section        0  _printf_dec.o(.text)
    .text                                    0x08000404   Section      138  rt_memcpy_v6.o(.text)
    .text                                    0x0800048e   Section       16  aeabi_memset.o(.text)
    .text                                    0x0800049e   Section       68  rt_memclr.o(.text)
    .text                                    0x080004e2   Section       78  rt_memclr_w.o(.text)
    .text                                    0x08000530   Section        0  heapauxi.o(.text)
    .text                                    0x08000536   Section        2  use_no_semi.o(.text)
    .text                                    0x08000538   Section        0  _printf_intcommon.o(.text)
    .text                                    0x080005ec   Section        0  _printf_char_common.o(.text)
    _printf_input_char                       0x080005ed   Thumb Code    10  _printf_char_common.o(.text)
    .text                                    0x0800061c   Section        0  _printf_char.o(.text)
    .text                                    0x08000648   Section        0  _printf_char_file.o(.text)
    .text                                    0x0800066c   Section      100  rt_memcpy_w.o(.text)
    .text                                    0x080006d0   Section        0  ferror.o(.text)
    .text                                    0x080006d8   Section       74  sys_stackheap_outer.o(.text)
    .text                                    0x08000722   Section        0  exit.o(.text)
    .text                                    0x08000734   Section        8  libspace.o(.text)
    i.BusFault_Handler                       0x0800073c   Section        0  stm32f1xx_it.o(i.BusFault_Handler)
    i.DebugMon_Handler                       0x0800073e   Section        0  stm32f1xx_it.o(i.DebugMon_Handler)
    i.EXTI0_IRQHandler                       0x08000740   Section        0  exti.o(i.EXTI0_IRQHandler)
    i.EXTI15_10_IRQHandler                   0x08000754   Section        0  exti.o(i.EXTI15_10_IRQHandler)
    i.EXTI9_5_IRQHandler                     0x0800076c   Section        0  exti.o(i.EXTI9_5_IRQHandler)
    i.HAL_DMA_Abort_IT                       0x08000780   Section        0  stm32f1xx_hal_dma.o(i.HAL_DMA_Abort_IT)
    i.HAL_GPIO_EXTI_Callback                 0x080008b0   Section        0  exti.o(i.HAL_GPIO_EXTI_Callback)
    i.HAL_GPIO_EXTI_IRQHandler               0x08000920   Section        0  stm32f1xx_hal_gpio.o(i.HAL_GPIO_EXTI_IRQHandler)
    i.HAL_GPIO_Init                          0x08000938   Section        0  stm32f1xx_hal_gpio.o(i.HAL_GPIO_Init)
    i.HAL_GPIO_ReadPin                       0x08000b30   Section        0  stm32f1xx_hal_gpio.o(i.HAL_GPIO_ReadPin)
    i.HAL_GPIO_TogglePin                     0x08000b3a   Section        0  stm32f1xx_hal_gpio.o(i.HAL_GPIO_TogglePin)
    i.HAL_GetTick                            0x08000b4c   Section        0  stm32f1xx_hal.o(i.HAL_GetTick)
    i.HAL_IncTick                            0x08000b58   Section        0  stm32f1xx_hal.o(i.HAL_IncTick)
    i.HAL_Init                               0x08000b68   Section        0  stm32f1xx_hal.o(i.HAL_Init)
    i.HAL_InitTick                           0x08000b8c   Section        0  stm32f1xx_hal.o(i.HAL_InitTick)
    i.HAL_MspInit                            0x08000bcc   Section        0  stm32f1xx_hal.o(i.HAL_MspInit)
    i.HAL_NVIC_EnableIRQ                     0x08000bce   Section        0  stm32f1xx_hal_cortex.o(i.HAL_NVIC_EnableIRQ)
    i.HAL_NVIC_SetPriority                   0x08000be8   Section        0  stm32f1xx_hal_cortex.o(i.HAL_NVIC_SetPriority)
    i.HAL_NVIC_SetPriorityGrouping           0x08000c28   Section        0  stm32f1xx_hal_cortex.o(i.HAL_NVIC_SetPriorityGrouping)
    i.HAL_RCC_ClockConfig                    0x08000c4c   Section        0  stm32f1xx_hal_rcc.o(i.HAL_RCC_ClockConfig)
    i.HAL_RCC_GetPCLK1Freq                   0x08000d78   Section        0  stm32f1xx_hal_rcc.o(i.HAL_RCC_GetPCLK1Freq)
    i.HAL_RCC_GetPCLK2Freq                   0x08000d98   Section        0  stm32f1xx_hal_rcc.o(i.HAL_RCC_GetPCLK2Freq)
    i.HAL_RCC_GetSysClockFreq                0x08000db8   Section        0  stm32f1xx_hal_rcc.o(i.HAL_RCC_GetSysClockFreq)
    i.HAL_RCC_OscConfig                      0x08000e24   Section        0  stm32f1xx_hal_rcc.o(i.HAL_RCC_OscConfig)
    i.HAL_SYSTICK_CLKSourceConfig            0x08001144   Section        0  stm32f1xx_hal_cortex.o(i.HAL_SYSTICK_CLKSourceConfig)
    i.HAL_SYSTICK_Config                     0x0800115c   Section        0  stm32f1xx_hal_cortex.o(i.HAL_SYSTICK_Config)
    i.HAL_TIMEx_BreakCallback                0x08001184   Section        0  stm32f1xx_hal_tim_ex.o(i.HAL_TIMEx_BreakCallback)
    i.HAL_TIMEx_CommutCallback               0x08001186   Section        0  stm32f1xx_hal_tim_ex.o(i.HAL_TIMEx_CommutCallback)
    i.HAL_TIM_IC_CaptureCallback             0x08001188   Section        0  stm32f1xx_hal_tim.o(i.HAL_TIM_IC_CaptureCallback)
    i.HAL_TIM_IRQHandler                     0x0800118a   Section        0  stm32f1xx_hal_tim.o(i.HAL_TIM_IRQHandler)
    i.HAL_TIM_OC_DelayElapsedCallback        0x080012f0   Section        0  stm32f1xx_hal_tim.o(i.HAL_TIM_OC_DelayElapsedCallback)
    i.HAL_TIM_PWM_PulseFinishedCallback      0x080012f2   Section        0  stm32f1xx_hal_tim.o(i.HAL_TIM_PWM_PulseFinishedCallback)
    i.HAL_TIM_PeriodElapsedCallback          0x080012f4   Section        0  btim.o(i.HAL_TIM_PeriodElapsedCallback)
    i.HAL_TIM_TriggerCallback                0x08001350   Section        0  stm32f1xx_hal_tim.o(i.HAL_TIM_TriggerCallback)
    i.HAL_UART_ErrorCallback                 0x08001352   Section        0  stm32f1xx_hal_uart.o(i.HAL_UART_ErrorCallback)
    i.HAL_UART_IRQHandler                    0x08001354   Section        0  stm32f1xx_hal_uart.o(i.HAL_UART_IRQHandler)
    i.HAL_UART_Init                          0x080014b0   Section        0  stm32f1xx_hal_uart.o(i.HAL_UART_Init)
    i.HAL_UART_MspInit                       0x08001514   Section        0  usart.o(i.HAL_UART_MspInit)
    i.HAL_UART_Receive_IT                    0x080015a0   Section        0  stm32f1xx_hal_uart.o(i.HAL_UART_Receive_IT)
    i.HAL_UART_RxCpltCallback                0x080015f4   Section        0  usart.o(i.HAL_UART_RxCpltCallback)
    i.HAL_UART_TxCpltCallback                0x0800165c   Section        0  stm32f1xx_hal_uart.o(i.HAL_UART_TxCpltCallback)
    i.HardFault_Handler                      0x0800165e   Section        0  stm32f1xx_it.o(i.HardFault_Handler)
    i.MemManage_Handler                      0x08001660   Section        0  stm32f1xx_it.o(i.MemManage_Handler)
    i.NMI_Handler                            0x08001662   Section        0  stm32f1xx_it.o(i.NMI_Handler)
    i.SysTick_Handler                        0x08001664   Section        0  delay.o(i.SysTick_Handler)
    i.SystemInit                             0x0800167c   Section        0  system_stm32f1xx.o(i.SystemInit)
    i.TIM6_IRQHandler                        0x08001680   Section        0  btim.o(i.TIM6_IRQHandler)
    i.TIM7_IRQHandler                        0x0800168c   Section        0  btim.o(i.TIM7_IRQHandler)
    i.UART_DMAAbortOnError                   0x08001698   Section        0  stm32f1xx_hal_uart.o(i.UART_DMAAbortOnError)
    UART_DMAAbortOnError                     0x08001699   Thumb Code    16  stm32f1xx_hal_uart.o(i.UART_DMAAbortOnError)
    i.UART_EndRxTransfer                     0x080016a8   Section        0  stm32f1xx_hal_uart.o(i.UART_EndRxTransfer)
    UART_EndRxTransfer                       0x080016a9   Thumb Code    28  stm32f1xx_hal_uart.o(i.UART_EndRxTransfer)
    i.UART_Receive_IT                        0x080016c4   Section        0  stm32f1xx_hal_uart.o(i.UART_Receive_IT)
    UART_Receive_IT                          0x080016c5   Thumb Code   140  stm32f1xx_hal_uart.o(i.UART_Receive_IT)
    i.UART_SetConfig                         0x08001750   Section        0  stm32f1xx_hal_uart.o(i.UART_SetConfig)
    UART_SetConfig                           0x08001751   Thumb Code   178  stm32f1xx_hal_uart.o(i.UART_SetConfig)
    i.USART1_IRQHandler                      0x08001808   Section        0  usart.o(i.USART1_IRQHandler)
    i.UsageFault_Handler                     0x08001828   Section        0  stm32f1xx_it.o(i.UsageFault_Handler)
    i.__NVIC_SetPriority                     0x0800182a   Section        0  stm32f1xx_hal_cortex.o(i.__NVIC_SetPriority)
    __NVIC_SetPriority                       0x0800182b   Thumb Code    32  stm32f1xx_hal_cortex.o(i.__NVIC_SetPriority)
    i._sys_exit                              0x0800184a   Section        0  usart.o(i._sys_exit)
    i.delay_init                             0x0800184c   Section        0  delay.o(i.delay_init)
    i.delay_ms                               0x08001880   Section        0  delay.o(i.delay_ms)
    i.delay_us                               0x0800189c   Section        0  delay.o(i.delay_us)
    i.fputc                                  0x080018d0   Section        0  usart.o(i.fputc)
    i.freertos_demo                          0x080018e8   Section        0  freertos_demo.o(i.freertos_demo)
    i.main                                   0x0800191c   Section        0  main.o(i.main)
    i.prvAddCurrentTaskToDelayedList         0x08001940   Section        0  tasks.o(i.prvAddCurrentTaskToDelayedList)
    prvAddCurrentTaskToDelayedList           0x08001941   Thumb Code   136  tasks.o(i.prvAddCurrentTaskToDelayedList)
    i.prvAddNewTaskToReadyList               0x080019d0   Section        0  tasks.o(i.prvAddNewTaskToReadyList)
    prvAddNewTaskToReadyList                 0x080019d1   Thumb Code   224  tasks.o(i.prvAddNewTaskToReadyList)
    i.prvCheckForValidListAndQueue           0x08001ac0   Section        0  timers.o(i.prvCheckForValidListAndQueue)
    prvCheckForValidListAndQueue             0x08001ac1   Thumb Code    62  timers.o(i.prvCheckForValidListAndQueue)
    i.prvCopyDataFromQueue                   0x08001b10   Section        0  queue.o(i.prvCopyDataFromQueue)
    prvCopyDataFromQueue                     0x08001b11   Thumb Code    38  queue.o(i.prvCopyDataFromQueue)
    i.prvCopyDataToQueue                     0x08001b36   Section        0  queue.o(i.prvCopyDataToQueue)
    prvCopyDataToQueue                       0x08001b37   Thumb Code   108  queue.o(i.prvCopyDataToQueue)
    i.prvDeleteTCB                           0x08001ba2   Section        0  tasks.o(i.prvDeleteTCB)
    prvDeleteTCB                             0x08001ba3   Thumb Code    20  tasks.o(i.prvDeleteTCB)
    i.prvHeapInit                            0x08001bb8   Section        0  heap_4.o(i.prvHeapInit)
    prvHeapInit                              0x08001bb9   Thumb Code    60  heap_4.o(i.prvHeapInit)
    i.prvIdleTask                            0x08001bfc   Section        0  tasks.o(i.prvIdleTask)
    prvIdleTask                              0x08001bfd   Thumb Code    82  tasks.o(i.prvIdleTask)
    i.prvInitialiseNewTask                   0x08001c5c   Section        0  tasks.o(i.prvInitialiseNewTask)
    prvInitialiseNewTask                     0x08001c5d   Thumb Code   160  tasks.o(i.prvInitialiseNewTask)
    i.prvInsertBlockIntoFreeList             0x08001d30   Section        0  heap_4.o(i.prvInsertBlockIntoFreeList)
    prvInsertBlockIntoFreeList               0x08001d31   Thumb Code    72  heap_4.o(i.prvInsertBlockIntoFreeList)
    i.prvInsertTimerInActiveList             0x08001d7c   Section        0  timers.o(i.prvInsertTimerInActiveList)
    prvInsertTimerInActiveList               0x08001d7d   Thumb Code    52  timers.o(i.prvInsertTimerInActiveList)
    i.prvIsQueueEmpty                        0x08001db4   Section        0  queue.o(i.prvIsQueueEmpty)
    prvIsQueueEmpty                          0x08001db5   Thumb Code    28  queue.o(i.prvIsQueueEmpty)
    i.prvNotifyQueueSetContainer             0x08001dd0   Section        0  queue.o(i.prvNotifyQueueSetContainer)
    prvNotifyQueueSetContainer               0x08001dd1   Thumb Code   124  queue.o(i.prvNotifyQueueSetContainer)
    i.prvProcessExpiredTimer                 0x08001e80   Section        0  timers.o(i.prvProcessExpiredTimer)
    prvProcessExpiredTimer                   0x08001e81   Thumb Code    58  timers.o(i.prvProcessExpiredTimer)
    i.prvProcessReceivedCommands             0x08001ec0   Section        0  timers.o(i.prvProcessReceivedCommands)
    prvProcessReceivedCommands               0x08001ec1   Thumb Code   240  timers.o(i.prvProcessReceivedCommands)
    i.prvProcessTimerOrBlockTask             0x08001fe8   Section        0  timers.o(i.prvProcessTimerOrBlockTask)
    prvProcessTimerOrBlockTask               0x08001fe9   Thumb Code    98  timers.o(i.prvProcessTimerOrBlockTask)
    i.prvReloadTimer                         0x08002054   Section        0  timers.o(i.prvReloadTimer)
    prvReloadTimer                           0x08002055   Thumb Code    40  timers.o(i.prvReloadTimer)
    i.prvResetNextTaskUnblockTime            0x0800207c   Section        0  tasks.o(i.prvResetNextTaskUnblockTime)
    prvResetNextTaskUnblockTime              0x0800207d   Thumb Code    24  tasks.o(i.prvResetNextTaskUnblockTime)
    i.prvSampleTimeNow                       0x08002098   Section        0  timers.o(i.prvSampleTimeNow)
    prvSampleTimeNow                         0x08002099   Thumb Code    66  timers.o(i.prvSampleTimeNow)
    i.prvTaskExitError                       0x080020e0   Section        0  port.o(i.prvTaskExitError)
    prvTaskExitError                         0x080020e1   Thumb Code    34  port.o(i.prvTaskExitError)
    i.prvTimerTask                           0x08002150   Section        0  timers.o(i.prvTimerTask)
    prvTimerTask                             0x08002151   Thumb Code    32  timers.o(i.prvTimerTask)
    i.prvUnlockQueue                         0x08002174   Section        0  queue.o(i.prvUnlockQueue)
    prvUnlockQueue                           0x08002175   Thumb Code   118  queue.o(i.prvUnlockQueue)
    i.pvPortMalloc                           0x080021ec   Section        0  heap_4.o(i.pvPortMalloc)
    i.pxPortInitialiseStack                  0x08002300   Section        0  port.o(i.pxPortInitialiseStack)
    i.start_task                             0x08002324   Section        0  freertos_demo.o(i.start_task)
    i.sys_stm32_clock_init                   0x08002380   Section        0  sys.o(i.sys_stm32_clock_init)
    i.task1                                  0x080023d8   Section        0  freertos_demo.o(i.task1)
    i.task2                                  0x080023f8   Section        0  freertos_demo.o(i.task2)
    i.usart_init                             0x08002418   Section        0  usart.o(i.usart_init)
    i.uxListRemove                           0x08002450   Section        0  list.o(i.uxListRemove)
    i.uxTaskGetNumberOfTasks                 0x08002478   Section        0  tasks.o(i.uxTaskGetNumberOfTasks)
    i.vListInitialise                        0x08002484   Section        0  list.o(i.vListInitialise)
    i.vListInitialiseItem                    0x0800249a   Section        0  list.o(i.vListInitialiseItem)
    i.vListInsert                            0x080024a0   Section        0  list.o(i.vListInsert)
    i.vListInsertEnd                         0x080024d0   Section        0  list.o(i.vListInsertEnd)
    i.vPortEnterCritical                     0x080024e8   Section        0  port.o(i.vPortEnterCritical)
    i.vPortExitCritical                      0x0800256c   Section        0  port.o(i.vPortExitCritical)
    i.vPortFree                              0x080025dc   Section        0  heap_4.o(i.vPortFree)
    i.vPortSetupTimerInterrupt               0x0800268c   Section        0  port.o(i.vPortSetupTimerInterrupt)
    i.vQueueAddToRegistry                    0x080026b0   Section        0  queue.o(i.vQueueAddToRegistry)
    i.vQueueWaitForMessageRestricted         0x08002734   Section        0  queue.o(i.vQueueWaitForMessageRestricted)
    i.vTaskDelay                             0x08002778   Section        0  tasks.o(i.vTaskDelay)
    i.vTaskDelete                            0x080027f4   Section        0  tasks.o(i.vTaskDelete)
    i.vTaskInternalSetTimeOutState           0x080028d8   Section        0  tasks.o(i.vTaskInternalSetTimeOutState)
    i.vTaskMissedYield                       0x080028e8   Section        0  tasks.o(i.vTaskMissedYield)
    i.vTaskPlaceOnEventList                  0x080028f4   Section        0  tasks.o(i.vTaskPlaceOnEventList)
    i.vTaskPlaceOnEventListRestricted        0x08002958   Section        0  tasks.o(i.vTaskPlaceOnEventListRestricted)
    i.vTaskStartScheduler                    0x080029e0   Section        0  tasks.o(i.vTaskStartScheduler)
    i.vTaskSuspendAll                        0x08002a80   Section        0  tasks.o(i.vTaskSuspendAll)
    i.vTaskSwitchContext                     0x08002a90   Section        0  tasks.o(i.vTaskSwitchContext)
    i.xPortStartScheduler                    0x08002b1c   Section        0  port.o(i.xPortStartScheduler)
    i.xPortSysTickHandler                    0x08002c18   Section        0  port.o(i.xPortSysTickHandler)
    i.xQueueGenericCreate                    0x08002c44   Section        0  queue.o(i.xQueueGenericCreate)
    i.xQueueGenericReset                     0x08002cdc   Section        0  queue.o(i.xQueueGenericReset)
    i.xQueueReceive                          0x08002dc0   Section        0  queue.o(i.xQueueReceive)
    i.xTaskCheckForTimeOut                   0x08002f20   Section        0  tasks.o(i.xTaskCheckForTimeOut)
    i.xTaskCreate                            0x08002fd8   Section        0  tasks.o(i.xTaskCreate)
    i.xTaskDelayUntil                        0x08003034   Section        0  tasks.o(i.xTaskDelayUntil)
    i.xTaskGetSchedulerState                 0x080030f4   Section        0  tasks.o(i.xTaskGetSchedulerState)
    i.xTaskGetTickCount                      0x08003110   Section        0  tasks.o(i.xTaskGetTickCount)
    i.xTaskIncrementTick                     0x0800311c   Section        0  tasks.o(i.xTaskIncrementTick)
    i.xTaskPriorityDisinherit                0x08003284   Section        0  tasks.o(i.xTaskPriorityDisinherit)
    i.xTaskRemoveFromEventList               0x08003368   Section        0  tasks.o(i.xTaskRemoveFromEventList)
    i.xTaskResumeAll                         0x08003474   Section        0  tasks.o(i.xTaskResumeAll)
    i.xTimerCreateTimerTask                  0x080035d4   Section        0  timers.o(i.xTimerCreateTimerTask)
    .constdata                               0x08003654   Section       16  system_stm32f1xx.o(.constdata)
    .constdata                               0x08003664   Section        8  system_stm32f1xx.o(.constdata)
    .data                                    0x20000000   Section        4  system_stm32f1xx.o(.data)
    .data                                    0x20000004   Section       12  freertos_demo.o(.data)
    .data                                    0x20000010   Section        4  delay.o(.data)
    g_fac_us                                 0x20000010   Data           4  delay.o(.data)
    .data                                    0x20000014   Section        4  usart.o(.data)
    .data                                    0x20000018   Section        4  usart.o(.data)
    .data                                    0x2000001c   Section       12  stm32f1xx_hal.o(.data)
    .data                                    0x20000028   Section       20  timers.o(.data)
    xTimerQueue                              0x20000028   Data           4  timers.o(.data)
    xTimerTaskHandle                         0x2000002c   Data           4  timers.o(.data)
    xLastTime                                0x20000030   Data           4  timers.o(.data)
    pxCurrentTimerList                       0x20000034   Data           4  timers.o(.data)
    pxOverflowTimerList                      0x20000038   Data           4  timers.o(.data)
    .data                                    0x2000003c   Section       64  tasks.o(.data)
    uxDeletedTasksWaitingCleanUp             0x20000040   Data           4  tasks.o(.data)
    uxCurrentNumberOfTasks                   0x20000044   Data           4  tasks.o(.data)
    xTickCount                               0x20000048   Data           4  tasks.o(.data)
    uxTopReadyPriority                       0x2000004c   Data           4  tasks.o(.data)
    xSchedulerRunning                        0x20000050   Data           4  tasks.o(.data)
    xPendedTicks                             0x20000054   Data           4  tasks.o(.data)
    xYieldPending                            0x20000058   Data           4  tasks.o(.data)
    xNumOfOverflows                          0x2000005c   Data           4  tasks.o(.data)
    uxTaskNumber                             0x20000060   Data           4  tasks.o(.data)
    xNextTaskUnblockTime                     0x20000064   Data           4  tasks.o(.data)
    xIdleTaskHandle                          0x20000068   Data           4  tasks.o(.data)
    uxSchedulerSuspended                     0x20000070   Data           4  tasks.o(.data)
    pxDelayedTaskList                        0x20000074   Data           4  tasks.o(.data)
    pxOverflowDelayedTaskList                0x20000078   Data           4  tasks.o(.data)
    .data                                    0x2000007c   Section       28  heap_4.o(.data)
    pxEnd                                    0x2000007c   Data           4  heap_4.o(.data)
    xFreeBytesRemaining                      0x20000080   Data           4  heap_4.o(.data)
    xMinimumEverFreeBytesRemaining           0x20000084   Data           4  heap_4.o(.data)
    xNumberOfSuccessfulAllocations           0x20000088   Data           4  heap_4.o(.data)
    xNumberOfSuccessfulFrees                 0x2000008c   Data           4  heap_4.o(.data)
    xStart                                   0x20000090   Data           8  heap_4.o(.data)
    .data                                    0x20000098   Section       12  port.o(.data)
    ucMaxSysCallPriority                     0x20000098   Data           1  port.o(.data)
    uxCriticalNesting                        0x2000009c   Data           4  port.o(.data)
    ulMaxPRIGROUPValue                       0x200000a0   Data           4  port.o(.data)
    .bss                                     0x200000a4   Section      264  usart.o(.bss)
    .bss                                     0x200001ac   Section      144  btim.o(.bss)
    .bss                                     0x2000023c   Section       40  timers.o(.bss)
    xActiveTimerList1                        0x2000023c   Data          20  timers.o(.bss)
    xActiveTimerList2                        0x20000250   Data          20  timers.o(.bss)
    .bss                                     0x20000264   Section      740  tasks.o(.bss)
    pxReadyTasksLists                        0x20000264   Data         640  tasks.o(.bss)
    xDelayedTaskList1                        0x200004e4   Data          20  tasks.o(.bss)
    xDelayedTaskList2                        0x200004f8   Data          20  tasks.o(.bss)
    xPendingReadyList                        0x2000050c   Data          20  tasks.o(.bss)
    xTasksWaitingTermination                 0x20000520   Data          20  tasks.o(.bss)
    xSuspendedTaskList                       0x20000534   Data          20  tasks.o(.bss)
    .bss                                     0x20000548   Section       64  queue.o(.bss)
    .bss                                     0x20000588   Section    10240  heap_4.o(.bss)
    ucHeap                                   0x20000588   Data       10240  heap_4.o(.bss)
    .bss                                     0x20002d88   Section       96  libspace.o(.bss)
    HEAP                                     0x20002de8   Section      512  startup_stm32f103xe.o(HEAP)
    Heap_Mem                                 0x20002de8   Data         512  startup_stm32f103xe.o(HEAP)
    STACK                                    0x20002fe8   Section     1024  startup_stm32f103xe.o(STACK)
    Stack_Mem                                0x20002fe8   Data        1024  startup_stm32f103xe.o(STACK)
    __initial_sp                             0x200033e8   Data           0  startup_stm32f103xe.o(STACK)

    Global Symbols

    Symbol Name                              Value     Ov Type        Size  Object(Section)

    BuildAttributes$$THM_ISAv4$P$D$K$B$S$PE$A:L22UL41UL21$X:L11$S22US41US21$IEEE1$IW$USESV6$~STKCKD$USESV7$~SHL$OSPACE$ROPI$EBA8$UX$STANDARDLIB$REQ8$PRES8$EABIv2 0x00000000   Number         0  anon$$obj.o ABSOLUTE
    __ARM_use_no_argv                        0x00000000   Number         0  main.o ABSOLUTE
    __ARM_exceptions_init                     - Undefined Weak Reference
    __alloca_initialize                       - Undefined Weak Reference
    __arm_fini_                               - Undefined Weak Reference
    __arm_preinit_                            - Undefined Weak Reference
    __cpp_initialize__aeabi_                  - Undefined Weak Reference
    __cxa_finalize                            - Undefined Weak Reference
    __rt_locale                               - Undefined Weak Reference
    __sigvec_lookup                           - Undefined Weak Reference
    _atexit_init                              - Undefined Weak Reference
    _call_atexit_fns                          - Undefined Weak Reference
    _clock_init                               - Undefined Weak Reference
    _fp_trap_init                             - Undefined Weak Reference
    _fp_trap_shutdown                         - Undefined Weak Reference
    _get_lc_collate                           - Undefined Weak Reference
    _get_lc_ctype                             - Undefined Weak Reference
    _get_lc_monetary                          - Undefined Weak Reference
    _get_lc_numeric                           - Undefined Weak Reference
    _get_lc_time                              - Undefined Weak Reference
    _getenv_init                              - Undefined Weak Reference
    _handle_redirection                       - Undefined Weak Reference
    _init_alloc                               - Undefined Weak Reference
    _init_user_alloc                          - Undefined Weak Reference
    _initio                                   - Undefined Weak Reference
    _mutex_acquire                            - Undefined Weak Reference
    _mutex_release                            - Undefined Weak Reference
    _printf_mbtowc                            - Undefined Weak Reference
    _printf_post_padding                      - Undefined Weak Reference
    _printf_pre_padding                       - Undefined Weak Reference
    _printf_truncate_signed                   - Undefined Weak Reference
    _printf_truncate_unsigned                 - Undefined Weak Reference
    _rand_init                                - Undefined Weak Reference
    _signal_finish                            - Undefined Weak Reference
    _signal_init                              - Undefined Weak Reference
    _terminate_alloc                          - Undefined Weak Reference
    _terminate_user_alloc                     - Undefined Weak Reference
    _terminateio                              - Undefined Weak Reference
    __Vectors_Size                           0x00000130   Number         0  startup_stm32f103xe.o ABSOLUTE
    __Vectors                                0x08000000   Data           4  startup_stm32f103xe.o(RESET)
    __Vectors_End                            0x08000130   Data           0  startup_stm32f103xe.o(RESET)
    __main                                   0x08000131   Thumb Code     8  __main.o(!!!main)
    __scatterload                            0x08000139   Thumb Code     0  __scatter.o(!!!scatter)
    __scatterload_rt2                        0x08000139   Thumb Code    44  __scatter.o(!!!scatter)
    __scatterload_rt2_thumb_only             0x08000139   Thumb Code     0  __scatter.o(!!!scatter)
    __scatterload_null                       0x08000147   Thumb Code     0  __scatter.o(!!!scatter)
    __scatterload_copy                       0x0800016d   Thumb Code    26  __scatter_copy.o(!!handler_copy)
    __scatterload_zeroinit                   0x08000189   Thumb Code    28  __scatter_zi.o(!!handler_zi)
    _printf_d                                0x080001a5   Thumb Code     0  _printf_d.o(.ARM.Collect$$_printf_percent$$00000009)
    _printf_percent                          0x080001a5   Thumb Code     0  _printf_percent.o(.ARM.Collect$$_printf_percent$$00000000)
    _printf_s                                0x080001ab   Thumb Code     0  _printf_s.o(.ARM.Collect$$_printf_percent$$00000014)
    _printf_percent_end                      0x080001b1   Thumb Code     0  _printf_percent_end.o(.ARM.Collect$$_printf_percent$$00000017)
    __rt_lib_init                            0x080001b5   Thumb Code     0  libinit.o(.ARM.Collect$$libinit$$00000000)
    __rt_lib_init_alloca_1                   0x080001b7   Thumb Code     0  libinit2.o(.ARM.Collect$$libinit$$0000002E)
    __rt_lib_init_argv_1                     0x080001b7   Thumb Code     0  libinit2.o(.ARM.Collect$$libinit$$0000002C)
    __rt_lib_init_atexit_1                   0x080001b7   Thumb Code     0  libinit2.o(.ARM.Collect$$libinit$$0000001B)
    __rt_lib_init_clock_1                    0x080001b7   Thumb Code     0  libinit2.o(.ARM.Collect$$libinit$$00000021)
    __rt_lib_init_cpp_1                      0x080001b7   Thumb Code     0  libinit2.o(.ARM.Collect$$libinit$$00000032)
    __rt_lib_init_exceptions_1               0x080001b7   Thumb Code     0  libinit2.o(.ARM.Collect$$libinit$$00000030)
    __rt_lib_init_fp_1                       0x080001b7   Thumb Code     0  libinit2.o(.ARM.Collect$$libinit$$00000002)
    __rt_lib_init_fp_trap_1                  0x080001b7   Thumb Code     0  libinit2.o(.ARM.Collect$$libinit$$0000001F)
    __rt_lib_init_getenv_1                   0x080001b7   Thumb Code     0  libinit2.o(.ARM.Collect$$libinit$$00000023)
    __rt_lib_init_heap_1                     0x080001b7   Thumb Code     0  libinit2.o(.ARM.Collect$$libinit$$0000000A)
    __rt_lib_init_lc_collate_1               0x080001b7   Thumb Code     0  libinit2.o(.ARM.Collect$$libinit$$00000011)
    __rt_lib_init_lc_ctype_1                 0x080001b7   Thumb Code     0  libinit2.o(.ARM.Collect$$libinit$$00000013)
    __rt_lib_init_lc_monetary_1              0x080001b7   Thumb Code     0  libinit2.o(.ARM.Collect$$libinit$$00000015)
    __rt_lib_init_lc_numeric_1               0x080001b7   Thumb Code     0  libinit2.o(.ARM.Collect$$libinit$$00000017)
    __rt_lib_init_lc_time_1                  0x080001b7   Thumb Code     0  libinit2.o(.ARM.Collect$$libinit$$00000019)
    __rt_lib_init_preinit_1                  0x080001b7   Thumb Code     0  libinit2.o(.ARM.Collect$$libinit$$00000004)
    __rt_lib_init_rand_1                     0x080001b7   Thumb Code     0  libinit2.o(.ARM.Collect$$libinit$$0000000E)
    __rt_lib_init_return                     0x080001b7   Thumb Code     0  libinit2.o(.ARM.Collect$$libinit$$00000033)
    __rt_lib_init_signal_1                   0x080001b7   Thumb Code     0  libinit2.o(.ARM.Collect$$libinit$$0000001D)
    __rt_lib_init_stdio_1                    0x080001b7   Thumb Code     0  libinit2.o(.ARM.Collect$$libinit$$00000025)
    __rt_lib_init_user_alloc_1               0x080001b7   Thumb Code     0  libinit2.o(.ARM.Collect$$libinit$$0000000C)
    __rt_lib_shutdown                        0x080001b9   Thumb Code     0  libshutdown.o(.ARM.Collect$$libshutdown$$00000000)
    __rt_lib_shutdown_cpp_1                  0x080001bb   Thumb Code     0  libshutdown2.o(.ARM.Collect$$libshutdown$$00000004)
    __rt_lib_shutdown_fini_1                 0x080001bb   Thumb Code     0  libshutdown2.o(.ARM.Collect$$libshutdown$$00000002)
    __rt_lib_shutdown_fp_trap_1              0x080001bb   Thumb Code     0  libshutdown2.o(.ARM.Collect$$libshutdown$$00000009)
    __rt_lib_shutdown_heap_1                 0x080001bb   Thumb Code     0  libshutdown2.o(.ARM.Collect$$libshutdown$$00000011)
    __rt_lib_shutdown_return                 0x080001bb   Thumb Code     0  libshutdown2.o(.ARM.Collect$$libshutdown$$00000012)
    __rt_lib_shutdown_signal_1               0x080001bb   Thumb Code     0  libshutdown2.o(.ARM.Collect$$libshutdown$$0000000C)
    __rt_lib_shutdown_stdio_1                0x080001bb   Thumb Code     0  libshutdown2.o(.ARM.Collect$$libshutdown$$00000006)
    __rt_lib_shutdown_user_alloc_1           0x080001bb   Thumb Code     0  libshutdown2.o(.ARM.Collect$$libshutdown$$0000000E)
    __rt_entry                               0x080001bd   Thumb Code     0  __rtentry.o(.ARM.Collect$$rtentry$$00000000)
    __rt_entry_presh_1                       0x080001bd   Thumb Code     0  __rtentry2.o(.ARM.Collect$$rtentry$$00000002)
    __rt_entry_sh                            0x080001bd   Thumb Code     0  __rtentry4.o(.ARM.Collect$$rtentry$$00000004)
    __rt_entry_li                            0x080001c3   Thumb Code     0  __rtentry2.o(.ARM.Collect$$rtentry$$0000000A)
    __rt_entry_postsh_1                      0x080001c3   Thumb Code     0  __rtentry2.o(.ARM.Collect$$rtentry$$00000009)
    __rt_entry_main                          0x080001c7   Thumb Code     0  __rtentry2.o(.ARM.Collect$$rtentry$$0000000D)
    __rt_entry_postli_1                      0x080001c7   Thumb Code     0  __rtentry2.o(.ARM.Collect$$rtentry$$0000000C)
    __rt_exit                                0x080001cf   Thumb Code     0  rtexit.o(.ARM.Collect$$rtexit$$00000000)
    __rt_exit_ls                             0x080001d1   Thumb Code     0  rtexit2.o(.ARM.Collect$$rtexit$$00000003)
    __rt_exit_prels_1                        0x080001d1   Thumb Code     0  rtexit2.o(.ARM.Collect$$rtexit$$00000002)
    __rt_exit_exit                           0x080001d5   Thumb Code     0  rtexit2.o(.ARM.Collect$$rtexit$$00000004)
    SVC_Handler                              0x080001dd   Thumb Code    32  port.o(.emb_text)
    __asm___6_port_c_39a90d8d__prvStartFirstTask 0x08000201   Thumb Code    28  port.o(.emb_text)
    PendSV_Handler                           0x08000221   Thumb Code    72  port.o(.emb_text)
    vPortGetIPSR                             0x0800026d   Thumb Code     6  port.o(.emb_text)
    Reset_Handler                            0x08000275   Thumb Code     8  startup_stm32f103xe.o(.text)
    ADC1_2_IRQHandler                        0x0800028f   Thumb Code     0  startup_stm32f103xe.o(.text)
    ADC3_IRQHandler                          0x0800028f   Thumb Code     0  startup_stm32f103xe.o(.text)
    CAN1_RX1_IRQHandler                      0x0800028f   Thumb Code     0  startup_stm32f103xe.o(.text)
    CAN1_SCE_IRQHandler                      0x0800028f   Thumb Code     0  startup_stm32f103xe.o(.text)
    DMA1_Channel1_IRQHandler                 0x0800028f   Thumb Code     0  startup_stm32f103xe.o(.text)
    DMA1_Channel2_IRQHandler                 0x0800028f   Thumb Code     0  startup_stm32f103xe.o(.text)
    DMA1_Channel3_IRQHandler                 0x0800028f   Thumb Code     0  startup_stm32f103xe.o(.text)
    DMA1_Channel4_IRQHandler                 0x0800028f   Thumb Code     0  startup_stm32f103xe.o(.text)
    DMA1_Channel5_IRQHandler                 0x0800028f   Thumb Code     0  startup_stm32f103xe.o(.text)
    DMA1_Channel6_IRQHandler                 0x0800028f   Thumb Code     0  startup_stm32f103xe.o(.text)
    DMA1_Channel7_IRQHandler                 0x0800028f   Thumb Code     0  startup_stm32f103xe.o(.text)
    DMA2_Channel1_IRQHandler                 0x0800028f   Thumb Code     0  startup_stm32f103xe.o(.text)
    DMA2_Channel2_IRQHandler                 0x0800028f   Thumb Code     0  startup_stm32f103xe.o(.text)
    DMA2_Channel3_IRQHandler                 0x0800028f   Thumb Code     0  startup_stm32f103xe.o(.text)
    DMA2_Channel4_5_IRQHandler               0x0800028f   Thumb Code     0  startup_stm32f103xe.o(.text)
    EXTI1_IRQHandler                         0x0800028f   Thumb Code     0  startup_stm32f103xe.o(.text)
    EXTI2_IRQHandler                         0x0800028f   Thumb Code     0  startup_stm32f103xe.o(.text)
    EXTI3_IRQHandler                         0x0800028f   Thumb Code     0  startup_stm32f103xe.o(.text)
    EXTI4_IRQHandler                         0x0800028f   Thumb Code     0  startup_stm32f103xe.o(.text)
    FLASH_IRQHandler                         0x0800028f   Thumb Code     0  startup_stm32f103xe.o(.text)
    FSMC_IRQHandler                          0x0800028f   Thumb Code     0  startup_stm32f103xe.o(.text)
    I2C1_ER_IRQHandler                       0x0800028f   Thumb Code     0  startup_stm32f103xe.o(.text)
    I2C1_EV_IRQHandler                       0x0800028f   Thumb Code     0  startup_stm32f103xe.o(.text)
    I2C2_ER_IRQHandler                       0x0800028f   Thumb Code     0  startup_stm32f103xe.o(.text)
    I2C2_EV_IRQHandler                       0x0800028f   Thumb Code     0  startup_stm32f103xe.o(.text)
    PVD_IRQHandler                           0x0800028f   Thumb Code     0  startup_stm32f103xe.o(.text)
    RCC_IRQHandler                           0x0800028f   Thumb Code     0  startup_stm32f103xe.o(.text)
    RTC_Alarm_IRQHandler                     0x0800028f   Thumb Code     0  startup_stm32f103xe.o(.text)
    RTC_IRQHandler                           0x0800028f   Thumb Code     0  startup_stm32f103xe.o(.text)
    SDIO_IRQHandler                          0x0800028f   Thumb Code     0  startup_stm32f103xe.o(.text)
    SPI1_IRQHandler                          0x0800028f   Thumb Code     0  startup_stm32f103xe.o(.text)
    SPI2_IRQHandler                          0x0800028f   Thumb Code     0  startup_stm32f103xe.o(.text)
    SPI3_IRQHandler                          0x0800028f   Thumb Code     0  startup_stm32f103xe.o(.text)
    TAMPER_IRQHandler                        0x0800028f   Thumb Code     0  startup_stm32f103xe.o(.text)
    TIM1_BRK_IRQHandler                      0x0800028f   Thumb Code     0  startup_stm32f103xe.o(.text)
    TIM1_CC_IRQHandler                       0x0800028f   Thumb Code     0  startup_stm32f103xe.o(.text)
    TIM1_TRG_COM_IRQHandler                  0x0800028f   Thumb Code     0  startup_stm32f103xe.o(.text)
    TIM1_UP_IRQHandler                       0x0800028f   Thumb Code     0  startup_stm32f103xe.o(.text)
    TIM2_IRQHandler                          0x0800028f   Thumb Code     0  startup_stm32f103xe.o(.text)
    TIM3_IRQHandler                          0x0800028f   Thumb Code     0  startup_stm32f103xe.o(.text)
    TIM4_IRQHandler                          0x0800028f   Thumb Code     0  startup_stm32f103xe.o(.text)
    TIM5_IRQHandler                          0x0800028f   Thumb Code     0  startup_stm32f103xe.o(.text)
    TIM8_BRK_IRQHandler                      0x0800028f   Thumb Code     0  startup_stm32f103xe.o(.text)
    TIM8_CC_IRQHandler                       0x0800028f   Thumb Code     0  startup_stm32f103xe.o(.text)
    TIM8_TRG_COM_IRQHandler                  0x0800028f   Thumb Code     0  startup_stm32f103xe.o(.text)
    TIM8_UP_IRQHandler                       0x0800028f   Thumb Code     0  startup_stm32f103xe.o(.text)
    UART4_IRQHandler                         0x0800028f   Thumb Code     0  startup_stm32f103xe.o(.text)
    UART5_IRQHandler                         0x0800028f   Thumb Code     0  startup_stm32f103xe.o(.text)
    USART2_IRQHandler                        0x0800028f   Thumb Code     0  startup_stm32f103xe.o(.text)
    USART3_IRQHandler                        0x0800028f   Thumb Code     0  startup_stm32f103xe.o(.text)
    USBWakeUp_IRQHandler                     0x0800028f   Thumb Code     0  startup_stm32f103xe.o(.text)
    USB_HP_CAN1_TX_IRQHandler                0x0800028f   Thumb Code     0  startup_stm32f103xe.o(.text)
    USB_LP_CAN1_RX0_IRQHandler               0x0800028f   Thumb Code     0  startup_stm32f103xe.o(.text)
    WWDG_IRQHandler                          0x0800028f   Thumb Code     0  startup_stm32f103xe.o(.text)
    __user_initial_stackheap                 0x08000291   Thumb Code     0  startup_stm32f103xe.o(.text)
    __use_no_semihosting                     0x080002b5   Thumb Code     2  use_no_semi_2.o(.text)
    __2printf                                0x080002b9   Thumb Code    20  noretval__2printf.o(.text)
    __printf                                 0x080002d1   Thumb Code   104  __printf.o(.text)
    _printf_str                              0x08000339   Thumb Code    82  _printf_str.o(.text)
    _printf_int_dec                          0x0800038d   Thumb Code   104  _printf_dec.o(.text)
    __aeabi_memcpy                           0x08000405   Thumb Code     0  rt_memcpy_v6.o(.text)
    __rt_memcpy                              0x08000405   Thumb Code   138  rt_memcpy_v6.o(.text)
    _memcpy_lastbytes                        0x0800046b   Thumb Code     0  rt_memcpy_v6.o(.text)
    __aeabi_memset                           0x0800048f   Thumb Code    16  aeabi_memset.o(.text)
    __aeabi_memclr                           0x0800049f   Thumb Code     0  rt_memclr.o(.text)
    __rt_memclr                              0x0800049f   Thumb Code    68  rt_memclr.o(.text)
    _memset                                  0x080004a3   Thumb Code     0  rt_memclr.o(.text)
    __aeabi_memclr4                          0x080004e3   Thumb Code     0  rt_memclr_w.o(.text)
    __aeabi_memclr8                          0x080004e3   Thumb Code     0  rt_memclr_w.o(.text)
    __rt_memclr_w                            0x080004e3   Thumb Code    78  rt_memclr_w.o(.text)
    _memset_w                                0x080004e7   Thumb Code     0  rt_memclr_w.o(.text)
    __use_two_region_memory                  0x08000531   Thumb Code     2  heapauxi.o(.text)
    __rt_heap_escrow$2region                 0x08000533   Thumb Code     2  heapauxi.o(.text)
    __rt_heap_expand$2region                 0x08000535   Thumb Code     2  heapauxi.o(.text)
    __semihosting$guard                      0x08000537   Thumb Code     0  use_no_semi.o(.text)
    __use_no_semihosting_swi                 0x08000537   Thumb Code     2  use_no_semi.o(.text)
    _printf_int_common                       0x08000539   Thumb Code   178  _printf_intcommon.o(.text)
    _printf_char_common                      0x080005f7   Thumb Code    32  _printf_char_common.o(.text)
    _printf_cs_common                        0x0800061d   Thumb Code    20  _printf_char.o(.text)
    _printf_char                             0x08000631   Thumb Code    16  _printf_char.o(.text)
    _printf_string                           0x08000641   Thumb Code     8  _printf_char.o(.text)
    _printf_char_file                        0x08000649   Thumb Code    32  _printf_char_file.o(.text)
    __aeabi_memcpy4                          0x0800066d   Thumb Code     0  rt_memcpy_w.o(.text)
    __aeabi_memcpy8                          0x0800066d   Thumb Code     0  rt_memcpy_w.o(.text)
    __rt_memcpy_w                            0x0800066d   Thumb Code   100  rt_memcpy_w.o(.text)
    _memcpy_lastbytes_aligned                0x080006b5   Thumb Code     0  rt_memcpy_w.o(.text)
    ferror                                   0x080006d1   Thumb Code     8  ferror.o(.text)
    __user_setup_stackheap                   0x080006d9   Thumb Code    74  sys_stackheap_outer.o(.text)
    exit                                     0x08000723   Thumb Code    18  exit.o(.text)
    __user_libspace                          0x08000735   Thumb Code     8  libspace.o(.text)
    __user_perproc_libspace                  0x08000735   Thumb Code     0  libspace.o(.text)
    __user_perthread_libspace                0x08000735   Thumb Code     0  libspace.o(.text)
    BusFault_Handler                         0x0800073d   Thumb Code     2  stm32f1xx_it.o(i.BusFault_Handler)
    DebugMon_Handler                         0x0800073f   Thumb Code     2  stm32f1xx_it.o(i.DebugMon_Handler)
    EXTI0_IRQHandler                         0x08000741   Thumb Code    16  exti.o(i.EXTI0_IRQHandler)
    EXTI15_10_IRQHandler                     0x08000755   Thumb Code    18  exti.o(i.EXTI15_10_IRQHandler)
    EXTI9_5_IRQHandler                       0x0800076d   Thumb Code    16  exti.o(i.EXTI9_5_IRQHandler)
    HAL_DMA_Abort_IT                         0x08000781   Thumb Code   296  stm32f1xx_hal_dma.o(i.HAL_DMA_Abort_IT)
    HAL_GPIO_EXTI_Callback                   0x080008b1   Thumb Code   100  exti.o(i.HAL_GPIO_EXTI_Callback)
    HAL_GPIO_EXTI_IRQHandler                 0x08000921   Thumb Code    18  stm32f1xx_hal_gpio.o(i.HAL_GPIO_EXTI_IRQHandler)
    HAL_GPIO_Init                            0x08000939   Thumb Code   462  stm32f1xx_hal_gpio.o(i.HAL_GPIO_Init)
    HAL_GPIO_ReadPin                         0x08000b31   Thumb Code    10  stm32f1xx_hal_gpio.o(i.HAL_GPIO_ReadPin)
    HAL_GPIO_TogglePin                       0x08000b3b   Thumb Code    16  stm32f1xx_hal_gpio.o(i.HAL_GPIO_TogglePin)
    HAL_GetTick                              0x08000b4d   Thumb Code     6  stm32f1xx_hal.o(i.HAL_GetTick)
    HAL_IncTick                              0x08000b59   Thumb Code    12  stm32f1xx_hal.o(i.HAL_IncTick)
    HAL_Init                                 0x08000b69   Thumb Code    32  stm32f1xx_hal.o(i.HAL_Init)
    HAL_InitTick                             0x08000b8d   Thumb Code    54  stm32f1xx_hal.o(i.HAL_InitTick)
    HAL_MspInit                              0x08000bcd   Thumb Code     2  stm32f1xx_hal.o(i.HAL_MspInit)
    HAL_NVIC_EnableIRQ                       0x08000bcf   Thumb Code    26  stm32f1xx_hal_cortex.o(i.HAL_NVIC_EnableIRQ)
    HAL_NVIC_SetPriority                     0x08000be9   Thumb Code    60  stm32f1xx_hal_cortex.o(i.HAL_NVIC_SetPriority)
    HAL_NVIC_SetPriorityGrouping             0x08000c29   Thumb Code    26  stm32f1xx_hal_cortex.o(i.HAL_NVIC_SetPriorityGrouping)
    HAL_RCC_ClockConfig                      0x08000c4d   Thumb Code   280  stm32f1xx_hal_rcc.o(i.HAL_RCC_ClockConfig)
    HAL_RCC_GetPCLK1Freq                     0x08000d79   Thumb Code    20  stm32f1xx_hal_rcc.o(i.HAL_RCC_GetPCLK1Freq)
    HAL_RCC_GetPCLK2Freq                     0x08000d99   Thumb Code    20  stm32f1xx_hal_rcc.o(i.HAL_RCC_GetPCLK2Freq)
    HAL_RCC_GetSysClockFreq                  0x08000db9   Thumb Code    74  stm32f1xx_hal_rcc.o(i.HAL_RCC_GetSysClockFreq)
    HAL_RCC_OscConfig                        0x08000e25   Thumb Code   778  stm32f1xx_hal_rcc.o(i.HAL_RCC_OscConfig)
    HAL_SYSTICK_CLKSourceConfig              0x08001145   Thumb Code    24  stm32f1xx_hal_cortex.o(i.HAL_SYSTICK_CLKSourceConfig)
    HAL_SYSTICK_Config                       0x0800115d   Thumb Code    40  stm32f1xx_hal_cortex.o(i.HAL_SYSTICK_Config)
    HAL_TIMEx_BreakCallback                  0x08001185   Thumb Code     2  stm32f1xx_hal_tim_ex.o(i.HAL_TIMEx_BreakCallback)
    HAL_TIMEx_CommutCallback                 0x08001187   Thumb Code     2  stm32f1xx_hal_tim_ex.o(i.HAL_TIMEx_CommutCallback)
    HAL_TIM_IC_CaptureCallback               0x08001189   Thumb Code     2  stm32f1xx_hal_tim.o(i.HAL_TIM_IC_CaptureCallback)
    HAL_TIM_IRQHandler                       0x0800118b   Thumb Code   358  stm32f1xx_hal_tim.o(i.HAL_TIM_IRQHandler)
    HAL_TIM_OC_DelayElapsedCallback          0x080012f1   Thumb Code     2  stm32f1xx_hal_tim.o(i.HAL_TIM_OC_DelayElapsedCallback)
    HAL_TIM_PWM_PulseFinishedCallback        0x080012f3   Thumb Code     2  stm32f1xx_hal_tim.o(i.HAL_TIM_PWM_PulseFinishedCallback)
    HAL_TIM_PeriodElapsedCallback            0x080012f5   Thumb Code    26  btim.o(i.HAL_TIM_PeriodElapsedCallback)
    HAL_TIM_TriggerCallback                  0x08001351   Thumb Code     2  stm32f1xx_hal_tim.o(i.HAL_TIM_TriggerCallback)
    HAL_UART_ErrorCallback                   0x08001353   Thumb Code     2  stm32f1xx_hal_uart.o(i.HAL_UART_ErrorCallback)
    HAL_UART_IRQHandler                      0x08001355   Thumb Code   344  stm32f1xx_hal_uart.o(i.HAL_UART_IRQHandler)
    HAL_UART_Init                            0x080014b1   Thumb Code    98  stm32f1xx_hal_uart.o(i.HAL_UART_Init)
    HAL_UART_MspInit                         0x08001515   Thumb Code   126  usart.o(i.HAL_UART_MspInit)
    HAL_UART_Receive_IT                      0x080015a1   Thumb Code    82  stm32f1xx_hal_uart.o(i.HAL_UART_Receive_IT)
    HAL_UART_RxCpltCallback                  0x080015f5   Thumb Code    90  usart.o(i.HAL_UART_RxCpltCallback)
    HAL_UART_TxCpltCallback                  0x0800165d   Thumb Code     2  stm32f1xx_hal_uart.o(i.HAL_UART_TxCpltCallback)
    HardFault_Handler                        0x0800165f   Thumb Code     2  stm32f1xx_it.o(i.HardFault_Handler)
    MemManage_Handler                        0x08001661   Thumb Code     2  stm32f1xx_it.o(i.MemManage_Handler)
    NMI_Handler                              0x08001663   Thumb Code     2  stm32f1xx_it.o(i.NMI_Handler)
    SysTick_Handler                          0x08001665   Thumb Code    24  delay.o(i.SysTick_Handler)
    SystemInit                               0x0800167d   Thumb Code     2  system_stm32f1xx.o(i.SystemInit)
    TIM6_IRQHandler                          0x08001681   Thumb Code     6  btim.o(i.TIM6_IRQHandler)
    TIM7_IRQHandler                          0x0800168d   Thumb Code     6  btim.o(i.TIM7_IRQHandler)
    USART1_IRQHandler                        0x08001809   Thumb Code    24  usart.o(i.USART1_IRQHandler)
    UsageFault_Handler                       0x08001829   Thumb Code     2  stm32f1xx_it.o(i.UsageFault_Handler)
    _sys_exit                                0x0800184b   Thumb Code     2  usart.o(i._sys_exit)
    delay_init                               0x0800184d   Thumb Code    48  delay.o(i.delay_init)
    delay_ms                                 0x08001881   Thumb Code    26  delay.o(i.delay_ms)
    delay_us                                 0x0800189d   Thumb Code    48  delay.o(i.delay_us)
    fputc                                    0x080018d1   Thumb Code    18  usart.o(i.fputc)
    freertos_demo                            0x080018e9   Thumb Code    30  freertos_demo.o(i.freertos_demo)
    main                                     0x0800191d   Thumb Code    36  main.o(i.main)
    pvPortMalloc                             0x080021ed   Thumb Code   200  heap_4.o(i.pvPortMalloc)
    pxPortInitialiseStack                    0x08002301   Thumb Code    32  port.o(i.pxPortInitialiseStack)
    start_task                               0x08002325   Thumb Code    62  freertos_demo.o(i.start_task)
    sys_stm32_clock_init                     0x08002381   Thumb Code    86  sys.o(i.sys_stm32_clock_init)
    task1                                    0x080023d9   Thumb Code    26  freertos_demo.o(i.task1)
    task2                                    0x080023f9   Thumb Code    28  freertos_demo.o(i.task2)
    usart_init                               0x08002419   Thumb Code    44  usart.o(i.usart_init)
    uxListRemove                             0x08002451   Thumb Code    38  list.o(i.uxListRemove)
    uxTaskGetNumberOfTasks                   0x08002479   Thumb Code     6  tasks.o(i.uxTaskGetNumberOfTasks)
    vListInitialise                          0x08002485   Thumb Code    22  list.o(i.vListInitialise)
    vListInitialiseItem                      0x0800249b   Thumb Code     6  list.o(i.vListInitialiseItem)
    vListInsert                              0x080024a1   Thumb Code    48  list.o(i.vListInsert)
    vListInsertEnd                           0x080024d1   Thumb Code    24  list.o(i.vListInsertEnd)
    vPortEnterCritical                       0x080024e9   Thumb Code    50  port.o(i.vPortEnterCritical)
    vPortExitCritical                        0x0800256d   Thumb Code    34  port.o(i.vPortExitCritical)
    vPortFree                                0x080025dd   Thumb Code    98  heap_4.o(i.vPortFree)
    vPortSetupTimerInterrupt                 0x0800268d   Thumb Code    32  port.o(i.vPortSetupTimerInterrupt)
    vQueueAddToRegistry                      0x080026b1   Thumb Code    74  queue.o(i.vQueueAddToRegistry)
    vQueueWaitForMessageRestricted           0x08002735   Thumb Code    68  queue.o(i.vQueueWaitForMessageRestricted)
    vTaskDelay                               0x08002779   Thumb Code    62  tasks.o(i.vTaskDelay)
    vTaskDelete                              0x080027f5   Thumb Code   158  tasks.o(i.vTaskDelete)
    vTaskInternalSetTimeOutState             0x080028d9   Thumb Code    12  tasks.o(i.vTaskInternalSetTimeOutState)
    vTaskMissedYield                         0x080028e9   Thumb Code     8  tasks.o(i.vTaskMissedYield)
    vTaskPlaceOnEventList                    0x080028f5   Thumb Code    44  tasks.o(i.vTaskPlaceOnEventList)
    vTaskPlaceOnEventListRestricted          0x08002959   Thumb Code    78  tasks.o(i.vTaskPlaceOnEventListRestricted)
    vTaskStartScheduler                      0x080029e1   Thumb Code    92  tasks.o(i.vTaskStartScheduler)
    vTaskSuspendAll                          0x08002a81   Thumb Code    10  tasks.o(i.vTaskSuspendAll)
    vTaskSwitchContext                       0x08002a91   Thumb Code    80  tasks.o(i.vTaskSwitchContext)
    xPortStartScheduler                      0x08002b1d   Thumb Code   168  port.o(i.xPortStartScheduler)
    xPortSysTickHandler                      0x08002c19   Thumb Code    38  port.o(i.xPortSysTickHandler)
    xQueueGenericCreate                      0x08002c45   Thumb Code    98  queue.o(i.xQueueGenericCreate)
    xQueueGenericReset                       0x08002cdd   Thumb Code   170  queue.o(i.xQueueGenericReset)
    xQueueReceive                            0x08002dc1   Thumb Code   296  queue.o(i.xQueueReceive)
    xTaskCheckForTimeOut                     0x08002f21   Thumb Code   128  tasks.o(i.xTaskCheckForTimeOut)
    xTaskCreate                              0x08002fd9   Thumb Code    92  tasks.o(i.xTaskCreate)
    xTaskDelayUntil                          0x08003035   Thumb Code   130  tasks.o(i.xTaskDelayUntil)
    xTaskGetSchedulerState                   0x080030f5   Thumb Code    22  tasks.o(i.xTaskGetSchedulerState)
    xTaskGetTickCount                        0x08003111   Thumb Code     6  tasks.o(i.xTaskGetTickCount)
    xTaskIncrementTick                       0x0800311d   Thumb Code   300  tasks.o(i.xTaskIncrementTick)
    xTaskPriorityDisinherit                  0x08003285   Thumb Code   166  tasks.o(i.xTaskPriorityDisinherit)
    xTaskRemoveFromEventList                 0x08003369   Thumb Code   204  tasks.o(i.xTaskRemoveFromEventList)
    xTaskResumeAll                           0x08003475   Thumb Code   282  tasks.o(i.xTaskResumeAll)
    xTimerCreateTimerTask                    0x080035d5   Thumb Code    58  timers.o(i.xTimerCreateTimerTask)
    AHBPrescTable                            0x08003654   Data          16  system_stm32f1xx.o(.constdata)
    APBPrescTable                            0x08003664   Data           8  system_stm32f1xx.o(.constdata)
    Region$$Table$$Base                      0x0800366c   Number         0  anon$$obj.o(Region$$Table)
    Region$$Table$$Limit                     0x0800368c   Number         0  anon$$obj.o(Region$$Table)
    SystemCoreClock                          0x20000000   Data           4  system_stm32f1xx.o(.data)
    start_task_handler                       0x20000004   Data           4  freertos_demo.o(.data)
    task1_handler                            0x20000008   Data           4  freertos_demo.o(.data)
    task2_handler                            0x2000000c   Data           4  freertos_demo.o(.data)
    g_rx_buffer                              0x20000014   Data           1  usart.o(.data)
    g_usart_rx_sta                           0x20000016   Data           2  usart.o(.data)
    __stdout                                 0x20000018   Data           4  usart.o(.data)
    uwTickFreq                               0x2000001c   Data           1  stm32f1xx_hal.o(.data)
    uwTickPrio                               0x20000020   Data           4  stm32f1xx_hal.o(.data)
    uwTick                                   0x20000024   Data           4  stm32f1xx_hal.o(.data)
    pxCurrentTCB                             0x2000003c   Data           4  tasks.o(.data)
    uxTopUsedPriority                        0x2000006c   Data           4  tasks.o(.data)
    g_usart_rx_buf                           0x200000a4   Data         200  usart.o(.bss)
    g_uart1_handle                           0x2000016c   Data          64  usart.o(.bss)
    g_timx_handle                            0x200001ac   Data          72  btim.o(.bss)
    g_tim7_handle                            0x200001f4   Data          72  btim.o(.bss)
    xQueueRegistry                           0x20000548   Data          64  queue.o(.bss)
    __libspace_start                         0x20002d88   Data          96  libspace.o(.bss)
    __temporary_stack_top$libspace           0x20002de8   Data           0  libspace.o(.bss)



==============================================================================

Memory Map of the image

  Image Entry point : 0x08000131

  Load Region LR_IROM1 (Base: 0x08000000, Size: 0x00003730, Max: 0x00080000, ABSOLUTE)

    Execution Region ER_IROM1 (Exec base: 0x08000000, Load base: 0x08000000, Size: 0x0000368c, Max: 0x00080000, ABSOLUTE)

    Exec Addr    Load Addr    Size         Type   Attr      Idx    E Section Name        Object

    0x08000000   0x08000000   0x00000130   Data   RO            3    RESET               startup_stm32f103xe.o
    0x08000130   0x08000130   0x00000008   Code   RO         4908  * !!!main             c_w.l(__main.o)
    0x08000138   0x08000138   0x00000034   Code   RO         5079    !!!scatter          c_w.l(__scatter.o)
    0x0800016c   0x0800016c   0x0000001a   Code   RO         5081    !!handler_copy      c_w.l(__scatter_copy.o)
    0x08000186   0x08000186   0x00000002   PAD
    0x08000188   0x08000188   0x0000001c   Code   RO         5083    !!handler_zi        c_w.l(__scatter_zi.o)
    0x080001a4   0x080001a4   0x00000000   Code   RO         4891    .ARM.Collect$$_printf_percent$$00000000  c_w.l(_printf_percent.o)
    0x080001a4   0x080001a4   0x00000006   Code   RO         4889    .ARM.Collect$$_printf_percent$$00000009  c_w.l(_printf_d.o)
    0x080001aa   0x080001aa   0x00000006   Code   RO         4888    .ARM.Collect$$_printf_percent$$00000014  c_w.l(_printf_s.o)
    0x080001b0   0x080001b0   0x00000004   Code   RO         4923    .ARM.Collect$$_printf_percent$$00000017  c_w.l(_printf_percent_end.o)
    0x080001b4   0x080001b4   0x00000002   Code   RO         4956    .ARM.Collect$$libinit$$00000000  c_w.l(libinit.o)
    0x080001b6   0x080001b6   0x00000000   Code   RO         4963    .ARM.Collect$$libinit$$00000002  c_w.l(libinit2.o)
    0x080001b6   0x080001b6   0x00000000   Code   RO         4965    .ARM.Collect$$libinit$$00000004  c_w.l(libinit2.o)
    0x080001b6   0x080001b6   0x00000000   Code   RO         4968    .ARM.Collect$$libinit$$0000000A  c_w.l(libinit2.o)
    0x080001b6   0x080001b6   0x00000000   Code   RO         4970    .ARM.Collect$$libinit$$0000000C  c_w.l(libinit2.o)
    0x080001b6   0x080001b6   0x00000000   Code   RO         4972    .ARM.Collect$$libinit$$0000000E  c_w.l(libinit2.o)
    0x080001b6   0x080001b6   0x00000000   Code   RO         4975    .ARM.Collect$$libinit$$00000011  c_w.l(libinit2.o)
    0x080001b6   0x080001b6   0x00000000   Code   RO         4977    .ARM.Collect$$libinit$$00000013  c_w.l(libinit2.o)
    0x080001b6   0x080001b6   0x00000000   Code   RO         4979    .ARM.Collect$$libinit$$00000015  c_w.l(libinit2.o)
    0x080001b6   0x080001b6   0x00000000   Code   RO         4981    .ARM.Collect$$libinit$$00000017  c_w.l(libinit2.o)
    0x080001b6   0x080001b6   0x00000000   Code   RO         4983    .ARM.Collect$$libinit$$00000019  c_w.l(libinit2.o)
    0x080001b6   0x080001b6   0x00000000   Code   RO         4985    .ARM.Collect$$libinit$$0000001B  c_w.l(libinit2.o)
    0x080001b6   0x080001b6   0x00000000   Code   RO         4987    .ARM.Collect$$libinit$$0000001D  c_w.l(libinit2.o)
    0x080001b6   0x080001b6   0x00000000   Code   RO         4989    .ARM.Collect$$libinit$$0000001F  c_w.l(libinit2.o)
    0x080001b6   0x080001b6   0x00000000   Code   RO         4991    .ARM.Collect$$libinit$$00000021  c_w.l(libinit2.o)
    0x080001b6   0x080001b6   0x00000000   Code   RO         4993    .ARM.Collect$$libinit$$00000023  c_w.l(libinit2.o)
    0x080001b6   0x080001b6   0x00000000   Code   RO         4995    .ARM.Collect$$libinit$$00000025  c_w.l(libinit2.o)
    0x080001b6   0x080001b6   0x00000000   Code   RO         4999    .ARM.Collect$$libinit$$0000002C  c_w.l(libinit2.o)
    0x080001b6   0x080001b6   0x00000000   Code   RO         5001    .ARM.Collect$$libinit$$0000002E  c_w.l(libinit2.o)
    0x080001b6   0x080001b6   0x00000000   Code   RO         5003    .ARM.Collect$$libinit$$00000030  c_w.l(libinit2.o)
    0x080001b6   0x080001b6   0x00000000   Code   RO         5005    .ARM.Collect$$libinit$$00000032  c_w.l(libinit2.o)
    0x080001b6   0x080001b6   0x00000002   Code   RO         5006    .ARM.Collect$$libinit$$00000033  c_w.l(libinit2.o)
    0x080001b8   0x080001b8   0x00000002   Code   RO         5024    .ARM.Collect$$libshutdown$$00000000  c_w.l(libshutdown.o)
    0x080001ba   0x080001ba   0x00000000   Code   RO         5032    .ARM.Collect$$libshutdown$$00000002  c_w.l(libshutdown2.o)
    0x080001ba   0x080001ba   0x00000000   Code   RO         5034    .ARM.Collect$$libshutdown$$00000004  c_w.l(libshutdown2.o)
    0x080001ba   0x080001ba   0x00000000   Code   RO         5036    .ARM.Collect$$libshutdown$$00000006  c_w.l(libshutdown2.o)
    0x080001ba   0x080001ba   0x00000000   Code   RO         5039    .ARM.Collect$$libshutdown$$00000009  c_w.l(libshutdown2.o)
    0x080001ba   0x080001ba   0x00000000   Code   RO         5042    .ARM.Collect$$libshutdown$$0000000C  c_w.l(libshutdown2.o)
    0x080001ba   0x080001ba   0x00000000   Code   RO         5044    .ARM.Collect$$libshutdown$$0000000E  c_w.l(libshutdown2.o)
    0x080001ba   0x080001ba   0x00000000   Code   RO         5047    .ARM.Collect$$libshutdown$$00000011  c_w.l(libshutdown2.o)
    0x080001ba   0x080001ba   0x00000002   Code   RO         5048    .ARM.Collect$$libshutdown$$00000012  c_w.l(libshutdown2.o)
    0x080001bc   0x080001bc   0x00000000   Code   RO         4912    .ARM.Collect$$rtentry$$00000000  c_w.l(__rtentry.o)
    0x080001bc   0x080001bc   0x00000000   Code   RO         4927    .ARM.Collect$$rtentry$$00000002  c_w.l(__rtentry2.o)
    0x080001bc   0x080001bc   0x00000006   Code   RO         4939    .ARM.Collect$$rtentry$$00000004  c_w.l(__rtentry4.o)
    0x080001c2   0x080001c2   0x00000000   Code   RO         4929    .ARM.Collect$$rtentry$$00000009  c_w.l(__rtentry2.o)
    0x080001c2   0x080001c2   0x00000004   Code   RO         4930    .ARM.Collect$$rtentry$$0000000A  c_w.l(__rtentry2.o)
    0x080001c6   0x080001c6   0x00000000   Code   RO         4932    .ARM.Collect$$rtentry$$0000000C  c_w.l(__rtentry2.o)
    0x080001c6   0x080001c6   0x00000008   Code   RO         4933    .ARM.Collect$$rtentry$$0000000D  c_w.l(__rtentry2.o)
    0x080001ce   0x080001ce   0x00000002   Code   RO         4960    .ARM.Collect$$rtexit$$00000000  c_w.l(rtexit.o)
    0x080001d0   0x080001d0   0x00000000   Code   RO         5008    .ARM.Collect$$rtexit$$00000002  c_w.l(rtexit2.o)
    0x080001d0   0x080001d0   0x00000004   Code   RO         5009    .ARM.Collect$$rtexit$$00000003  c_w.l(rtexit2.o)
    0x080001d4   0x080001d4   0x00000006   Code   RO         5010    .ARM.Collect$$rtexit$$00000004  c_w.l(rtexit2.o)
    0x080001da   0x080001da   0x00000002   PAD
    0x080001dc   0x080001dc   0x00000096   Code   RO         4763    .emb_text           port.o
    0x08000272   0x08000272   0x00000002   PAD
    0x08000274   0x08000274   0x00000040   Code   RO            4    .text               startup_stm32f103xe.o
    0x080002b4   0x080002b4   0x00000002   Code   RO         4851    .text               c_w.l(use_no_semi_2.o)
    0x080002b6   0x080002b6   0x00000002   PAD
    0x080002b8   0x080002b8   0x00000018   Code   RO         4857    .text               c_w.l(noretval__2printf.o)
    0x080002d0   0x080002d0   0x00000068   Code   RO         4861    .text               c_w.l(__printf.o)
    0x08000338   0x08000338   0x00000052   Code   RO         4863    .text               c_w.l(_printf_str.o)
    0x0800038a   0x0800038a   0x00000002   PAD
    0x0800038c   0x0800038c   0x00000078   Code   RO         4865    .text               c_w.l(_printf_dec.o)
    0x08000404   0x08000404   0x0000008a   Code   RO         4896    .text               c_w.l(rt_memcpy_v6.o)
    0x0800048e   0x0800048e   0x00000010   Code   RO         4900    .text               c_w.l(aeabi_memset.o)
    0x0800049e   0x0800049e   0x00000044   Code   RO         4902    .text               c_w.l(rt_memclr.o)
    0x080004e2   0x080004e2   0x0000004e   Code   RO         4904    .text               c_w.l(rt_memclr_w.o)
    0x08000530   0x08000530   0x00000006   Code   RO         4906    .text               c_w.l(heapauxi.o)
    0x08000536   0x08000536   0x00000002   Code   RO         4910    .text               c_w.l(use_no_semi.o)
    0x08000538   0x08000538   0x000000b2   Code   RO         4913    .text               c_w.l(_printf_intcommon.o)
    0x080005ea   0x080005ea   0x00000002   PAD
    0x080005ec   0x080005ec   0x00000030   Code   RO         4915    .text               c_w.l(_printf_char_common.o)
    0x0800061c   0x0800061c   0x0000002c   Code   RO         4919    .text               c_w.l(_printf_char.o)
    0x08000648   0x08000648   0x00000024   Code   RO         4921    .text               c_w.l(_printf_char_file.o)
    0x0800066c   0x0800066c   0x00000064   Code   RO         4924    .text               c_w.l(rt_memcpy_w.o)
    0x080006d0   0x080006d0   0x00000008   Code   RO         4943    .text               c_w.l(ferror.o)
    0x080006d8   0x080006d8   0x0000004a   Code   RO         4947    .text               c_w.l(sys_stackheap_outer.o)
    0x08000722   0x08000722   0x00000012   Code   RO         4949    .text               c_w.l(exit.o)
    0x08000734   0x08000734   0x00000008   Code   RO         4957    .text               c_w.l(libspace.o)
    0x0800073c   0x0800073c   0x00000002   Code   RO          277    i.BusFault_Handler  stm32f1xx_it.o
    0x0800073e   0x0800073e   0x00000002   Code   RO          278    i.DebugMon_Handler  stm32f1xx_it.o
    0x08000740   0x08000740   0x00000014   Code   RO         1682    i.EXTI0_IRQHandler  exti.o
    0x08000754   0x08000754   0x00000018   Code   RO         1683    i.EXTI15_10_IRQHandler  exti.o
    0x0800076c   0x0800076c   0x00000014   Code   RO         1684    i.EXTI9_5_IRQHandler  exti.o
    0x08000780   0x08000780   0x00000130   Code   RO         1260    i.HAL_DMA_Abort_IT  stm32f1xx_hal_dma.o
    0x080008b0   0x080008b0   0x00000070   Code   RO         1685    i.HAL_GPIO_EXTI_Callback  exti.o
    0x08000920   0x08000920   0x00000018   Code   RO         1355    i.HAL_GPIO_EXTI_IRQHandler  stm32f1xx_hal_gpio.o
    0x08000938   0x08000938   0x000001f8   Code   RO         1356    i.HAL_GPIO_Init     stm32f1xx_hal_gpio.o
    0x08000b30   0x08000b30   0x0000000a   Code   RO         1358    i.HAL_GPIO_ReadPin  stm32f1xx_hal_gpio.o
    0x08000b3a   0x08000b3a   0x00000010   Code   RO         1359    i.HAL_GPIO_TogglePin  stm32f1xx_hal_gpio.o
    0x08000b4a   0x08000b4a   0x00000002   PAD
    0x08000b4c   0x08000b4c   0x0000000c   Code   RO          978    i.HAL_GetTick       stm32f1xx_hal.o
    0x08000b58   0x08000b58   0x00000010   Code   RO          984    i.HAL_IncTick       stm32f1xx_hal.o
    0x08000b68   0x08000b68   0x00000024   Code   RO          985    i.HAL_Init          stm32f1xx_hal.o
    0x08000b8c   0x08000b8c   0x00000040   Code   RO          986    i.HAL_InitTick      stm32f1xx_hal.o
    0x08000bcc   0x08000bcc   0x00000002   Code   RO          988    i.HAL_MspInit       stm32f1xx_hal.o
    0x08000bce   0x08000bce   0x0000001a   Code   RO         1143    i.HAL_NVIC_EnableIRQ  stm32f1xx_hal_cortex.o
    0x08000be8   0x08000be8   0x00000040   Code   RO         1149    i.HAL_NVIC_SetPriority  stm32f1xx_hal_cortex.o
    0x08000c28   0x08000c28   0x00000024   Code   RO         1150    i.HAL_NVIC_SetPriorityGrouping  stm32f1xx_hal_cortex.o
    0x08000c4c   0x08000c4c   0x0000012c   Code   RO         1581    i.HAL_RCC_ClockConfig  stm32f1xx_hal_rcc.o
    0x08000d78   0x08000d78   0x00000020   Code   RO         1588    i.HAL_RCC_GetPCLK1Freq  stm32f1xx_hal_rcc.o
    0x08000d98   0x08000d98   0x00000020   Code   RO         1589    i.HAL_RCC_GetPCLK2Freq  stm32f1xx_hal_rcc.o
    0x08000db8   0x08000db8   0x0000006c   Code   RO         1590    i.HAL_RCC_GetSysClockFreq  stm32f1xx_hal_rcc.o
    0x08000e24   0x08000e24   0x00000320   Code   RO         1593    i.HAL_RCC_OscConfig  stm32f1xx_hal_rcc.o
    0x08001144   0x08001144   0x00000018   Code   RO         1152    i.HAL_SYSTICK_CLKSourceConfig  stm32f1xx_hal_cortex.o
    0x0800115c   0x0800115c   0x00000028   Code   RO         1154    i.HAL_SYSTICK_Config  stm32f1xx_hal_cortex.o
    0x08001184   0x08001184   0x00000002   Code   RO         3060    i.HAL_TIMEx_BreakCallback  stm32f1xx_hal_tim_ex.o
    0x08001186   0x08001186   0x00000002   Code   RO         3061    i.HAL_TIMEx_CommutCallback  stm32f1xx_hal_tim_ex.o
    0x08001188   0x08001188   0x00000002   Code   RO         2390    i.HAL_TIM_IC_CaptureCallback  stm32f1xx_hal_tim.o
    0x0800118a   0x0800118a   0x00000166   Code   RO         2404    i.HAL_TIM_IRQHandler  stm32f1xx_hal_tim.o
    0x080012f0   0x080012f0   0x00000002   Code   RO         2407    i.HAL_TIM_OC_DelayElapsedCallback  stm32f1xx_hal_tim.o
    0x080012f2   0x080012f2   0x00000002   Code   RO         2434    i.HAL_TIM_PWM_PulseFinishedCallback  stm32f1xx_hal_tim.o
    0x080012f4   0x080012f4   0x0000005c   Code   RO         3359    i.HAL_TIM_PeriodElapsedCallback  btim.o
    0x08001350   0x08001350   0x00000002   Code   RO         2447    i.HAL_TIM_TriggerCallback  stm32f1xx_hal_tim.o
    0x08001352   0x08001352   0x00000002   Code   RO         1793    i.HAL_UART_ErrorCallback  stm32f1xx_hal_uart.o
    0x08001354   0x08001354   0x0000015c   Code   RO         1796    i.HAL_UART_IRQHandler  stm32f1xx_hal_uart.o
    0x080014b0   0x080014b0   0x00000062   Code   RO         1797    i.HAL_UART_Init     stm32f1xx_hal_uart.o
    0x08001512   0x08001512   0x00000002   PAD
    0x08001514   0x08001514   0x0000008c   Code   RO          889    i.HAL_UART_MspInit  usart.o
    0x080015a0   0x080015a0   0x00000052   Code   RO         1802    i.HAL_UART_Receive_IT  stm32f1xx_hal_uart.o
    0x080015f2   0x080015f2   0x00000002   PAD
    0x080015f4   0x080015f4   0x00000068   Code   RO          890    i.HAL_UART_RxCpltCallback  usart.o
    0x0800165c   0x0800165c   0x00000002   Code   RO         1808    i.HAL_UART_TxCpltCallback  stm32f1xx_hal_uart.o
    0x0800165e   0x0800165e   0x00000002   Code   RO          279    i.HardFault_Handler  stm32f1xx_it.o
    0x08001660   0x08001660   0x00000002   Code   RO          280    i.MemManage_Handler  stm32f1xx_it.o
    0x08001662   0x08001662   0x00000002   Code   RO          281    i.NMI_Handler       stm32f1xx_it.o
    0x08001664   0x08001664   0x00000018   Code   RO          740    i.SysTick_Handler   delay.o
    0x0800167c   0x0800167c   0x00000002   Code   RO          240    i.SystemInit        system_stm32f1xx.o
    0x0800167e   0x0800167e   0x00000002   PAD
    0x08001680   0x08001680   0x0000000c   Code   RO         3360    i.TIM6_IRQHandler   btim.o
    0x0800168c   0x0800168c   0x0000000c   Code   RO         3361    i.TIM7_IRQHandler   btim.o
    0x08001698   0x08001698   0x00000010   Code   RO         1810    i.UART_DMAAbortOnError  stm32f1xx_hal_uart.o
    0x080016a8   0x080016a8   0x0000001c   Code   RO         1820    i.UART_EndRxTransfer  stm32f1xx_hal_uart.o
    0x080016c4   0x080016c4   0x0000008c   Code   RO         1822    i.UART_Receive_IT   stm32f1xx_hal_uart.o
    0x08001750   0x08001750   0x000000b8   Code   RO         1823    i.UART_SetConfig    stm32f1xx_hal_uart.o
    0x08001808   0x08001808   0x00000020   Code   RO          891    i.USART1_IRQHandler  usart.o
    0x08001828   0x08001828   0x00000002   Code   RO          282    i.UsageFault_Handler  stm32f1xx_it.o
    0x0800182a   0x0800182a   0x00000020   Code   RO         1156    i.__NVIC_SetPriority  stm32f1xx_hal_cortex.o
    0x0800184a   0x0800184a   0x00000002   Code   RO          893    i._sys_exit         usart.o
    0x0800184c   0x0800184c   0x00000034   Code   RO          741    i.delay_init        delay.o
    0x08001880   0x08001880   0x0000001a   Code   RO          742    i.delay_ms          delay.o
    0x0800189a   0x0800189a   0x00000002   PAD
    0x0800189c   0x0800189c   0x00000034   Code   RO          743    i.delay_us          delay.o
    0x080018d0   0x080018d0   0x00000018   Code   RO          895    i.fputc             usart.o
    0x080018e8   0x080018e8   0x00000034   Code   RO          462    i.freertos_demo     freertos_demo.o
    0x0800191c   0x0800191c   0x00000024   Code   RO           13    i.main              main.o
    0x08001940   0x08001940   0x00000090   Code   RO         4038    i.prvAddCurrentTaskToDelayedList  tasks.o
    0x080019d0   0x080019d0   0x000000f0   Code   RO         4039    i.prvAddNewTaskToReadyList  tasks.o
    0x08001ac0   0x08001ac0   0x00000050   Code   RO         3489    i.prvCheckForValidListAndQueue  timers.o
    0x08001b10   0x08001b10   0x00000026   Code   RO         4450    i.prvCopyDataFromQueue  queue.o
    0x08001b36   0x08001b36   0x0000006c   Code   RO         4451    i.prvCopyDataToQueue  queue.o
    0x08001ba2   0x08001ba2   0x00000014   Code   RO         4040    i.prvDeleteTCB      tasks.o
    0x08001bb6   0x08001bb6   0x00000002   PAD
    0x08001bb8   0x08001bb8   0x00000044   Code   RO         4690    i.prvHeapInit       heap_4.o
    0x08001bfc   0x08001bfc   0x00000060   Code   RO         4041    i.prvIdleTask       tasks.o
    0x08001c5c   0x08001c5c   0x000000d4   Code   RO         4042    i.prvInitialiseNewTask  tasks.o
    0x08001d30   0x08001d30   0x0000004c   Code   RO         4691    i.prvInsertBlockIntoFreeList  heap_4.o
    0x08001d7c   0x08001d7c   0x00000038   Code   RO         3490    i.prvInsertTimerInActiveList  timers.o
    0x08001db4   0x08001db4   0x0000001c   Code   RO         4452    i.prvIsQueueEmpty   queue.o
    0x08001dd0   0x08001dd0   0x000000b0   Code   RO         4453    i.prvNotifyQueueSetContainer  queue.o
    0x08001e80   0x08001e80   0x00000040   Code   RO         3491    i.prvProcessExpiredTimer  timers.o
    0x08001ec0   0x08001ec0   0x00000128   Code   RO         3492    i.prvProcessReceivedCommands  timers.o
    0x08001fe8   0x08001fe8   0x0000006c   Code   RO         3493    i.prvProcessTimerOrBlockTask  timers.o
    0x08002054   0x08002054   0x00000028   Code   RO         3494    i.prvReloadTimer    timers.o
    0x0800207c   0x0800207c   0x0000001c   Code   RO         4044    i.prvResetNextTaskUnblockTime  tasks.o
    0x08002098   0x08002098   0x00000048   Code   RO         3495    i.prvSampleTimeNow  timers.o
    0x080020e0   0x080020e0   0x00000070   Code   RO         4764    i.prvTaskExitError  port.o
    0x08002150   0x08002150   0x00000024   Code   RO         3496    i.prvTimerTask      timers.o
    0x08002174   0x08002174   0x00000076   Code   RO         4454    i.prvUnlockQueue    queue.o
    0x080021ea   0x080021ea   0x00000002   PAD
    0x080021ec   0x080021ec   0x00000114   Code   RO         4693    i.pvPortMalloc      heap_4.o
    0x08002300   0x08002300   0x00000024   Code   RO         4765    i.pxPortInitialiseStack  port.o
    0x08002324   0x08002324   0x0000005c   Code   RO          463    i.start_task        freertos_demo.o
    0x08002380   0x08002380   0x00000056   Code   RO          822    i.sys_stm32_clock_init  sys.o
    0x080023d6   0x080023d6   0x00000002   PAD
    0x080023d8   0x080023d8   0x00000020   Code   RO          464    i.task1             freertos_demo.o
    0x080023f8   0x080023f8   0x00000020   Code   RO          465    i.task2             freertos_demo.o
    0x08002418   0x08002418   0x00000038   Code   RO          896    i.usart_init        usart.o
    0x08002450   0x08002450   0x00000026   Code   RO         3813    i.uxListRemove      list.o
    0x08002476   0x08002476   0x00000002   PAD
    0x08002478   0x08002478   0x0000000c   Code   RO         4051    i.uxTaskGetNumberOfTasks  tasks.o
    0x08002484   0x08002484   0x00000016   Code   RO         3814    i.vListInitialise   list.o
    0x0800249a   0x0800249a   0x00000006   Code   RO         3815    i.vListInitialiseItem  list.o
    0x080024a0   0x080024a0   0x00000030   Code   RO         3816    i.vListInsert       list.o
    0x080024d0   0x080024d0   0x00000018   Code   RO         3817    i.vListInsertEnd    list.o
    0x080024e8   0x080024e8   0x00000084   Code   RO         4767    i.vPortEnterCritical  port.o
    0x0800256c   0x0800256c   0x00000070   Code   RO         4768    i.vPortExitCritical  port.o
    0x080025dc   0x080025dc   0x000000b0   Code   RO         4694    i.vPortFree         heap_4.o
    0x0800268c   0x0800268c   0x00000024   Code   RO         4769    i.vPortSetupTimerInterrupt  port.o
    0x080026b0   0x080026b0   0x00000084   Code   RO         4460    i.vQueueAddToRegistry  queue.o
    0x08002734   0x08002734   0x00000044   Code   RO         4464    i.vQueueWaitForMessageRestricted  queue.o
    0x08002778   0x08002778   0x0000007c   Code   RO         4058    i.vTaskDelay        tasks.o
    0x080027f4   0x080027f4   0x000000e4   Code   RO         4059    i.vTaskDelete       tasks.o
    0x080028d8   0x080028d8   0x00000010   Code   RO         4063    i.vTaskInternalSetTimeOutState  tasks.o
    0x080028e8   0x080028e8   0x0000000c   Code   RO         4065    i.vTaskMissedYield  tasks.o
    0x080028f4   0x080028f4   0x00000064   Code   RO         4066    i.vTaskPlaceOnEventList  tasks.o
    0x08002958   0x08002958   0x00000088   Code   RO         4067    i.vTaskPlaceOnEventListRestricted  tasks.o
    0x080029e0   0x080029e0   0x000000a0   Code   RO         4075    i.vTaskStartScheduler  tasks.o
    0x08002a80   0x08002a80   0x00000010   Code   RO         4077    i.vTaskSuspendAll   tasks.o
    0x08002a90   0x08002a90   0x0000008c   Code   RO         4078    i.vTaskSwitchContext  tasks.o
    0x08002b1c   0x08002b1c   0x000000fc   Code   RO         4771    i.xPortStartScheduler  port.o
    0x08002c18   0x08002c18   0x0000002c   Code   RO         4772    i.xPortSysTickHandler  port.o
    0x08002c44   0x08002c44   0x00000098   Code   RO         4469    i.xQueueGenericCreate  queue.o
    0x08002cdc   0x08002cdc   0x000000e4   Code   RO         4470    i.xQueueGenericReset  queue.o
    0x08002dc0   0x08002dc0   0x00000160   Code   RO         4479    i.xQueueReceive     queue.o
    0x08002f20   0x08002f20   0x000000b8   Code   RO         4081    i.xTaskCheckForTimeOut  tasks.o
    0x08002fd8   0x08002fd8   0x0000005c   Code   RO         4082    i.xTaskCreate       tasks.o
    0x08003034   0x08003034   0x000000c0   Code   RO         4083    i.xTaskDelayUntil   tasks.o
    0x080030f4   0x080030f4   0x0000001c   Code   RO         4091    i.xTaskGetSchedulerState  tasks.o
    0x08003110   0x08003110   0x0000000c   Code   RO         4092    i.xTaskGetTickCount  tasks.o
    0x0800311c   0x0800311c   0x00000168   Code   RO         4094    i.xTaskIncrementTick  tasks.o
    0x08003284   0x08003284   0x000000e4   Code   RO         4095    i.xTaskPriorityDisinherit  tasks.o
    0x08003368   0x08003368   0x0000010c   Code   RO         4097    i.xTaskRemoveFromEventList  tasks.o
    0x08003474   0x08003474   0x00000160   Code   RO         4098    i.xTaskResumeAll    tasks.o
    0x080035d4   0x080035d4   0x00000080   Code   RO         3504    i.xTimerCreateTimerTask  timers.o
    0x08003654   0x08003654   0x00000010   Data   RO          241    .constdata          system_stm32f1xx.o
    0x08003664   0x08003664   0x00000008   Data   RO          242    .constdata          system_stm32f1xx.o
    0x0800366c   0x0800366c   0x00000020   Data   RO         5077    Region$$Table       anon$$obj.o


    Execution Region RW_IRAM1 (Exec base: 0x20000000, Load base: 0x0800368c, Size: 0x000033e8, Max: 0x00010000, ABSOLUTE)

    Exec Addr    Load Addr    Size         Type   Attr      Idx    E Section Name        Object

    0x20000000   0x0800368c   0x00000004   Data   RW          243    .data               system_stm32f1xx.o
    0x20000004   0x08003690   0x0000000c   Data   RW          466    .data               freertos_demo.o
    0x20000010   0x0800369c   0x00000004   Data   RW          744    .data               delay.o
    0x20000014   0x080036a0   0x00000004   Data   RW          898    .data               usart.o
    0x20000018   0x080036a4   0x00000004   Data   RW          899    .data               usart.o
    0x2000001c   0x080036a8   0x0000000c   Data   RW          992    .data               stm32f1xx_hal.o
    0x20000028   0x080036b4   0x00000014   Data   RW         3514    .data               timers.o
    0x2000003c   0x080036c8   0x00000040   Data   RW         4101    .data               tasks.o
    0x2000007c   0x08003708   0x0000001c   Data   RW         4700    .data               heap_4.o
    0x20000098   0x08003724   0x0000000c   Data   RW         4773    .data               port.o
    0x200000a4        -       0x00000108   Zero   RW          897    .bss                usart.o
    0x200001ac        -       0x00000090   Zero   RW         3364    .bss                btim.o
    0x2000023c        -       0x00000028   Zero   RW         3513    .bss                timers.o
    0x20000264        -       0x000002e4   Zero   RW         4100    .bss                tasks.o
    0x20000548        -       0x00000040   Zero   RW         4486    .bss                queue.o
    0x20000588        -       0x00002800   Zero   RW         4699    .bss                heap_4.o
    0x20002d88        -       0x00000060   Zero   RW         4958    .bss                c_w.l(libspace.o)
    0x20002de8        -       0x00000200   Zero   RW            2    HEAP                startup_stm32f103xe.o
    0x20002fe8        -       0x00000400   Zero   RW            1    STACK               startup_stm32f103xe.o


==============================================================================

Image component sizes


      Code (inc. data)   RO Data    RW Data    ZI Data      Debug   Object Name

       116         78          0          0        144       2130   btim.o
       154          8          0          4          0      17441   delay.o
         0          0          0          0          0      12228   event_groups.o
       176         26          0          0          0       2128   exti.o
       208         62          0         12          0      13410   freertos_demo.o
       596        166          0         28      10240       4959   heap_4.o
       138          0          0          0          0       3346   list.o
        36          0          0          0          0     484771   main.o
       874        348          0         12          0       9876   port.o
      1400        278          0          0         64      13663   queue.o
        64         26        304          0       1536        940   startup_stm32f103xe.o
       130         24          0         12          0       6519   stm32f1xx_hal.o
       222         14          0          0          0      29677   stm32f1xx_hal_cortex.o
       304          8          0          0          0       1211   stm32f1xx_hal_dma.o
       554         48          0          0          0       4219   stm32f1xx_hal_gpio.o
      1272        100          0          0          0       5304   stm32f1xx_hal_rcc.o
       366          0          0          0          0       4536   stm32f1xx_hal_tim.o
         4          0          0          0          0       1609   stm32f1xx_hal_tim_ex.o
       900         10          0          0          0       7099   stm32f1xx_hal_uart.o
        12          0          0          0          0       2657   stm32f1xx_it.o
        86          0          0          0          0        671   sys.o
         2          0         24          4          0       1379   system_stm32f1xx.o
      3400        874          0         64        740      34479   tasks.o
       880        184          0         20         40      15520   timers.o
       358         54          0          8        264       5537   usart.o

    ----------------------------------------------------------------------
     12272       2308        360        164      13028     685309   Object Totals
         0          0         32          0          0          0   (incl. Generated)
        20          0          0          0          0          0   (incl. Padding)

    ----------------------------------------------------------------------

      Code (inc. data)   RO Data    RW Data    ZI Data      Debug   Library Member Name

         8          0          0          0          0         68   __main.o
       104          0          0          0          0         84   __printf.o
         0          0          0          0          0          0   __rtentry.o
        12          0          0          0          0          0   __rtentry2.o
         6          0          0          0          0          0   __rtentry4.o
        52          8          0          0          0          0   __scatter.o
        26          0          0          0          0          0   __scatter_copy.o
        28          0          0          0          0          0   __scatter_zi.o
        44          0          0          0          0        108   _printf_char.o
        48          6          0          0          0         96   _printf_char_common.o
        36          4          0          0          0         80   _printf_char_file.o
         6          0          0          0          0          0   _printf_d.o
       120         16          0          0          0         92   _printf_dec.o
       178          0          0          0          0         88   _printf_intcommon.o
         0          0          0          0          0          0   _printf_percent.o
         4          0          0          0          0          0   _printf_percent_end.o
         6          0          0          0          0          0   _printf_s.o
        82          0          0          0          0         80   _printf_str.o
        16          0          0          0          0         68   aeabi_memset.o
        18          0          0          0          0         80   exit.o
         8          0          0          0          0         68   ferror.o
         6          0          0          0          0        152   heapauxi.o
         2          0          0          0          0          0   libinit.o
         2          0          0          0          0          0   libinit2.o
         2          0          0          0          0          0   libshutdown.o
         2          0          0          0          0          0   libshutdown2.o
         8          4          0          0         96         68   libspace.o
        24          4          0          0          0         84   noretval__2printf.o
        68          0          0          0          0         68   rt_memclr.o
        78          0          0          0          0         80   rt_memclr_w.o
       138          0          0          0          0         68   rt_memcpy_v6.o
       100          0          0          0          0         80   rt_memcpy_w.o
         2          0          0          0          0          0   rtexit.o
        10          0          0          0          0          0   rtexit2.o
        74          0          0          0          0         80   sys_stackheap_outer.o
         2          0          0          0          0         68   use_no_semi.o
         2          0          0          0          0         68   use_no_semi_2.o

    ----------------------------------------------------------------------
      1332         42          0          0         96       1728   Library Totals
        10          0          0          0          0          0   (incl. Padding)

    ----------------------------------------------------------------------

      Code (inc. data)   RO Data    RW Data    ZI Data      Debug   Library Name

      1322         42          0          0         96       1728   c_w.l

    ----------------------------------------------------------------------
      1332         42          0          0         96       1728   Library Totals

    ----------------------------------------------------------------------

==============================================================================


      Code (inc. data)   RO Data    RW Data    ZI Data      Debug   

     13604       2350        360        164      13124     679753   Grand Totals
     13604       2350        360        164      13124     679753   ELF Image Totals
     13604       2350        360        164          0          0   ROM Totals

==============================================================================

    Total RO  Size (Code + RO Data)                13964 (  13.64kB)
    Total RW  Size (RW Data + ZI Data)             13288 (  12.98kB)
    Total ROM Size (Code + RO Data + RW Data)      14128 (  13.80kB)

==============================================================================

