Component: ARM Compiler 5.06 update 7 (build 960) Tool: armlink [4d3601]

==============================================================================

Section Cross References

    startup_stm32f103xe.o(STACK) refers (Special) to heapauxi.o(.text) for __use_two_region_memory
    startup_stm32f103xe.o(HEAP) refers (Special) to heapauxi.o(.text) for __use_two_region_memory
    startup_stm32f103xe.o(RESET) refers (Special) to heapauxi.o(.text) for __use_two_region_memory
    startup_stm32f103xe.o(RESET) refers to startup_stm32f103xe.o(STACK) for __initial_sp
    startup_stm32f103xe.o(RESET) refers to startup_stm32f103xe.o(.text) for Reset_Handler
    startup_stm32f103xe.o(RESET) refers to stm32f1xx_it.o(i.NMI_Handler) for NMI_Handler
    startup_stm32f103xe.o(RESET) refers to stm32f1xx_it.o(i.HardFault_Handler) for HardFault_Handler
    startup_stm32f103xe.o(RESET) refers to stm32f1xx_it.o(i.MemManage_Handler) for MemManage_Handler
    startup_stm32f103xe.o(RESET) refers to stm32f1xx_it.o(i.BusFault_Handler) for BusFault_Handler
    startup_stm32f103xe.o(RESET) refers to stm32f1xx_it.o(i.UsageFault_Handler) for UsageFault_Handler
    startup_stm32f103xe.o(RESET) refers to port.o(.emb_text) for SVC_Handler
    startup_stm32f103xe.o(RESET) refers to stm32f1xx_it.o(i.DebugMon_Handler) for DebugMon_Handler
    startup_stm32f103xe.o(RESET) refers to delay.o(i.SysTick_Handler) for SysTick_Handler
    startup_stm32f103xe.o(RESET) refers to exti.o(i.EXTI0_IRQHandler) for EXTI0_IRQHandler
    startup_stm32f103xe.o(RESET) refers to exti.o(i.EXTI9_5_IRQHandler) for EXTI9_5_IRQHandler
    startup_stm32f103xe.o(RESET) refers to usart.o(i.USART1_IRQHandler) for USART1_IRQHandler
    startup_stm32f103xe.o(RESET) refers to exti.o(i.EXTI15_10_IRQHandler) for EXTI15_10_IRQHandler
    startup_stm32f103xe.o(RESET) refers to btim.o(i.TIM6_IRQHandler) for TIM6_IRQHandler
    startup_stm32f103xe.o(RESET) refers to btim.o(i.TIM7_IRQHandler) for TIM7_IRQHandler
    startup_stm32f103xe.o(.text) refers (Special) to heapauxi.o(.text) for __use_two_region_memory
    startup_stm32f103xe.o(.text) refers to system_stm32f1xx.o(i.SystemInit) for SystemInit
    startup_stm32f103xe.o(.text) refers to __main.o(!!!main) for __main
    startup_stm32f103xe.o(.text) refers to startup_stm32f103xe.o(HEAP) for Heap_Mem
    startup_stm32f103xe.o(.text) refers to startup_stm32f103xe.o(STACK) for Stack_Mem
    main.o(i.main) refers to stm32f1xx_hal.o(i.HAL_Init) for HAL_Init
    main.o(i.main) refers to sys.o(i.sys_stm32_clock_init) for sys_stm32_clock_init
    main.o(i.main) refers to usart.o(i.usart_init) for usart_init
    main.o(i.main) refers to key.o(i.key_init) for key_init
    main.o(i.main) refers to freertos_demo.o(i.freertos_demo) for freertos_demo
    system_stm32f1xx.o(i.SystemCoreClockUpdate) refers to system_stm32f1xx.o(.data) for .data
    system_stm32f1xx.o(i.SystemCoreClockUpdate) refers to system_stm32f1xx.o(.constdata) for .constdata
    freertos_demo.o(i.freertos_demo) refers to queue.o(i.xQueueCreateCountingSemaphore) for xQueueCreateCountingSemaphore
    freertos_demo.o(i.freertos_demo) refers to noretval__2printf.o(.text) for __2printf
    freertos_demo.o(i.freertos_demo) refers to tasks.o(i.xTaskCreate) for xTaskCreate
    freertos_demo.o(i.freertos_demo) refers to tasks.o(i.vTaskStartScheduler) for vTaskStartScheduler
    freertos_demo.o(i.freertos_demo) refers to freertos_demo.o(.data) for .data
    freertos_demo.o(i.freertos_demo) refers to freertos_demo.o(i.start_task) for start_task
    freertos_demo.o(i.start_task) refers to port.o(i.vPortEnterCritical) for vPortEnterCritical
    freertos_demo.o(i.start_task) refers to tasks.o(i.xTaskCreate) for xTaskCreate
    freertos_demo.o(i.start_task) refers to tasks.o(i.vTaskDelete) for vTaskDelete
    freertos_demo.o(i.start_task) refers to port.o(i.vPortExitCritical) for vPortExitCritical
    freertos_demo.o(i.start_task) refers to freertos_demo.o(.data) for .data
    freertos_demo.o(i.start_task) refers to freertos_demo.o(i.task1) for task1
    freertos_demo.o(i.start_task) refers to freertos_demo.o(i.task2) for task2
    freertos_demo.o(i.task1) refers to key.o(i.key_scan) for key_scan
    freertos_demo.o(i.task1) refers to queue.o(i.xQueueGenericSend) for xQueueGenericSend
    freertos_demo.o(i.task1) refers to tasks.o(i.vTaskDelay) for vTaskDelay
    freertos_demo.o(i.task1) refers to freertos_demo.o(.data) for .data
    freertos_demo.o(i.task2) refers to _printf_percent.o(.ARM.Collect$$_printf_percent$$00000000) for _printf_percent
    freertos_demo.o(i.task2) refers to _printf_d.o(.ARM.Collect$$_printf_percent$$00000009) for _printf_d
    freertos_demo.o(i.task2) refers to _printf_dec.o(.text) for _printf_int_dec
    freertos_demo.o(i.task2) refers to queue.o(i.xQueueSemaphoreTake) for xQueueSemaphoreTake
    freertos_demo.o(i.task2) refers to queue.o(i.uxQueueMessagesWaiting) for uxQueueMessagesWaiting
[...]
    .ARM.Collect$$libshutdown$$00000002      0x080001ba   Section        0  libshutdown2.o(.ARM.Collect$$libshutdown$$00000002)
    .ARM.Collect$$libshutdown$$00000004      0x080001ba   Section        0  libshutdown2.o(.ARM.Collect$$libshutdown$$00000004)
    .ARM.Collect$$libshutdown$$00000006      0x080001ba   Section        0  libshutdown2.o(.ARM.Collect$$libshutdown$$00000006)
    .ARM.Collect$$libshutdown$$00000009      0x080001ba   Section        0  libshutdown2.o(.ARM.Collect$$libshutdown$$00000009)
    .ARM.Collect$$libshutdown$$0000000C      0x080001ba   Section        0  libshutdown2.o(.ARM.Collect$$libshutdown$$0000000C)
    .ARM.Collect$$libshutdown$$0000000E      0x080001ba   Section        0  libshutdown2.o(.ARM.Collect$$libshutdown$$0000000E)
    .ARM.Collect$$libshutdown$$00000011      0x080001ba   Section        0  libshutdown2.o(.ARM.Collect$$libshutdown$$00000011)
    .ARM.Collect$$libshutdown$$00000012      0x080001ba   Section        2  libshutdown2.o(.ARM.Collect$$libshutdown$$00000012)
    .ARM.Collect$$rtentry$$00000000          0x080001bc   Section        0  __rtentry.o(.ARM.Collect$$rtentry$$00000000)
    .ARM.Collect$$rtentry$$00000002          0x080001bc   Section        0  __rtentry2.o(.ARM.Collect$$rtentry$$00000002)
    .ARM.Collect$$rtentry$$00000004          0x080001bc   Section        6  __rtentry4.o(.ARM.Collect$$rtentry$$00000004)
    .ARM.Collect$$rtentry$$00000009          0x080001c2   Section        0  __rtentry2.o(.ARM.Collect$$rtentry$$00000009)
    .ARM.Collect$$rtentry$$0000000A          0x080001c2   Section        4  __rtentry2.o(.ARM.Collect$$rtentry$$0000000A)
    .ARM.Collect$$rtentry$$0000000C          0x080001c6   Section        0  __rtentry2.o(.ARM.Collect$$rtentry$$0000000C)
    .ARM.Collect$$rtentry$$0000000D          0x080001c6   Section        8  __rtentry2.o(.ARM.Collect$$rtentry$$0000000D)
    .ARM.Collect$$rtexit$$00000000           0x080001ce   Section        2  rtexit.o(.ARM.Collect$$rtexit$$00000000)
    .ARM.Collect$$rtexit$$00000002           0x080001d0   Section        0  rtexit2.o(.ARM.Collect$$rtexit$$00000002)
    .ARM.Collect$$rtexit$$00000003           0x080001d0   Section        4  rtexit2.o(.ARM.Collect$$rtexit$$00000003)
    .ARM.Collect$$rtexit$$00000004           0x080001d4   Section        6  rtexit2.o(.ARM.Collect$$rtexit$$00000004)
    .emb_text                                0x080001dc   Section      150  port.o(.emb_text)
    .text                                    0x08000274   Section       64  startup_stm32f103xe.o(.text)
    .text                                    0x080002b4   Section        2  use_no_semi_2.o(.text)
    .text                                    0x080002b8   Section        0  noretval__2printf.o(.text)
    .text                                    0x080002d0   Section        0  __printf.o(.text)
    .text                                    0x08000338   Section        0  _printf_str.o(.text)
    .text                                    0x0800038c   Section        0  _printf_dec.o(.text)
    .text                                    0x08000404   Section      138  rt_memcpy_v6.o(.text)
    .text                                    0x0800048e   Section       16  aeabi_memset.o(.text)
    .text                                    0x0800049e   Section       68  rt_memclr.o(.text)
    .text                                    0x080004e2   Section       78  rt_memclr_w.o(.text)
    .text                                    0x08000530   Section        0  heapauxi.o(.text)
    .text                                    0x08000536   Section        2  use_no_semi.o(.text)
    .text                                    0x08000538   Section        0  _printf_intcommon.o(.text)
    .text                                    0x080005ec   Section        0  _printf_char_common.o(.text)
    _printf_input_char                       0x080005ed   Thumb Code    10  _printf_char_common.o(.text)
    .text                                    0x0800061c   Section        0  _printf_char.o(.text)
    .text                                    0x08000648   Section        0  _printf_char_file.o(.text)
    .text                                    0x0800066c   Section      100  rt_memcpy_w.o(.text)
    .text                                    0x080006d0   Section        0  ferror.o(.text)
    .text                                    0x080006d8   Section       74  sys_stackheap_outer.o(.text)
    .text                                    0x08000722   Section        0  exit.o(.text)
    .text                                    0x08000734   Section        8  libspace.o(.text)
    i.BusFault_Handler                       0x0800073c   Section        0  stm32f1xx_it.o(i.BusFault_Handler)
    i.DebugMon_Handler                       0x0800073e   Section        0  stm32f1xx_it.o(i.DebugMon_Handler)
    i.EXTI0_IRQHandler                       0x08000740   Section        0  exti.o(i.EXTI0_IRQHandler)
    i.EXTI15_10_IRQHandler                   0x08000754   Section        0  exti.o(i.EXTI15_10_IRQHandler)
    i.EXTI9_5_IRQHandler                     0x0800076c   Section        0  exti.o(i.EXTI9_5_IRQHandler)
    i.HAL_DMA_Abort_IT                       0x08000780   Section        0  stm32f1xx_hal_dma.o(i.HAL_DMA_Abort_IT)
    i.HAL_GPIO_EXTI_Callback                 0x080008b0   Section        0  exti.o(i.HAL_GPIO_EXTI_Callback)
    i.HAL_GPIO_EXTI_IRQHandler               0x08000904   Section        0  stm32f1xx_hal_gpio.o(i.HAL_GPIO_EXTI_IRQHandler)
    i.HAL_GPIO_Init                          0x0800091c   Section        0  stm32f1xx_hal_gpio.o(i.HAL_GPIO_Init)
    i.HAL_GPIO_ReadPin                       0x08000b14   Section        0  stm32f1xx_hal_gpio.o(i.HAL_GPIO_ReadPin)
    i.HAL_GPIO_TogglePin                     0x08000b1e   Section        0  stm32f1xx_hal_gpio.o(i.HAL_GPIO_TogglePin)
    i.HAL_GetTick                            0x08000b30   Section        0  stm32f1xx_hal.o(i.HAL_GetTick)
    i.HAL_IncTick                            0x08000b3c   Section        0  stm32f1xx_hal.o(i.HAL_IncTick)
    i.HAL_Init                               0x08000b4c   Section        0  stm32f1xx_hal.o(i.HAL_Init)
    i.HAL_InitTick                           0x08000b70   Section        0  stm32f1xx_hal.o(i.HAL_InitTick)
    i.HAL_MspInit                            0x08000bb0   Section        0  stm32f1xx_hal.o(i.HAL_MspInit)
    i.HAL_NVIC_EnableIRQ                     0x08000bb2   Section        0  stm32f1xx_hal_cortex.o(i.HAL_NVIC_EnableIRQ)
    i.HAL_NVIC_SetPriority                   0x08000bcc   Section        0  stm32f1xx_hal_cortex.o(i.HAL_NVIC_SetPriority)
    i.HAL_NVIC_SetPriorityGrouping           0x08000c0c   Section        0  stm32f1xx_hal_cortex.o(i.HAL_NVIC_SetPriorityGrouping)
    i.HAL_RCC_ClockConfig                    0x08000c30   Section        0  stm32f1xx_hal_rcc.o(i.HAL_RCC_ClockConfig)
    i.HAL_RCC_GetPCLK1Freq                   0x08000d5c   Section        0  stm32f1xx_hal_rcc.o(i.HAL_RCC_GetPCLK1Freq)
    i.HAL_RCC_GetPCLK2Freq                   0x08000d7c   Section        0  stm32f1xx_hal_rcc.o(i.HAL_RCC_GetPCLK2Freq)
    i.HAL_RCC_GetSysClockFreq                0x08000d9c   Section        0  stm32f1xx_hal_rcc.o(i.HAL_RCC_GetSysClockFreq)
    i.HAL_RCC_OscConfig                      0x08000e08   Section        0  stm32f1xx_hal_rcc.o(i.HAL_RCC_OscConfig)
    i.HAL_SYSTICK_Config                     0x08001128   Section        0  stm32f1xx_hal_cortex.o(i.HAL_SYSTICK_Config)
    i.HAL_TIMEx_BreakCallback                0x08001150   Section        0  stm32f1xx_hal_tim_ex.o(i.HAL_TIMEx_BreakCallback)
    i.HAL_TIMEx_CommutCallback               0x08001152   Section        0  stm32f1xx_hal_tim_ex.o(i.HAL_TIMEx_CommutCallback)
    i.HAL_TIM_IC_CaptureCallback             0x08001154   Section        0  stm32f1xx_hal_tim.o(i.HAL_TIM_IC_CaptureCallback)
    i.HAL_TIM_IRQHandler                     0x08001156   Section        0  stm32f1xx_hal_tim.o(i.HAL_TIM_IRQHandler)
    i.HAL_TIM_OC_DelayElapsedCallback        0x080012bc   Section        0  stm32f1xx_hal_tim.o(i.HAL_TIM_OC_DelayElapsedCallback)
    i.HAL_TIM_PWM_PulseFinishedCallback      0x080012be   Section        0  stm32f1xx_hal_tim.o(i.HAL_TIM_PWM_PulseFinishedCallback)
    i.HAL_TIM_PeriodElapsedCallback          0x080012c0   Section        0  btim.o(i.HAL_TIM_PeriodElapsedCallback)
    i.HAL_TIM_TriggerCallback                0x0800131c   Section        0  stm32f1xx_hal_tim.o(i.HAL_TIM_TriggerCallback)
    i.HAL_UART_ErrorCallback                 0x0800131e   Section        0  stm32f1xx_hal_uart.o(i.HAL_UART_ErrorCallback)
    i.HAL_UART_IRQHandler                    0x08001320   Section        0  stm32f1xx_hal_uart.o(i.HAL_UART_IRQHandler)
    i.HAL_UART_Init                          0x0800147c   Section        0  stm32f1xx_hal_uart.o(i.HAL_UART_Init)
    i.HAL_UART_MspInit                       0x080014e0   Section        0  usart.o(i.HAL_UART_MspInit)
    i.HAL_UART_Receive_IT                    0x0800156c   Section        0  stm32f1xx_hal_uart.o(i.HAL_UART_Receive_IT)
    i.HAL_UART_RxCpltCallback                0x080015c0   Section        0  usart.o(i.HAL_UART_RxCpltCallback)
    i.HAL_UART_TxCpltCallback                0x08001628   Section        0  stm32f1xx_hal_uart.o(i.HAL_UART_TxCpltCallback)
    i.HardFault_Handler                      0x0800162a   Section        0  stm32f1xx_it.o(i.HardFault_Handler)
    i.MemManage_Handler                      0x0800162c   Section        0  stm32f1xx_it.o(i.MemManage_Handler)
    i.NMI_Handler                            0x0800162e   Section        0  stm32f1xx_it.o(i.NMI_Handler)
    i.SysTick_Handler                        0x08001630   Section        0  delay.o(i.SysTick_Handler)
    i.SystemInit                             0x08001648   Section        0  system_stm32f1xx.o(i.SystemInit)
    i.TIM6_IRQHandler                        0x0800164c   Section        0  btim.o(i.TIM6_IRQHandler)
    i.TIM7_IRQHandler                        0x08001658   Section        0  btim.o(i.TIM7_IRQHandler)
    i.UART_DMAAbortOnError                   0x08001664   Section        0  stm32f1xx_hal_uart.o(i.UART_DMAAbortOnError)
    UART_DMAAbortOnError                     0x08001665   Thumb Code    16  stm32f1xx_hal_uart.o(i.UART_DMAAbortOnError)
    i.UART_EndRxTransfer                     0x08001674   Section        0  stm32f1xx_hal_uart.o(i.UART_EndRxTransfer)
    UART_EndRxTransfer                       0x08001675   Thumb Code    28  stm32f1xx_hal_uart.o(i.UART_EndRxTransfer)
    i.UART_Receive_IT                        0x08001690   Section        0  stm32f1xx_hal_uart.o(i.UART_Receive_IT)
    UART_Receive_IT                          0x08001691   Thumb Code   140  stm32f1xx_hal_uart.o(i.UART_Receive_IT)
    i.UART_SetConfig                         0x0800171c   Section        0  stm32f1xx_hal_uart.o(i.UART_SetConfig)
    UART_SetConfig                           0x0800171d   Thumb Code   178  stm32f1xx_hal_uart.o(i.UART_SetConfig)
    i.USART1_IRQHandler                      0x080017d4   Section        0  usart.o(i.USART1_IRQHandler)
    i.UsageFault_Handler                     0x080017f4   Section        0  stm32f1xx_it.o(i.UsageFault_Handler)
    i.__NVIC_SetPriority                     0x080017f6   Section        0  stm32f1xx_hal_cortex.o(i.__NVIC_SetPriority)
    __NVIC_SetPriority                       0x080017f7   Thumb Code    32  stm32f1xx_hal_cortex.o(i.__NVIC_SetPriority)
    i._sys_exit                              0x08001816   Section        0  usart.o(i._sys_exit)
    i.delay_ms                               0x08001818   Section        0  delay.o(i.delay_ms)
    i.delay_us                               0x08001834   Section        0  delay.o(i.delay_us)
    i.fputc                                  0x08001868   Section        0  usart.o(i.fputc)
    i.freertos_demo                          0x08001880   Section        0  freertos_demo.o(i.freertos_demo)
    i.key_init                               0x080018ec   Section        0  key.o(i.key_init)
    i.key_scan                               0x0800194c   Section        0  key.o(i.key_scan)
    i.main                                   0x080019a0   Section        0  main.o(i.main)
    i.prvAddCurrentTaskToDelayedList         0x080019c4   Section        0  tasks.o(i.prvAddCurrentTaskToDelayedList)
    prvAddCurrentTaskToDelayedList           0x080019c5   Thumb Code   136  tasks.o(i.prvAddCurrentTaskToDelayedList)
    i.prvAddNewTaskToReadyList               0x08001a54   Section        0  tasks.o(i.prvAddNewTaskToReadyList)
    prvAddNewTaskToReadyList                 0x08001a55   Thumb Code   224  tasks.o(i.prvAddNewTaskToReadyList)
    i.prvCheckForValidListAndQueue           0x08001b44   Section        0  timers.o(i.prvCheckForValidListAndQueue)
    prvCheckForValidListAndQueue             0x08001b45   Thumb Code    62  timers.o(i.prvCheckForValidListAndQueue)
    i.prvCopyDataFromQueue                   0x08001b94   Section        0  queue.o(i.prvCopyDataFromQueue)
    prvCopyDataFromQueue                     0x08001b95   Thumb Code    38  queue.o(i.prvCopyDataFromQueue)
    i.prvCopyDataToQueue                     0x08001bba   Section        0  queue.o(i.prvCopyDataToQueue)
    prvCopyDataToQueue                       0x08001bbb   Thumb Code   108  queue.o(i.prvCopyDataToQueue)
    i.prvDeleteTCB                           0x08001c26   Section        0  tasks.o(i.prvDeleteTCB)
    prvDeleteTCB                             0x08001c27   Thumb Code    20  tasks.o(i.prvDeleteTCB)
    i.prvHeapInit                            0x08001c3c   Section        0  heap_4.o(i.prvHeapInit)
    prvHeapInit                              0x08001c3d   Thumb Code    60  heap_4.o(i.prvHeapInit)
    i.prvIdleTask                            0x08001c80   Section        0  tasks.o(i.prvIdleTask)
    prvIdleTask                              0x08001c81   Thumb Code    82  tasks.o(i.prvIdleTask)
    i.prvInitialiseNewTask                   0x08001ce0   Section        0  tasks.o(i.prvInitialiseNewTask)
    prvInitialiseNewTask                     0x08001ce1   Thumb Code   160  tasks.o(i.prvInitialiseNewTask)
    i.prvInsertBlockIntoFreeList             0x08001db4   Section        0  heap_4.o(i.prvInsertBlockIntoFreeList)
    prvInsertBlockIntoFreeList               0x08001db5   Thumb Code    72  heap_4.o(i.prvInsertBlockIntoFreeList)
    i.prvInsertTimerInActiveList             0x08001e00   Section        0  timers.o(i.prvInsertTimerInActiveList)
    prvInsertTimerInActiveList               0x08001e01   Thumb Code    52  timers.o(i.prvInsertTimerInActiveList)
    i.prvIsQueueEmpty                        0x08001e38   Section        0  queue.o(i.prvIsQueueEmpty)
    prvIsQueueEmpty                          0x08001e39   Thumb Code    28  queue.o(i.prvIsQueueEmpty)
    i.prvNotifyQueueSetContainer             0x08001e54   Section        0  queue.o(i.prvNotifyQueueSetContainer)
    prvNotifyQueueSetContainer               0x08001e55   Thumb Code   124  queue.o(i.prvNotifyQueueSetContainer)
    i.prvProcessExpiredTimer                 0x08001f04   Section        0  timers.o(i.prvProcessExpiredTimer)
    prvProcessExpiredTimer                   0x08001f05   Thumb Code    58  timers.o(i.prvProcessExpiredTimer)
    i.prvProcessReceivedCommands             0x08001f44   Section        0  timers.o(i.prvProcessReceivedCommands)
    prvProcessReceivedCommands               0x08001f45   Thumb Code   240  timers.o(i.prvProcessReceivedCommands)
    i.prvProcessTimerOrBlockTask             0x0800206c   Section        0  timers.o(i.prvProcessTimerOrBlockTask)
    prvProcessTimerOrBlockTask               0x0800206d   Thumb Code    98  timers.o(i.prvProcessTimerOrBlockTask)
    i.prvReloadTimer                         0x080020d8   Section        0  timers.o(i.prvReloadTimer)
    prvReloadTimer                           0x080020d9   Thumb Code    40  timers.o(i.prvReloadTimer)
    i.prvResetNextTaskUnblockTime            0x08002100   Section        0  tasks.o(i.prvResetNextTaskUnblockTime)
    prvResetNextTaskUnblockTime              0x08002101   Thumb Code    24  tasks.o(i.prvResetNextTaskUnblockTime)
    i.prvSampleTimeNow                       0x0800211c   Section        0  timers.o(i.prvSampleTimeNow)
    prvSampleTimeNow                         0x0800211d   Thumb Code    66  timers.o(i.prvSampleTimeNow)
    i.prvTaskExitError                       0x08002164   Section        0  port.o(i.prvTaskExitError)
    prvTaskExitError                         0x08002165   Thumb Code    34  port.o(i.prvTaskExitError)
    i.prvTimerTask                           0x080021d4   Section        0  timers.o(i.prvTimerTask)
    prvTimerTask                             0x080021d5   Thumb Code    32  timers.o(i.prvTimerTask)
    i.prvUnlockQueue                         0x080021f8   Section        0  queue.o(i.prvUnlockQueue)
    prvUnlockQueue                           0x080021f9   Thumb Code   118  queue.o(i.prvUnlockQueue)
    i.pvPortMalloc                           0x08002270   Section        0  heap_4.o(i.pvPortMalloc)
    i.pvTaskIncrementMutexHeldCount          0x08002384   Section        0  tasks.o(i.pvTaskIncrementMutexHeldCount)
    i.pxPortInitialiseStack                  0x0800239c   Section        0  port.o(i.pxPortInitialiseStack)
    i.start_task                             0x080023c0   Section        0  freertos_demo.o(i.start_task)
    i.sys_stm32_clock_init                   0x0800241c   Section        0  sys.o(i.sys_stm32_clock_init)
    i.task1                                  0x08002474   Section        0  freertos_demo.o(i.task1)
    i.task2                                  0x0800249c   Section        0  freertos_demo.o(i.task2)
    i.usart_init                             0x080024e8   Section        0  usart.o(i.usart_init)
    i.uxListRemove                           0x08002520   Section        0  list.o(i.uxListRemove)
    i.uxQueueMessagesWaiting                 0x08002548   Section        0  queue.o(i.uxQueueMessagesWaiting)
    i.uxTaskGetNumberOfTasks                 0x0800259c   Section        0  tasks.o(i.uxTaskGetNumberOfTasks)
    i.vListInitialise                        0x080025a8   Section        0  list.o(i.vListInitialise)
    i.vListInitialiseItem                    0x080025be   Section        0  list.o(i.vListInitialiseItem)
    i.vListInsert                            0x080025c4   Section        0  list.o(i.vListInsert)
    i.vListInsertEnd                         0x080025f4   Section        0  list.o(i.vListInsertEnd)
    i.vPortEnterCritical                     0x0800260c   Section        0  port.o(i.vPortEnterCritical)
    i.vPortExitCritical                      0x08002690   Section        0  port.o(i.vPortExitCritical)
    i.vPortFree                              0x08002700   Section        0  heap_4.o(i.vPortFree)
    i.vPortSetupTimerInterrupt               0x080027b0   Section        0  port.o(i.vPortSetupTimerInterrupt)
    i.vQueueAddToRegistry                    0x080027d4   Section        0  queue.o(i.vQueueAddToRegistry)
    i.vQueueWaitForMessageRestricted         0x08002858   Section        0  queue.o(i.vQueueWaitForMessageRestricted)
    i.vTaskDelay                             0x0800289c   Section        0  tasks.o(i.vTaskDelay)
    i.vTaskDelete                            0x08002918   Section        0  tasks.o(i.vTaskDelete)
    i.vTaskInternalSetTimeOutState           0x080029fc   Section        0  tasks.o(i.vTaskInternalSetTimeOutState)
    i.vTaskMissedYield                       0x08002a0c   Section        0  tasks.o(i.vTaskMissedYield)
    i.vTaskPlaceOnEventList                  0x08002a18   Section        0  tasks.o(i.vTaskPlaceOnEventList)
    i.vTaskPlaceOnEventListRestricted        0x08002a7c   Section        0  tasks.o(i.vTaskPlaceOnEventListRestricted)
    i.vTaskPriorityDisinheritAfterTimeout    0x08002b04   Section        0  tasks.o(i.vTaskPriorityDisinheritAfterTimeout)
    i.vTaskStartScheduler                    0x08002bf8   Section        0  tasks.o(i.vTaskStartScheduler)
    i.vTaskSuspendAll                        0x08002c98   Section        0  tasks.o(i.vTaskSuspendAll)
    i.vTaskSwitchContext                     0x08002ca8   Section        0  tasks.o(i.vTaskSwitchContext)
    i.xPortStartScheduler                    0x08002d34   Section        0  port.o(i.xPortStartScheduler)
    i.xPortSysTickHandler                    0x08002e30   Section        0  port.o(i.xPortSysTickHandler)
    i.xQueueCreateCountingSemaphore          0x08002e5c   Section        0  queue.o(i.xQueueCreateCountingSemaphore)
    i.xQueueGenericCreate                    0x08002ebc   Section        0  queue.o(i.xQueueGenericCreate)
    i.xQueueGenericReset                     0x08002f54   Section        0  queue.o(i.xQueueGenericReset)
    i.xQueueGenericSend                      0x08003038   Section        0  queue.o(i.xQueueGenericSend)
    i.xQueueReceive                          0x080031d4   Section        0  queue.o(i.xQueueReceive)
    i.xQueueSemaphoreTake                    0x08003334   Section        0  queue.o(i.xQueueSemaphoreTake)
    i.xTaskCheckForTimeOut                   0x080034c4   Section        0  tasks.o(i.xTaskCheckForTimeOut)
    i.xTaskCreate                            0x0800357c   Section        0  tasks.o(i.xTaskCreate)
    i.xTaskGetSchedulerState                 0x080035d8   Section        0  tasks.o(i.xTaskGetSchedulerState)
    i.xTaskGetTickCount                      0x080035f4   Section        0  tasks.o(i.xTaskGetTickCount)
    i.xTaskIncrementTick                     0x08003600   Section        0  tasks.o(i.xTaskIncrementTick)
    i.xTaskPriorityDisinherit                0x08003768   Section        0  tasks.o(i.xTaskPriorityDisinherit)
    i.xTaskPriorityInherit                   0x0800384c   Section        0  tasks.o(i.xTaskPriorityInherit)
    i.xTaskRemoveFromEventList               0x080038fc   Section        0  tasks.o(i.xTaskRemoveFromEventList)
    i.xTaskResumeAll                         0x08003a08   Section        0  tasks.o(i.xTaskResumeAll)
    i.xTimerCreateTimerTask                  0x08003b68   Section        0  timers.o(i.xTimerCreateTimerTask)
    .constdata                               0x08003be8   Section       16  system_stm32f1xx.o(.constdata)
    .constdata                               0x08003bf8   Section        8  system_stm32f1xx.o(.constdata)
    .data                                    0x20000000   Section        4  system_stm32f1xx.o(.data)
    .data                                    0x20000004   Section       16  freertos_demo.o(.data)
    .data                                    0x20000014   Section        4  delay.o(.data)
    g_fac_us                                 0x20000014   Data           4  delay.o(.data)
    .data                                    0x20000018   Section        4  usart.o(.data)
    .data                                    0x2000001c   Section        4  usart.o(.data)
    .data                                    0x20000020   Section       12  stm32f1xx_hal.o(.data)
    .data                                    0x2000002c   Section       20  timers.o(.data)
    xTimerQueue                              0x2000002c   Data           4  timers.o(.data)
    xTimerTaskHandle                         0x20000030   Data           4  timers.o(.data)
    xLastTime                                0x20000034   Data           4  timers.o(.data)
    pxCurrentTimerList                       0x20000038   Data           4  timers.o(.data)
    pxOverflowTimerList                      0x2000003c   Data           4  timers.o(.data)
    .data                                    0x20000040   Section       64  tasks.o(.data)
    uxDeletedTasksWaitingCleanUp             0x20000044   Data           4  tasks.o(.data)
    uxCurrentNumberOfTasks                   0x20000048   Data           4  tasks.o(.data)
    xTickCount                               0x2000004c   Data           4  tasks.o(.data)
    uxTopReadyPriority                       0x20000050   Data           4  tasks.o(.data)
    xSchedulerRunning                        0x20000054   Data           4  tasks.o(.data)
    xPendedTicks                             0x20000058   Data           4  tasks.o(.data)
    xYieldPending                            0x2000005c   Data           4  tasks.o(.data)
    xNumOfOverflows                          0x20000060   Data           4  tasks.o(.data)
    uxTaskNumber                             0x20000064   Data           4  tasks.o(.data)
    xNextTaskUnblockTime                     0x20000068   Data           4  tasks.o(.data)
    xIdleTaskHandle                          0x2000006c   Data           4  tasks.o(.data)
    uxSchedulerSuspended                     0x20000074   Data           4  tasks.o(.data)
    pxDelayedTaskList                        0x20000078   Data           4  tasks.o(.data)
    pxOverflowDelayedTaskList                0x2000007c   Data           4  tasks.o(.data)
    .data                                    0x20000080   Section       28  heap_4.o(.data)
    pxEnd                                    0x20000080   Data           4  heap_4.o(.data)
    xFreeBytesRemaining                      0x20000084   Data           4  heap_4.o(.data)
    xMinimumEverFreeBytesRemaining           0x20000088   Data           4  heap_4.o(.data)
    xNumberOfSuccessfulAllocations           0x2000008c   Data           4  heap_4.o(.data)
    xNumberOfSuccessfulFrees                 0x20000090   Data           4  heap_4.o(.data)
    xStart                                   0x20000094   Data           8  heap_4.o(.data)
    .data                                    0x2000009c   Section       12  port.o(.data)
    ucMaxSysCallPriority                     0x2000009c   Data           1  port.o(.data)
    uxCriticalNesting                        0x200000a0   Data           4  port.o(.data)
    ulMaxPRIGROUPValue                       0x200000a4   Data           4  port.o(.data)
    .bss                                     0x200000a8   Section      264  usart.o(.bss)
    .bss                                     0x200001b0   Section      144  btim.o(.bss)
    .bss                                     0x20000240   Section       40  timers.o(.bss)
    xActiveTimerList1                        0x20000240   Data          20  timers.o(.bss)
    xActiveTimerList2                        0x20000254   Data          20  timers.o(.bss)
    .bss                                     0x20000268   Section      740  tasks.o(.bss)
    pxReadyTasksLists                        0x20000268   Data         640  tasks.o(.bss)
    xDelayedTaskList1                        0x200004e8   Data          20  tasks.o(.bss)
    xDelayedTaskList2                        0x200004fc   Data          20  tasks.o(.bss)
    xPendingReadyList                        0x20000510   Data          20  tasks.o(.bss)
    xTasksWaitingTermination                 0x20000524   Data          20  tasks.o(.bss)
    xSuspendedTaskList                       0x20000538   Data          20  tasks.o(.bss)
    .bss                                     0x2000054c   Section       64  queue.o(.bss)
    .bss                                     0x2000058c   Section    10240  heap_4.o(.bss)
    ucHeap                                   0x2000058c   Data       10240  heap_4.o(.bss)
    .bss                                     0x20002d8c   Section       96  libspace.o(.bss)
    HEAP                                     0x20002df0   Section      512  startup_stm32f103xe.o(HEAP)
    Heap_Mem                                 0x20002df0   Data         512  startup_stm32f103xe.o(HEAP)
    STACK                                    0x20002ff0   Section     1024  startup_stm32f103xe.o(STACK)
    Stack_Mem                                0x20002ff0   Data        1024  startup_stm32f103xe.o(STACK)
    __initial_sp                             0x200033f0   Data           0  startup_stm32f103xe.o(STACK)

    Global Symbols

    Symbol Name                              Value     Ov Type        Size  Object(Section)

    BuildAttributes$$THM_ISAv4$P$D$K$B$S$PE$A:L22UL41UL21$X:L11$S22US41US21$IEEE1$IW$USESV6$~STKCKD$USESV7$~SHL$OSPACE$ROPI$EBA8$UX$STANDARDLIB$REQ8$PRES8$EABIv2 0x00000000   Number         0  anon$$obj.o ABSOLUTE
    __ARM_use_no_argv                        0x00000000   Number         0  main.o ABSOLUTE
    __ARM_exceptions_init                     - Undefined Weak Reference
    __alloca_initialize                       - Undefined Weak Reference
    __arm_fini_                               - Undefined Weak Reference
    __arm_preinit_                            - Undefined Weak Reference
    __cpp_initialize__aeabi_                  - Undefined Weak Reference
    __cxa_finalize                            - Undefined Weak Reference
    __rt_locale                               - Undefined Weak Reference
    __sigvec_lookup                           - Undefined Weak Reference
    _atexit_init                              - Undefined Weak Reference
    _call_atexit_fns                          - Undefined Weak Reference
    _clock_init                               - Undefined Weak Reference
    _fp_trap_init                             - Undefined Weak Reference
    _fp_trap_shutdown                         - Undefined Weak Reference
    _get_lc_collate                           - Undefined Weak Reference
    _get_lc_ctype                             - Undefined Weak Reference
    _get_lc_monetary                          - Undefined Weak Reference
    _get_lc_numeric                           - Undefined Weak Reference
    _get_lc_time                              - Undefined Weak Reference
    _getenv_init                              - Undefined Weak Reference
    _handle_redirection                       - Undefined Weak Reference
    _init_alloc                               - Undefined Weak Reference
    _init_user_alloc                          - Undefined Weak Reference
    _initio                                   - Undefined Weak Reference
    _mutex_acquire                            - Undefined Weak Reference
    _mutex_release                            - Undefined Weak Reference
    _printf_mbtowc                            - Undefined Weak Reference
    _printf_post_padding                      - Undefined Weak Reference
    _printf_pre_padding                       - Undefined Weak Reference
    _printf_truncate_signed                   - Undefined Weak Reference
    _printf_truncate_unsigned                 - Undefined Weak Reference
    _rand_init                                - Undefined Weak Reference
    _signal_finish                            - Undefined Weak Reference
    _signal_init                              - Undefined Weak Reference
    _terminate_alloc                          - Undefined Weak Reference
    _terminate_user_alloc                     - Undefined Weak Reference
    _terminateio                              - Undefined Weak Reference
    __Vectors_Size                           0x00000130   Number         0  startup_stm32f103xe.o ABSOLUTE
    __Vectors                                0x08000000   Data           4  startup_stm32f103xe.o(RESET)
    __Vectors_End                            0x08000130   Data           0  startup_stm32f103xe.o(RESET)
    __main                                   0x08000131   Thumb Code     8  __main.o(!!!main)
    __scatterload                            0x08000139   Thumb Code     0  __scatter.o(!!!scatter)
    __scatterload_rt2                        0x08000139   Thumb Code    44  __scatter.o(!!!scatter)
    __scatterload_rt2_thumb_only             0x08000139   Thumb Code     0  __scatter.o(!!!scatter)
    __scatterload_null                       0x08000147   Thumb Code     0  __scatter.o(!!!scatter)
    __scatterload_copy                       0x0800016d   Thumb Code    26  __scatter_copy.o(!!handler_copy)
    __scatterload_zeroinit                   0x08000189   Thumb Code    28  __scatter_zi.o(!!handler_zi)
    _printf_d                                0x080001a5   Thumb Code     0  _printf_d.o(.ARM.Collect$$_printf_percent$$00000009)
    _printf_percent                          0x080001a5   Thumb Code     0  _printf_percent.o(.ARM.Collect$$_printf_percent$$00000000)
    _printf_s                                0x080001ab   Thumb Code     0  _printf_s.o(.ARM.Collect$$_printf_percent$$00000014)
    _printf_percent_end                      0x080001b1   Thumb Code     0  _printf_percent_end.o(.ARM.Collect$$_printf_percent$$00000017)
    __rt_lib_init                            0x080001b5   Thumb Code     0  libinit.o(.ARM.Collect$$libinit$$00000000)
    __rt_lib_init_alloca_1                   0x080001b7   Thumb Code     0  libinit2.o(.ARM.Collect$$libinit$$0000002E)
    __rt_lib_init_argv_1                     0x080001b7   Thumb Code     0  libinit2.o(.ARM.Collect$$libinit$$0000002C)
    __rt_lib_init_atexit_1                   0x080001b7   Thumb Code     0  libinit2.o(.ARM.Collect$$libinit$$0000001B)
    __rt_lib_init_clock_1                    0x080001b7   Thumb Code     0  libinit2.o(.ARM.Collect$$libinit$$00000021)
    __rt_lib_init_cpp_1                      0x080001b7   Thumb Code     0  libinit2.o(.ARM.Collect$$libinit$$00000032)
    __rt_lib_init_exceptions_1               0x080001b7   Thumb Code     0  libinit2.o(.ARM.Collect$$libinit$$00000030)
    __rt_lib_init_fp_1                       0x080001b7   Thumb Code     0  libinit2.o(.ARM.Collect$$libinit$$00000002)
    __rt_lib_init_fp_trap_1                  0x080001b7   Thumb Code     0  libinit2.o(.ARM.Collect$$libinit$$0000001F)
    __rt_lib_init_getenv_1                   0x080001b7   Thumb Code     0  libinit2.o(.ARM.Collect$$libinit$$00000023)
    __rt_lib_init_heap_1                     0x080001b7   Thumb Code     0  libinit2.o(.ARM.Collect$$libinit$$0000000A)
    __rt_lib_init_lc_collate_1               0x080001b7   Thumb Code     0  libinit2.o(.ARM.Collect$$libinit$$00000011)
    __rt_lib_init_lc_ctype_1                 0x080001b7   Thumb Code     0  libinit2.o(.ARM.Collect$$libinit$$00000013)
    __rt_lib_init_lc_monetary_1              0x080001b7   Thumb Code     0  libinit2.o(.ARM.Collect$$libinit$$00000015)
    __rt_lib_init_lc_numeric_1               0x080001b7   Thumb Code     0  libinit2.o(.ARM.Collect$$libinit$$00000017)
    __rt_lib_init_lc_time_1                  0x080001b7   Thumb Code     0  libinit2.o(.ARM.Collect$$libinit$$00000019)
    __rt_lib_init_preinit_1                  0x080001b7   Thumb Code     0  libinit2.o(.ARM.Collect$$libinit$$00000004)
    __rt_lib_init_rand_1                     0x080001b7   Thumb Code     0  libinit2.o(.ARM.Collect$$libinit$$0000000E)
    __rt_lib_init_return                     0x080001b7   Thumb Code     0  libinit2.o(.ARM.Collect$$libinit$$00000033)
    __rt_lib_init_signal_1                   0x080001b7   Thumb Code     0  libinit2.o(.ARM.Collect$$libinit$$0000001D)
    __rt_lib_init_stdio_1                    0x080001b7   Thumb Code     0  libinit2.o(.ARM.Collect$$libinit$$00000025)
    __rt_lib_init_user_alloc_1               0x080001b7   Thumb Code     0  libinit2.o(.ARM.Collect$$libinit$$0000000C)
    __rt_lib_shutdown                        0x080001b9   Thumb Code     0  libshutdown.o(.ARM.Collect$$libshutdown$$00000000)
    __rt_lib_shutdown_cpp_1                  0x080001bb   Thumb Code     0  libshutdown2.o(.ARM.Collect$$libshutdown$$00000004)
    __rt_lib_shutdown_fini_1                 0x080001bb   Thumb Code     0  libshutdown2.o(.ARM.Collect$$libshutdown$$00000002)
    __rt_lib_shutdown_fp_trap_1              0x080001bb   Thumb Code     0  libshutdown2.o(.ARM.Collect$$libshutdown$$00000009)
    __rt_lib_shutdown_heap_1                 0x080001bb   Thumb Code     0  libshutdown2.o(.ARM.Collect$$libshutdown$$00000011)
    __rt_lib_shutdown_return                 0x080001bb   Thumb Code     0  libshutdown2.o(.ARM.Collect$$libshutdown$$00000012)
    __rt_lib_shutdown_signal_1               0x080001bb   Thumb Code     0  libshutdown2.o(.ARM.Collect$$libshutdown$$0000000C)
    __rt_lib_shutdown_stdio_1                0x080001bb   Thumb Code     0  libshutdown2.o(.ARM.Collect$$libshutdown$$00000006)
    __rt_lib_shutdown_user_alloc_1           0x080001bb   Thumb Code     0  libshutdown2.o(.ARM.Collect$$libshutdown$$0000000E)
    __rt_entry                               0x080001bd   Thumb Code     0  __rtentry.o(.ARM.Collect$$rtentry$$00000000)
    __rt_entry_presh_1                       0x080001bd   Thumb Code     0  __rtentry2.o(.ARM.Collect$$rtentry$$00000002)
    __rt_entry_sh                            0x080001bd   Thumb Code     0  __rtentry4.o(.ARM.Collect$$rtentry$$00000004)
    __rt_entry_li                            0x080001c3   Thumb Code     0  __rtentry2.o(.ARM.Collect$$rtentry$$0000000A)
    __rt_entry_postsh_1                      0x080001c3   Thumb Code     0  __rtentry2.o(.ARM.Collect$$rtentry$$00000009)
    __rt_entry_main                          0x080001c7   Thumb Code     0  __rtentry2.o(.ARM.Collect$$rtentry$$0000000D)
    __rt_entry_postli_1                      0x080001c7   Thumb Code     0  __rtentry2.o(.ARM.Collect$$rtentry$$0000000C)
    __rt_exit                                0x080001cf   Thumb Code     0  rtexit.o(.ARM.Collect$$rtexit$$00000000)
    __rt_exit_ls                             0x080001d1   Thumb Code     0  rtexit2.o(.ARM.Collect$$rtexit$$00000003)
    __rt_exit_prels_1                        0x080001d1   Thumb Code     0  rtexit2.o(.ARM.Collect$$rtexit$$00000002)
    __rt_exit_exit                           0x080001d5   Thumb Code     0  rtexit2.o(.ARM.Collect$$rtexit$$00000004)
    SVC_Handler                              0x080001dd   Thumb Code    32  port.o(.emb_text)
    __asm___6_port_c_39a90d8d__prvStartFirstTask 0x08000201   Thumb Code    28  port.o(.emb_text)
    PendSV_Handler                           0x08000221   Thumb Code    72  port.o(.emb_text)
    vPortGetIPSR                             0x0800026d   Thumb Code     6  port.o(.emb_text)
    Reset_Handler                            0x08000275   Thumb Code     8  startup_stm32f103xe.o(.text)
    ADC1_2_IRQHandler                        0x0800028f   Thumb Code     0  startup_stm32f103xe.o(.text)
    ADC3_IRQHandler                          0x0800028f   Thumb Code     0  startup_stm32f103xe.o(.text)
    CAN1_RX1_IRQHandler                      0x0800028f   Thumb Code     0  startup_stm32f103xe.o(.text)
    CAN1_SCE_IRQHandler                      0x0800028f   Thumb Code     0  startup_stm32f103xe.o(.text)
    DMA1_Channel1_IRQHandler                 0x0800028f   Thumb Code     0  startup_stm32f103xe.o(.text)
    DMA1_Channel2_IRQHandler                 0x0800028f   Thumb Code     0  startup_stm32f103xe.o(.text)
    DMA1_Channel3_IRQHandler                 0x0800028f   Thumb Code     0  startup_stm32f103xe.o(.text)
    DMA1_Channel4_IRQHandler                 0x0800028f   Thumb Code     0  startup_stm32f103xe.o(.text)
    DMA1_Channel5_IRQHandler                 0x0800028f   Thumb Code     0  startup_stm32f103xe.o(.text)
    DMA1_Channel6_IRQHandler                 0x0800028f   Thumb Code     0  startup_stm32f103xe.o(.text)
    DMA1_Channel7_IRQHandler                 0x0800028f   Thumb Code     0  startup_stm32f103xe.o(.text)
    DMA2_Channel1_IRQHandler                 0x0800028f   Thumb Code     0  startup_stm32f103xe.o(.text)
    DMA2_Channel2_IRQHandler                 0x0800028f   Thumb Code     0  startup_stm32f103xe.o(.text)
    DMA2_Channel3_IRQHandler                 0x0800028f   Thumb Code     0  startup_stm32f103xe.o(.text)
    DMA2_Channel4_5_IRQHandler               0x0800028f   Thumb Code     0  startup_stm32f103xe.o(.text)
    EXTI1_IRQHandler                         0x0800028f   Thumb Code     0  startup_stm32f103xe.o(.text)
    EXTI2_IRQHandler                         0x0800028f   Thumb Code     0  startup_stm32f103xe.o(.text)
    EXTI3_IRQHandler                         0x0800028f   Thumb Code     0  startup_stm32f103xe.o(.text)
    EXTI4_IRQHandler                         0x0800028f   Thumb Code     0  startup_stm32f103xe.o(.text)
    FLASH_IRQHandler                         0x0800028f   Thumb Code     0  startup_stm32f103xe.o(.text)
    FSMC_IRQHandler                          0x0800028f   Thumb Code     0  startup_stm32f103xe.o(.text)
    I2C1_ER_IRQHandler                       0x0800028f   Thumb Code     0  startup_stm32f103xe.o(.text)
    I2C1_EV_IRQHandler                       0x0800028f   Thumb Code     0  startup_stm32f103xe.o(.text)
    I2C2_ER_IRQHandler                       0x0800028f   Thumb Code     0  startup_stm32f103xe.o(.text)
    I2C2_EV_IRQHandler                       0x0800028f   Thumb Code     0  startup_stm32f103xe.o(.text)
    PVD_IRQHandler                           0x0800028f   Thumb Code     0  startup_stm32f103xe.o(.text)
    RCC_IRQHandler                           0x0800028f   Thumb Code     0  startup_stm32f103xe.o(.text)
    RTC_Alarm_IRQHandler                     0x0800028f   Thumb Code     0  startup_stm32f103xe.o(.text)
    RTC_IRQHandler                           0x0800028f   Thumb Code     0  startup_stm32f103xe.o(.text)
    SDIO_IRQHandler                          0x0800028f   Thumb Code     0  startup_stm32f103xe.o(.text)
    SPI1_IRQHandler                          0x0800028f   Thumb Code     0  startup_stm32f103xe.o(.text)
    SPI2_IRQHandler                          0x0800028f   Thumb Code     0  startup_stm32f103xe.o(.text)
    SPI3_IRQHandler                          0x0800028f   Thumb Code     0  startup_stm32f103xe.o(.text)
    TAMPER_IRQHandler                        0x0800028f   Thumb Code     0  startup_stm32f103xe.o(.text)
    TIM1_BRK_IRQHandler                      0x0800028f   Thumb Code     0  startup_stm32f103xe.o(.text)
    TIM1_CC_IRQHandler                       0x0800028f   Thumb Code     0  startup_stm32f103xe.o(.text)
    TIM1_TRG_COM_IRQHandler                  0x0800028f   Thumb Code     0  startup_stm32f103xe.o(.text)
    TIM1_UP_IRQHandler                       0x0800028f   Thumb Code     0  startup_stm32f103xe.o(.text)
    TIM2_IRQHandler                          0x0800028f   Thumb Code     0  startup_stm32f103xe.o(.text)
    TIM3_IRQHandler                          0x0800028f   Thumb Code     0  startup_stm32f103xe.o(.text)
    TIM4_IRQHandler                          0x0800028f   Thumb Code     0  startup_stm32f103xe.o(.text)
    TIM5_IRQHandler                          0x0800028f   Thumb Code     0  startup_stm32f103xe.o(.text)
    TIM8_BRK_IRQHandler                      0x0800028f   Thumb Code     0  startup_stm32f103xe.o(.text)
    TIM8_CC_IRQHandler                       0x0800028f   Thumb Code     0  startup_stm32f103xe.o(.text)
    TIM8_TRG_COM_IRQHandler                  0x0800028f   Thumb Code     0  startup_stm32f103xe.o(.text)
    TIM8_UP_IRQHandler                       0x0800028f   Thumb Code     0  startup_stm32f103xe.o(.text)
    UART4_IRQHandler                         0x0800028f   Thumb Code     0  startup_stm32f103xe.o(.text)
    UART5_IRQHandler                         0x0800028f   Thumb Code     0  startup_stm32f103xe.o(.text)
    USART2_IRQHandler                        0x0800028f   Thumb Code     0  startup_stm32f103xe.o(.text)
    USART3_IRQHandler                        0x0800028f   Thumb Code     0  startup_stm32f103xe.o(.text)
    USBWakeUp_IRQHandler                     0x0800028f   Thumb Code     0  startup_stm32f103xe.o(.text)
    USB_HP_CAN1_TX_IRQHandler                0x0800028f   Thumb Code     0  startup_stm32f103xe.o(.text)
    USB_LP_CAN1_RX0_IRQHandler               0x0800028f   Thumb Code     0  startup_stm32f103xe.o(.text)
    WWDG_IRQHandler                          0x0800028f   Thumb Code     0  startup_stm32f103xe.o(.text)
    __user_initial_stackheap                 0x08000291   Thumb Code     0  startup_stm32f103xe.o(.text)
    __use_no_semihosting                     0x080002b5   Thumb Code     2  use_no_semi_2.o(.text)
    __2printf                                0x080002b9   Thumb Code    20  noretval__2printf.o(.text)
    __printf                                 0x080002d1   Thumb Code   104  __printf.o(.text)
    _printf_str                              0x08000339   Thumb Code    82  _printf_str.o(.text)
    _printf_int_dec                          0x0800038d   Thumb Code   104  _printf_dec.o(.text)
    __aeabi_memcpy                           0x08000405   Thumb Code     0  rt_memcpy_v6.o(.text)
    __rt_memcpy                              0x08000405   Thumb Code   138  rt_memcpy_v6.o(.text)
    _memcpy_lastbytes                        0x0800046b   Thumb Code     0  rt_memcpy_v6.o(.text)
    __aeabi_memset                           0x0800048f   Thumb Code    16  aeabi_memset.o(.text)
    __aeabi_memclr                           0x0800049f   Thumb Code     0  rt_memclr.o(.text)
    __rt_memclr                              0x0800049f   Thumb Code    68  rt_memclr.o(.text)
    _memset                                  0x080004a3   Thumb Code     0  rt_memclr.o(.text)
    __aeabi_memclr4                          0x080004e3   Thumb Code     0  rt_memclr_w.o(.text)
    __aeabi_memclr8                          0x080004e3   Thumb Code     0  rt_memclr_w.o(.text)
    __rt_memclr_w                            0x080004e3   Thumb Code    78  rt_memclr_w.o(.text)
    _memset_w                                0x080004e7   Thumb Code     0  rt_memclr_w.o(.text)
    __use_two_region_memory                  0x08000531   Thumb Code     2  heapauxi.o(.text)
    __rt_heap_escrow$2region                 0x08000533   Thumb Code     2  heapauxi.o(.text)
    __rt_heap_expand$2region                 0x08000535   Thumb Code     2  heapauxi.o(.text)
    __semihosting$guard                      0x08000537   Thumb Code     0  use_no_semi.o(.text)
    __use_no_semihosting_swi                 0x08000537   Thumb Code     2  use_no_semi.o(.text)
    _printf_int_common                       0x08000539   Thumb Code   178  _printf_intcommon.o(.text)
    _printf_char_common                      0x080005f7   Thumb Code    32  _printf_char_common.o(.text)
    _printf_cs_common                        0x0800061d   Thumb Code    20  _printf_char.o(.text)
    _printf_char                             0x08000631   Thumb Code    16  _printf_char.o(.text)
    _printf_string                           0x08000641   Thumb Code     8  _printf_char.o(.text)
    _printf_char_file                        0x08000649   Thumb Code    32  _printf_char_file.o(.text)
    __aeabi_memcpy4                          0x0800066d   Thumb Code     0  rt_memcpy_w.o(.text)
    __aeabi_memcpy8                          0x0800066d   Thumb Code     0  rt_memcpy_w.o(.text)
    __rt_memcpy_w                            0x0800066d   Thumb Code   100  rt_memcpy_w.o(.text)
    _memcpy_lastbytes_aligned                0x080006b5   Thumb Code     0  rt_memcpy_w.o(.text)
    ferror                                   0x080006d1   Thumb Code     8  ferror.o(.text)
    __user_setup_stackheap                   0x080006d9   Thumb Code    74  sys_stackheap_outer.o(.text)
    exit                                     0x08000723   Thumb Code    18  exit.o(.text)
    __user_libspace                          0x08000735   Thumb Code     8  libspace.o(.text)
    __user_perproc_libspace                  0x08000735   Thumb Code     0  libspace.o(.text)
    __user_perthread_libspace                0x08000735   Thumb Code     0  libspace.o(.text)
    BusFault_Handler                         0x0800073d   Thumb Code     2  stm32f1xx_it.o(i.BusFault_Handler)
    DebugMon_Handler                         0x0800073f   Thumb Code     2  stm32f1xx_it.o(i.DebugMon_Handler)
    EXTI0_IRQHandler                         0x08000741   Thumb Code    16  exti.o(i.EXTI0_IRQHandler)
    EXTI15_10_IRQHandler                     0x08000755   Thumb Code    18  exti.o(i.EXTI15_10_IRQHandler)
    EXTI9_5_IRQHandler                       0x0800076d   Thumb Code    16  exti.o(i.EXTI9_5_IRQHandler)
    HAL_DMA_Abort_IT                         0x08000781   Thumb Code   296  stm32f1xx_hal_dma.o(i.HAL_DMA_Abort_IT)
    HAL_GPIO_EXTI_Callback                   0x080008b1   Thumb Code    72  exti.o(i.HAL_GPIO_EXTI_Callback)
    HAL_GPIO_EXTI_IRQHandler                 0x08000905   Thumb Code    18  stm32f1xx_hal_gpio.o(i.HAL_GPIO_EXTI_IRQHandler)
    HAL_GPIO_Init                            0x0800091d   Thumb Code   462  stm32f1xx_hal_gpio.o(i.HAL_GPIO_Init)
    HAL_GPIO_ReadPin                         0x08000b15   Thumb Code    10  stm32f1xx_hal_gpio.o(i.HAL_GPIO_ReadPin)
    HAL_GPIO_TogglePin                       0x08000b1f   Thumb Code    16  stm32f1xx_hal_gpio.o(i.HAL_GPIO_TogglePin)
    HAL_GetTick                              0x08000b31   Thumb Code     6  stm32f1xx_hal.o(i.HAL_GetTick)
    HAL_IncTick                              0x08000b3d   Thumb Code    12  stm32f1xx_hal.o(i.HAL_IncTick)
    HAL_Init                                 0x08000b4d   Thumb Code    32  stm32f1xx_hal.o(i.HAL_Init)
    HAL_InitTick                             0x08000b71   Thumb Code    54  stm32f1xx_hal.o(i.HAL_InitTick)
    HAL_MspInit                              0x08000bb1   Thumb Code     2  stm32f1xx_hal.o(i.HAL_MspInit)
    HAL_NVIC_EnableIRQ                       0x08000bb3   Thumb Code    26  stm32f1xx_hal_cortex.o(i.HAL_NVIC_EnableIRQ)
    HAL_NVIC_SetPriority                     0x08000bcd   Thumb Code    60  stm32f1xx_hal_cortex.o(i.HAL_NVIC_SetPriority)
    HAL_NVIC_SetPriorityGrouping             0x08000c0d   Thumb Code    26  stm32f1xx_hal_cortex.o(i.HAL_NVIC_SetPriorityGrouping)
    HAL_RCC_ClockConfig                      0x08000c31   Thumb Code   280  stm32f1xx_hal_rcc.o(i.HAL_RCC_ClockConfig)
    HAL_RCC_GetPCLK1Freq                     0x08000d5d   Thumb Code    20  stm32f1xx_hal_rcc.o(i.HAL_RCC_GetPCLK1Freq)
    HAL_RCC_GetPCLK2Freq                     0x08000d7d   Thumb Code    20  stm32f1xx_hal_rcc.o(i.HAL_RCC_GetPCLK2Freq)
    HAL_RCC_GetSysClockFreq                  0x08000d9d   Thumb Code    74  stm32f1xx_hal_rcc.o(i.HAL_RCC_GetSysClockFreq)
    HAL_RCC_OscConfig                        0x08000e09   Thumb Code   778  stm32f1xx_hal_rcc.o(i.HAL_RCC_OscConfig)
    HAL_SYSTICK_Config                       0x08001129   Thumb Code    40  stm32f1xx_hal_cortex.o(i.HAL_SYSTICK_Config)
    HAL_TIMEx_BreakCallback                  0x08001151   Thumb Code     2  stm32f1xx_hal_tim_ex.o(i.HAL_TIMEx_BreakCallback)
    HAL_TIMEx_CommutCallback                 0x08001153   Thumb Code     2  stm32f1xx_hal_tim_ex.o(i.HAL_TIMEx_CommutCallback)
    HAL_TIM_IC_CaptureCallback               0x08001155   Thumb Code     2  stm32f1xx_hal_tim.o(i.HAL_TIM_IC_CaptureCallback)
    HAL_TIM_IRQHandler                       0x08001157   Thumb Code   358  stm32f1xx_hal_tim.o(i.HAL_TIM_IRQHandler)
    HAL_TIM_OC_DelayElapsedCallback          0x080012bd   Thumb Code     2  stm32f1xx_hal_tim.o(i.HAL_TIM_OC_DelayElapsedCallback)
    HAL_TIM_PWM_PulseFinishedCallback        0x080012bf   Thumb Code     2  stm32f1xx_hal_tim.o(i.HAL_TIM_PWM_PulseFinishedCallback)
    HAL_TIM_PeriodElapsedCallback            0x080012c1   Thumb Code    26  btim.o(i.HAL_TIM_PeriodElapsedCallback)
    HAL_TIM_TriggerCallback                  0x0800131d   Thumb Code     2  stm32f1xx_hal_tim.o(i.HAL_TIM_TriggerCallback)
    HAL_UART_ErrorCallback                   0x0800131f   Thumb Code     2  stm32f1xx_hal_uart.o(i.HAL_UART_ErrorCallback)
    HAL_UART_IRQHandler                      0x08001321   Thumb Code   344  stm32f1xx_hal_uart.o(i.HAL_UART_IRQHandler)
    HAL_UART_Init                            0x0800147d   Thumb Code    98  stm32f1xx_hal_uart.o(i.HAL_UART_Init)
    HAL_UART_MspInit                         0x080014e1   Thumb Code   126  usart.o(i.HAL_UART_MspInit)
    HAL_UART_Receive_IT                      0x0800156d   Thumb Code    82  stm32f1xx_hal_uart.o(i.HAL_UART_Receive_IT)
    HAL_UART_RxCpltCallback                  0x080015c1   Thumb Code    90  usart.o(i.HAL_UART_RxCpltCallback)
    HAL_UART_TxCpltCallback                  0x08001629   Thumb Code     2  stm32f1xx_hal_uart.o(i.HAL_UART_TxCpltCallback)
    HardFault_Handler                        0x0800162b   Thumb Code     2  stm32f1xx_it.o(i.HardFault_Handler)
    MemManage_Handler                        0x0800162d   Thumb Code     2  stm32f1xx_it.o(i.MemManage_Handler)
    NMI_Handler                              0x0800162f   Thumb Code     2  stm32f1xx_it.o(i.NMI_Handler)
    SysTick_Handler                          0x08001631   Thumb Code    24  delay.o(i.SysTick_Handler)
    SystemInit                               0x08001649   Thumb Code     2  system_stm32f1xx.o(i.SystemInit)
    TIM6_IRQHandler                          0x0800164d   Thumb Code     6  btim.o(i.TIM6_IRQHandler)
    TIM7_IRQHandler                          0x08001659   Thumb Code     6  btim.o(i.TIM7_IRQHandler)
    USART1_IRQHandler                        0x080017d5   Thumb Code    24  usart.o(i.USART1_IRQHandler)
    UsageFault_Handler                       0x080017f5   Thumb Code     2  stm32f1xx_it.o(i.UsageFault_Handler)
    _sys_exit                                0x08001817   Thumb Code     2  usart.o(i._sys_exit)
    delay_ms                                 0x08001819   Thumb Code    26  delay.o(i.delay_ms)
    delay_us                                 0x08001835   Thumb Code    48  delay.o(i.delay_us)
    fputc                                    0x08001869   Thumb Code    18  usart.o(i.fputc)
    freertos_demo                            0x08001881   Thumb Code    56  freertos_demo.o(i.freertos_demo)
    key_init                                 0x080018ed   Thumb Code    82  key.o(i.key_init)
    key_scan                                 0x0800194d   Thumb Code    76  key.o(i.key_scan)
    main                                     0x080019a1   Thumb Code    34  main.o(i.main)
    pvPortMalloc                             0x08002271   Thumb Code   200  heap_4.o(i.pvPortMalloc)
    pvTaskIncrementMutexHeldCount            0x08002385   Thumb Code    18  tasks.o(i.pvTaskIncrementMutexHeldCount)
    pxPortInitialiseStack                    0x0800239d   Thumb Code    32  port.o(i.pxPortInitialiseStack)
    start_task                               0x080023c1   Thumb Code    62  freertos_demo.o(i.start_task)
    sys_stm32_clock_init                     0x0800241d   Thumb Code    86  sys.o(i.sys_stm32_clock_init)
    task1                                    0x08002475   Thumb Code    34  freertos_demo.o(i.task1)
    task2                                    0x0800249d   Thumb Code    44  freertos_demo.o(i.task2)
    usart_init                               0x080024e9   Thumb Code    44  usart.o(i.usart_init)
    uxListRemove                             0x08002521   Thumb Code    38  list.o(i.uxListRemove)
    uxQueueMessagesWaiting                   0x08002549   Thumb Code    32  queue.o(i.uxQueueMessagesWaiting)
    uxTaskGetNumberOfTasks                   0x0800259d   Thumb Code     6  tasks.o(i.uxTaskGetNumberOfTasks)
    vListInitialise                          0x080025a9   Thumb Code    22  list.o(i.vListInitialise)
    vListInitialiseItem                      0x080025bf   Thumb Code     6  list.o(i.vListInitialiseItem)
    vListInsert                              0x080025c5   Thumb Code    48  list.o(i.vListInsert)
    vListInsertEnd                           0x080025f5   Thumb Code    24  list.o(i.vListInsertEnd)
    vPortEnterCritical                       0x0800260d   Thumb Code    50  port.o(i.vPortEnterCritical)
    vPortExitCritical                        0x08002691   Thumb Code    34  port.o(i.vPortExitCritical)
    vPortFree                                0x08002701   Thumb Code    98  heap_4.o(i.vPortFree)
    vPortSetupTimerInterrupt                 0x080027b1   Thumb Code    32  port.o(i.vPortSetupTimerInterrupt)
    vQueueAddToRegistry                      0x080027d5   Thumb Code    74  queue.o(i.vQueueAddToRegistry)
    vQueueWaitForMessageRestricted           0x08002859   Thumb Code    68  queue.o(i.vQueueWaitForMessageRestricted)
    vTaskDelay                               0x0800289d   Thumb Code    62  tasks.o(i.vTaskDelay)
    vTaskDelete                              0x08002919   Thumb Code   158  tasks.o(i.vTaskDelete)
    vTaskInternalSetTimeOutState             0x080029fd   Thumb Code    12  tasks.o(i.vTaskInternalSetTimeOutState)
    vTaskMissedYield                         0x08002a0d   Thumb Code     8  tasks.o(i.vTaskMissedYield)
    vTaskPlaceOnEventList                    0x08002a19   Thumb Code    44  tasks.o(i.vTaskPlaceOnEventList)
    vTaskPlaceOnEventListRestricted          0x08002a7d   Thumb Code    78  tasks.o(i.vTaskPlaceOnEventListRestricted)
    vTaskPriorityDisinheritAfterTimeout      0x08002b05   Thumb Code   184  tasks.o(i.vTaskPriorityDisinheritAfterTimeout)
    vTaskStartScheduler                      0x08002bf9   Thumb Code    92  tasks.o(i.vTaskStartScheduler)
    vTaskSuspendAll                          0x08002c99   Thumb Code    10  tasks.o(i.vTaskSuspendAll)
    vTaskSwitchContext                       0x08002ca9   Thumb Code    80  tasks.o(i.vTaskSwitchContext)
    xPortStartScheduler                      0x08002d35   Thumb Code   168  port.o(i.xPortStartScheduler)
    xPortSysTickHandler                      0x08002e31   Thumb Code    38  port.o(i.xPortSysTickHandler)
    xQueueCreateCountingSemaphore            0x08002e5d   Thumb Code    44  queue.o(i.xQueueCreateCountingSemaphore)
    xQueueGenericCreate                      0x08002ebd   Thumb Code    98  queue.o(i.xQueueGenericCreate)
    xQueueGenericReset                       0x08002f55   Thumb Code   170  queue.o(i.xQueueGenericReset)
    xQueueGenericSend                        0x08003039   Thumb Code   356  queue.o(i.xQueueGenericSend)
    xQueueReceive                            0x080031d5   Thumb Code   296  queue.o(i.xQueueReceive)
    xQueueSemaphoreTake                      0x08003335   Thumb Code   344  queue.o(i.xQueueSemaphoreTake)
    xTaskCheckForTimeOut                     0x080034c5   Thumb Code   128  tasks.o(i.xTaskCheckForTimeOut)
    xTaskCreate                              0x0800357d   Thumb Code    92  tasks.o(i.xTaskCreate)
    xTaskGetSchedulerState                   0x080035d9   Thumb Code    22  tasks.o(i.xTaskGetSchedulerState)
    xTaskGetTickCount                        0x080035f5   Thumb Code     6  tasks.o(i.xTaskGetTickCount)
    xTaskIncrementTick                       0x08003601   Thumb Code   300  tasks.o(i.xTaskIncrementTick)
    xTaskPriorityDisinherit                  0x08003769   Thumb Code   166  tasks.o(i.xTaskPriorityDisinherit)
    xTaskPriorityInherit                     0x0800384d   Thumb Code   168  tasks.o(i.xTaskPriorityInherit)
    xTaskRemoveFromEventList                 0x080038fd   Thumb Code   204  tasks.o(i.xTaskRemoveFromEventList)
    xTaskResumeAll                           0x08003a09   Thumb Code   282  tasks.o(i.xTaskResumeAll)
    xTimerCreateTimerTask                    0x08003b69   Thumb Code    58  timers.o(i.xTimerCreateTimerTask)
    AHBPrescTable                            0x08003be8   Data          16  system_stm32f1xx.o(.constdata)
    APBPrescTable                            0x08003bf8   Data           8  system_stm32f1xx.o(.constdata)
    Region$$Table$$Base                      0x08003c00   Number         0  anon$$obj.o(Region$$Table)
    Region$$Table$$Limit                     0x08003c20   Number         0  anon$$obj.o(Region$$Table)
    SystemCoreClock                          0x20000000   Data           4  system_stm32f1xx.o(.data)
    start_task_handler                       0x20000004   Data           4  freertos_demo.o(.data)
    task1_handler                            0x20000008   Data           4  freertos_demo.o(.data)
    task2_handler                            0x2000000c   Data           4  freertos_demo.o(.data)
    count_semphore_handle                    0x20000010   Data           4  freertos_demo.o(.data)
    g_rx_buffer                              0x20000018   Data           1  usart.o(.data)
    g_usart_rx_sta                           0x2000001a   Data           2  usart.o(.data)
    __stdout                                 0x2000001c   Data           4  usart.o(.data)
    uwTickFreq                               0x20000020   Data           1  stm32f1xx_hal.o(.data)
    uwTickPrio                               0x20000024   Data           4  stm32f1xx_hal.o(.data)
    uwTick                                   0x20000028   Data           4  stm32f1xx_hal.o(.data)
    pxCurrentTCB                             0x20000040   Data           4  tasks.o(.data)
    uxTopUsedPriority                        0x20000070   Data           4  tasks.o(.data)
    g_usart_rx_buf                           0x200000a8   Data         200  usart.o(.bss)
    g_uart1_handle                           0x20000170   Data          64  usart.o(.bss)
    g_timx_handle                            0x200001b0   Data          72  btim.o(.bss)
    g_tim7_handle                            0x200001f8   Data          72  btim.o(.bss)
    xQueueRegistry                           0x2000054c   Data          64  queue.o(.bss)
    __libspace_start                         0x20002d8c   Data          96  libspace.o(.bss)
    __temporary_stack_top$libspace           0x20002dec   Data           0  libspace.o(.bss)



==============================================================================

Memory Map of the image

  Image Entry point : 0x08000131

  Load Region LR_IROM1 (Base: 0x08000000, Size: 0x00003cc8, Max: 0x00080000, ABSOLUTE)

    Execution Region ER_IROM1 (Exec base: 0x08000000, Load base: 0x08000000, Size: 0x00003c20, Max: 0x00080000, ABSOLUTE)

    Exec Addr    Load Addr    Size         Type   Attr      Idx    E Section Name        Object

    0x08000000   0x08000000   0x00000130   Data   RO            3    RESET               startup_stm32f103xe.o
    0x08000130   0x08000130   0x00000008   Code   RO         5097  * !!!main             c_w.l(__main.o)
    0x08000138   0x08000138   0x00000034   Code   RO         5268    !!!scatter          c_w.l(__scatter.o)
    0x0800016c   0x0800016c   0x0000001a   Code   RO         5270    !!handler_copy      c_w.l(__scatter_copy.o)
    0x08000186   0x08000186   0x00000002   PAD
    0x08000188   0x08000188   0x0000001c   Code   RO         5272    !!handler_zi        c_w.l(__scatter_zi.o)
    0x080001a4   0x080001a4   0x00000000   Code   RO         5080    .ARM.Collect$$_printf_percent$$00000000  c_w.l(_printf_percent.o)
    0x080001a4   0x080001a4   0x00000006   Code   RO         5078    .ARM.Collect$$_printf_percent$$00000009  c_w.l(_printf_d.o)
    0x080001aa   0x080001aa   0x00000006   Code   RO         5077    .ARM.Collect$$_printf_percent$$00000014  c_w.l(_printf_s.o)
    0x080001b0   0x080001b0   0x00000004   Code   RO         5112    .ARM.Collect$$_printf_percent$$00000017  c_w.l(_printf_percent_end.o)
    0x080001b4   0x080001b4   0x00000002   Code   RO         5145    .ARM.Collect$$libinit$$00000000  c_w.l(libinit.o)
    0x080001b6   0x080001b6   0x00000000   Code   RO         5152    .ARM.Collect$$libinit$$00000002  c_w.l(libinit2.o)
    0x080001b6   0x080001b6   0x00000000   Code   RO         5154    .ARM.Collect$$libinit$$00000004  c_w.l(libinit2.o)
    0x080001b6   0x080001b6   0x00000000   Code   RO         5157    .ARM.Collect$$libinit$$0000000A  c_w.l(libinit2.o)
    0x080001b6   0x080001b6   0x00000000   Code   RO         5159    .ARM.Collect$$libinit$$0000000C  c_w.l(libinit2.o)
    0x080001b6   0x080001b6   0x00000000   Code   RO         5161    .ARM.Collect$$libinit$$0000000E  c_w.l(libinit2.o)
    0x080001b6   0x080001b6   0x00000000   Code   RO         5164    .ARM.Collect$$libinit$$00000011  c_w.l(libinit2.o)
    0x080001b6   0x080001b6   0x00000000   Code   RO         5166    .ARM.Collect$$libinit$$00000013  c_w.l(libinit2.o)
    0x080001b6   0x080001b6   0x00000000   Code   RO         5168    .ARM.Collect$$libinit$$00000015  c_w.l(libinit2.o)
    0x080001b6   0x080001b6   0x00000000   Code   RO         5170    .ARM.Collect$$libinit$$00000017  c_w.l(libinit2.o)
    0x080001b6   0x080001b6   0x00000000   Code   RO         5172    .ARM.Collect$$libinit$$00000019  c_w.l(libinit2.o)
    0x080001b6   0x080001b6   0x00000000   Code   RO         5174    .ARM.Collect$$libinit$$0000001B  c_w.l(libinit2.o)
    0x080001b6   0x080001b6   0x00000000   Code   RO         5176    .ARM.Collect$$libinit$$0000001D  c_w.l(libinit2.o)
    0x080001b6   0x080001b6   0x00000000   Code   RO         5178    .ARM.Collect$$libinit$$0000001F  c_w.l(libinit2.o)
    0x080001b6   0x080001b6   0x00000000   Code   RO         5180    .ARM.Collect$$libinit$$00000021  c_w.l(libinit2.o)
    0x080001b6   0x080001b6   0x00000000   Code   RO         5182    .ARM.Collect$$libinit$$00000023  c_w.l(libinit2.o)
    0x080001b6   0x080001b6   0x00000000   Code   RO         5184    .ARM.Collect$$libinit$$00000025  c_w.l(libinit2.o)
    0x080001b6   0x080001b6   0x00000000   Code   RO         5188    .ARM.Collect$$libinit$$0000002C  c_w.l(libinit2.o)
    0x080001b6   0x080001b6   0x00000000   Code   RO         5190    .ARM.Collect$$libinit$$0000002E  c_w.l(libinit2.o)
    0x080001b6   0x080001b6   0x00000000   Code   RO         5192    .ARM.Collect$$libinit$$00000030  c_w.l(libinit2.o)
    0x080001b6   0x080001b6   0x00000000   Code   RO         5194    .ARM.Collect$$libinit$$00000032  c_w.l(libinit2.o)
    0x080001b6   0x080001b6   0x00000002   Code   RO         5195    .ARM.Collect$$libinit$$00000033  c_w.l(libinit2.o)
    0x080001b8   0x080001b8   0x00000002   Code   RO         5213    .ARM.Collect$$libshutdown$$00000000  c_w.l(libshutdown.o)
    0x080001ba   0x080001ba   0x00000000   Code   RO         5221    .ARM.Collect$$libshutdown$$00000002  c_w.l(libshutdown2.o)
    0x080001ba   0x080001ba   0x00000000   Code   RO         5223    .ARM.Collect$$libshutdown$$00000004  c_w.l(libshutdown2.o)
    0x080001ba   0x080001ba   0x00000000   Code   RO         5225    .ARM.Collect$$libshutdown$$00000006  c_w.l(libshutdown2.o)
    0x080001ba   0x080001ba   0x00000000   Code   RO         5228    .ARM.Collect$$libshutdown$$00000009  c_w.l(libshutdown2.o)
    0x080001ba   0x080001ba   0x00000000   Code   RO         5231    .ARM.Collect$$libshutdown$$0000000C  c_w.l(libshutdown2.o)
    0x080001ba   0x080001ba   0x00000000   Code   RO         5233    .ARM.Collect$$libshutdown$$0000000E  c_w.l(libshutdown2.o)
    0x080001ba   0x080001ba   0x00000000   Code   RO         5236    .ARM.Collect$$libshutdown$$00000011  c_w.l(libshutdown2.o)
    0x080001ba   0x080001ba   0x00000002   Code   RO         5237    .ARM.Collect$$libshutdown$$00000012  c_w.l(libshutdown2.o)
    0x080001bc   0x080001bc   0x00000000   Code   RO         5101    .ARM.Collect$$rtentry$$00000000  c_w.l(__rtentry.o)
    0x080001bc   0x080001bc   0x00000000   Code   RO         5116    .ARM.Collect$$rtentry$$00000002  c_w.l(__rtentry2.o)
    0x080001bc   0x080001bc   0x00000006   Code   RO         5128    .ARM.Collect$$rtentry$$00000004  c_w.l(__rtentry4.o)
    0x080001c2   0x080001c2   0x00000000   Code   RO         5118    .ARM.Collect$$rtentry$$00000009  c_w.l(__rtentry2.o)
    0x080001c2   0x080001c2   0x00000004   Code   RO         5119    .ARM.Collect$$rtentry$$0000000A  c_w.l(__rtentry2.o)
    0x080001c6   0x080001c6   0x00000000   Code   RO         5121    .ARM.Collect$$rtentry$$0000000C  c_w.l(__rtentry2.o)
    0x080001c6   0x080001c6   0x00000008   Code   RO         5122    .ARM.Collect$$rtentry$$0000000D  c_w.l(__rtentry2.o)
    0x080001ce   0x080001ce   0x00000002   Code   RO         5149    .ARM.Collect$$rtexit$$00000000  c_w.l(rtexit.o)
    0x080001d0   0x080001d0   0x00000000   Code   RO         5197    .ARM.Collect$$rtexit$$00000002  c_w.l(rtexit2.o)
    0x080001d0   0x080001d0   0x00000004   Code   RO         5198    .ARM.Collect$$rtexit$$00000003  c_w.l(rtexit2.o)
    0x080001d4   0x080001d4   0x00000006   Code   RO         5199    .ARM.Collect$$rtexit$$00000004  c_w.l(rtexit2.o)
    0x080001da   0x080001da   0x00000002   PAD
    0x080001dc   0x080001dc   0x00000096   Code   RO         4952    .emb_text           port.o
    0x08000272   0x08000272   0x00000002   PAD
    0x08000274   0x08000274   0x00000040   Code   RO            4    .text               startup_stm32f103xe.o
    0x080002b4   0x080002b4   0x00000002   Code   RO         5040    .text               c_w.l(use_no_semi_2.o)
    0x080002b6   0x080002b6   0x00000002   PAD
    0x080002b8   0x080002b8   0x00000018   Code   RO         5046    .text               c_w.l(noretval__2printf.o)
    0x080002d0   0x080002d0   0x00000068   Code   RO         5050    .text               c_w.l(__printf.o)
    0x08000338   0x08000338   0x00000052   Code   RO         5052    .text               c_w.l(_printf_str.o)
    0x0800038a   0x0800038a   0x00000002   PAD
    0x0800038c   0x0800038c   0x00000078   Code   RO         5054    .text               c_w.l(_printf_dec.o)
    0x08000404   0x08000404   0x0000008a   Code   RO         5085    .text               c_w.l(rt_memcpy_v6.o)
    0x0800048e   0x0800048e   0x00000010   Code   RO         5089    .text               c_w.l(aeabi_memset.o)
    0x0800049e   0x0800049e   0x00000044   Code   RO         5091    .text               c_w.l(rt_memclr.o)
    0x080004e2   0x080004e2   0x0000004e   Code   RO         5093    .text               c_w.l(rt_memclr_w.o)
    0x08000530   0x08000530   0x00000006   Code   RO         5095    .text               c_w.l(heapauxi.o)
    0x08000536   0x08000536   0x00000002   Code   RO         5099    .text               c_w.l(use_no_semi.o)
    0x08000538   0x08000538   0x000000b2   Code   RO         5102    .text               c_w.l(_printf_intcommon.o)
    0x080005ea   0x080005ea   0x00000002   PAD
    0x080005ec   0x080005ec   0x00000030   Code   RO         5104    .text               c_w.l(_printf_char_common.o)
    0x0800061c   0x0800061c   0x0000002c   Code   RO         5108    .text               c_w.l(_printf_char.o)
    0x08000648   0x08000648   0x00000024   Code   RO         5110    .text               c_w.l(_printf_char_file.o)
    0x0800066c   0x0800066c   0x00000064   Code   RO         5113    .text               c_w.l(rt_memcpy_w.o)
    0x080006d0   0x080006d0   0x00000008   Code   RO         5132    .text               c_w.l(ferror.o)
    0x080006d8   0x080006d8   0x0000004a   Code   RO         5136    .text               c_w.l(sys_stackheap_outer.o)
    0x08000722   0x08000722   0x00000012   Code   RO         5138    .text               c_w.l(exit.o)
    0x08000734   0x08000734   0x00000008   Code   RO         5146    .text               c_w.l(libspace.o)
    0x0800073c   0x0800073c   0x00000002   Code   RO          441    i.BusFault_Handler  stm32f1xx_it.o
    0x0800073e   0x0800073e   0x00000002   Code   RO          442    i.DebugMon_Handler  stm32f1xx_it.o
    0x08000740   0x08000740   0x00000014   Code   RO         1866    i.EXTI0_IRQHandler  exti.o
    0x08000754   0x08000754   0x00000018   Code   RO         1867    i.EXTI15_10_IRQHandler  exti.o
    0x0800076c   0x0800076c   0x00000014   Code   RO         1868    i.EXTI9_5_IRQHandler  exti.o
    0x08000780   0x08000780   0x00000130   Code   RO         1444    i.HAL_DMA_Abort_IT  stm32f1xx_hal_dma.o
    0x080008b0   0x080008b0   0x00000054   Code   RO         1869    i.HAL_GPIO_EXTI_Callback  exti.o
    0x08000904   0x08000904   0x00000018   Code   RO         1539    i.HAL_GPIO_EXTI_IRQHandler  stm32f1xx_hal_gpio.o
    0x0800091c   0x0800091c   0x000001f8   Code   RO         1540    i.HAL_GPIO_Init     stm32f1xx_hal_gpio.o
    0x08000b14   0x08000b14   0x0000000a   Code   RO         1542    i.HAL_GPIO_ReadPin  stm32f1xx_hal_gpio.o
    0x08000b1e   0x08000b1e   0x00000010   Code   RO         1543    i.HAL_GPIO_TogglePin  stm32f1xx_hal_gpio.o
    0x08000b2e   0x08000b2e   0x00000002   PAD
    0x08000b30   0x08000b30   0x0000000c   Code   RO         1162    i.HAL_GetTick       stm32f1xx_hal.o
    0x08000b3c   0x08000b3c   0x00000010   Code   RO         1168    i.HAL_IncTick       stm32f1xx_hal.o
    0x08000b4c   0x08000b4c   0x00000024   Code   RO         1169    i.HAL_Init          stm32f1xx_hal.o
    0x08000b70   0x08000b70   0x00000040   Code   RO         1170    i.HAL_InitTick      stm32f1xx_hal.o
    0x08000bb0   0x08000bb0   0x00000002   Code   RO         1172    i.HAL_MspInit       stm32f1xx_hal.o
    0x08000bb2   0x08000bb2   0x0000001a   Code   RO         1327    i.HAL_NVIC_EnableIRQ  stm32f1xx_hal_cortex.o
    0x08000bcc   0x08000bcc   0x00000040   Code   RO         1333    i.HAL_NVIC_SetPriority  stm32f1xx_hal_cortex.o
    0x08000c0c   0x08000c0c   0x00000024   Code   RO         1334    i.HAL_NVIC_SetPriorityGrouping  stm32f1xx_hal_cortex.o
    0x08000c30   0x08000c30   0x0000012c   Code   RO         1765    i.HAL_RCC_ClockConfig  stm32f1xx_hal_rcc.o
    0x08000d5c   0x08000d5c   0x00000020   Code   RO         1772    i.HAL_RCC_GetPCLK1Freq  stm32f1xx_hal_rcc.o
    0x08000d7c   0x08000d7c   0x00000020   Code   RO         1773    i.HAL_RCC_GetPCLK2Freq  stm32f1xx_hal_rcc.o
    0x08000d9c   0x08000d9c   0x0000006c   Code   RO         1774    i.HAL_RCC_GetSysClockFreq  stm32f1xx_hal_rcc.o
    0x08000e08   0x08000e08   0x00000320   Code   RO         1777    i.HAL_RCC_OscConfig  stm32f1xx_hal_rcc.o
    0x08001128   0x08001128   0x00000028   Code   RO         1338    i.HAL_SYSTICK_Config  stm32f1xx_hal_cortex.o
    0x08001150   0x08001150   0x00000002   Code   RO         3244    i.HAL_TIMEx_BreakCallback  stm32f1xx_hal_tim_ex.o
    0x08001152   0x08001152   0x00000002   Code   RO         3245    i.HAL_TIMEx_CommutCallback  stm32f1xx_hal_tim_ex.o
    0x08001154   0x08001154   0x00000002   Code   RO         2574    i.HAL_TIM_IC_CaptureCallback  stm32f1xx_hal_tim.o
    0x08001156   0x08001156   0x00000166   Code   RO         2588    i.HAL_TIM_IRQHandler  stm32f1xx_hal_tim.o
    0x080012bc   0x080012bc   0x00000002   Code   RO         2591    i.HAL_TIM_OC_DelayElapsedCallback  stm32f1xx_hal_tim.o
    0x080012be   0x080012be   0x00000002   Code   RO         2618    i.HAL_TIM_PWM_PulseFinishedCallback  stm32f1xx_hal_tim.o
    0x080012c0   0x080012c0   0x0000005c   Code   RO         3542    i.HAL_TIM_PeriodElapsedCallback  btim.o
    0x0800131c   0x0800131c   0x00000002   Code   RO         2631    i.HAL_TIM_TriggerCallback  stm32f1xx_hal_tim.o
    0x0800131e   0x0800131e   0x00000002   Code   RO         1977    i.HAL_UART_ErrorCallback  stm32f1xx_hal_uart.o
    0x08001320   0x08001320   0x0000015c   Code   RO         1980    i.HAL_UART_IRQHandler  stm32f1xx_hal_uart.o
    0x0800147c   0x0800147c   0x00000062   Code   RO         1981    i.HAL_UART_Init     stm32f1xx_hal_uart.o
    0x080014de   0x080014de   0x00000002   PAD
    0x080014e0   0x080014e0   0x0000008c   Code   RO         1073    i.HAL_UART_MspInit  usart.o
    0x0800156c   0x0800156c   0x00000052   Code   RO         1986    i.HAL_UART_Receive_IT  stm32f1xx_hal_uart.o
    0x080015be   0x080015be   0x00000002   PAD
    0x080015c0   0x080015c0   0x00000068   Code   RO         1074    i.HAL_UART_RxCpltCallback  usart.o
    0x08001628   0x08001628   0x00000002   Code   RO         1992    i.HAL_UART_TxCpltCallback  stm32f1xx_hal_uart.o
    0x0800162a   0x0800162a   0x00000002   Code   RO          443    i.HardFault_Handler  stm32f1xx_it.o
    0x0800162c   0x0800162c   0x00000002   Code   RO          444    i.MemManage_Handler  stm32f1xx_it.o
    0x0800162e   0x0800162e   0x00000002   Code   RO          445    i.NMI_Handler       stm32f1xx_it.o
    0x08001630   0x08001630   0x00000018   Code   RO          917    i.SysTick_Handler   delay.o
    0x08001648   0x08001648   0x00000002   Code   RO          240    i.SystemInit        system_stm32f1xx.o
    0x0800164a   0x0800164a   0x00000002   PAD
    0x0800164c   0x0800164c   0x0000000c   Code   RO         3543    i.TIM6_IRQHandler   btim.o
    0x08001658   0x08001658   0x0000000c   Code   RO         3544    i.TIM7_IRQHandler   btim.o
    0x08001664   0x08001664   0x00000010   Code   RO         1994    i.UART_DMAAbortOnError  stm32f1xx_hal_uart.o
    0x08001674   0x08001674   0x0000001c   Code   RO         2004    i.UART_EndRxTransfer  stm32f1xx_hal_uart.o
    0x08001690   0x08001690   0x0000008c   Code   RO         2006    i.UART_Receive_IT   stm32f1xx_hal_uart.o
    0x0800171c   0x0800171c   0x000000b8   Code   RO         2007    i.UART_SetConfig    stm32f1xx_hal_uart.o
    0x080017d4   0x080017d4   0x00000020   Code   RO         1075    i.USART1_IRQHandler  usart.o
    0x080017f4   0x080017f4   0x00000002   Code   RO          446    i.UsageFault_Handler  stm32f1xx_it.o
    0x080017f6   0x080017f6   0x00000020   Code   RO         1340    i.__NVIC_SetPriority  stm32f1xx_hal_cortex.o
    0x08001816   0x08001816   0x00000002   Code   RO         1077    i._sys_exit         usart.o
    0x08001818   0x08001818   0x0000001a   Code   RO          919    i.delay_ms          delay.o
    0x08001832   0x08001832   0x00000002   PAD
    0x08001834   0x08001834   0x00000034   Code   RO          920    i.delay_us          delay.o
    0x08001868   0x08001868   0x00000018   Code   RO         1079    i.fputc             usart.o
    0x08001880   0x08001880   0x0000006c   Code   RO          633    i.freertos_demo     freertos_demo.o
    0x080018ec   0x080018ec   0x00000060   Code   RO         3511    i.key_init          key.o
    0x0800194c   0x0800194c   0x00000054   Code   RO         3512    i.key_scan          key.o
    0x080019a0   0x080019a0   0x00000022   Code   RO           13    i.main              main.o
    0x080019c2   0x080019c2   0x00000002   PAD
    0x080019c4   0x080019c4   0x00000090   Code   RO         4227    i.prvAddCurrentTaskToDelayedList  tasks.o
    0x08001a54   0x08001a54   0x000000f0   Code   RO         4228    i.prvAddNewTaskToReadyList  tasks.o
    0x08001b44   0x08001b44   0x00000050   Code   RO         3678    i.prvCheckForValidListAndQueue  timers.o
    0x08001b94   0x08001b94   0x00000026   Code   RO         4639    i.prvCopyDataFromQueue  queue.o
    0x08001bba   0x08001bba   0x0000006c   Code   RO         4640    i.prvCopyDataToQueue  queue.o
    0x08001c26   0x08001c26   0x00000014   Code   RO         4229    i.prvDeleteTCB      tasks.o
    0x08001c3a   0x08001c3a   0x00000002   PAD
    0x08001c3c   0x08001c3c   0x00000044   Code   RO         4879    i.prvHeapInit       heap_4.o
    0x08001c80   0x08001c80   0x00000060   Code   RO         4230    i.prvIdleTask       tasks.o
    0x08001ce0   0x08001ce0   0x000000d4   Code   RO         4231    i.prvInitialiseNewTask  tasks.o
    0x08001db4   0x08001db4   0x0000004c   Code   RO         4880    i.prvInsertBlockIntoFreeList  heap_4.o
    0x08001e00   0x08001e00   0x00000038   Code   RO         3679    i.prvInsertTimerInActiveList  timers.o
    0x08001e38   0x08001e38   0x0000001c   Code   RO         4641    i.prvIsQueueEmpty   queue.o
    0x08001e54   0x08001e54   0x000000b0   Code   RO         4642    i.prvNotifyQueueSetContainer  queue.o
    0x08001f04   0x08001f04   0x00000040   Code   RO         3680    i.prvProcessExpiredTimer  timers.o
    0x08001f44   0x08001f44   0x00000128   Code   RO         3681    i.prvProcessReceivedCommands  timers.o
    0x0800206c   0x0800206c   0x0000006c   Code   RO         3682    i.prvProcessTimerOrBlockTask  timers.o
    0x080020d8   0x080020d8   0x00000028   Code   RO         3683    i.prvReloadTimer    timers.o
    0x08002100   0x08002100   0x0000001c   Code   RO         4233    i.prvResetNextTaskUnblockTime  tasks.o
    0x0800211c   0x0800211c   0x00000048   Code   RO         3684    i.prvSampleTimeNow  timers.o
    0x08002164   0x08002164   0x00000070   Code   RO         4953    i.prvTaskExitError  port.o
    0x080021d4   0x080021d4   0x00000024   Code   RO         3685    i.prvTimerTask      timers.o
    0x080021f8   0x080021f8   0x00000076   Code   RO         4643    i.prvUnlockQueue    queue.o
    0x0800226e   0x0800226e   0x00000002   PAD
    0x08002270   0x08002270   0x00000114   Code   RO         4882    i.pvPortMalloc      heap_4.o
    0x08002384   0x08002384   0x00000018   Code   RO         4237    i.pvTaskIncrementMutexHeldCount  tasks.o
    0x0800239c   0x0800239c   0x00000024   Code   RO         4954    i.pxPortInitialiseStack  port.o
    0x080023c0   0x080023c0   0x0000005c   Code   RO          634    i.start_task        freertos_demo.o
    0x0800241c   0x0800241c   0x00000056   Code   RO         1006    i.sys_stm32_clock_init  sys.o
    0x08002472   0x08002472   0x00000002   PAD
    0x08002474   0x08002474   0x00000028   Code   RO          635    i.task1             freertos_demo.o
    0x0800249c   0x0800249c   0x0000004c   Code   RO          636    i.task2             freertos_demo.o
    0x080024e8   0x080024e8   0x00000038   Code   RO         1080    i.usart_init        usart.o
    0x08002520   0x08002520   0x00000026   Code   RO         4002    i.uxListRemove      list.o
    0x08002546   0x08002546   0x00000002   PAD
    0x08002548   0x08002548   0x00000054   Code   RO         4646    i.uxQueueMessagesWaiting  queue.o
    0x0800259c   0x0800259c   0x0000000c   Code   RO         4240    i.uxTaskGetNumberOfTasks  tasks.o
    0x080025a8   0x080025a8   0x00000016   Code   RO         4003    i.vListInitialise   list.o
    0x080025be   0x080025be   0x00000006   Code   RO         4004    i.vListInitialiseItem  list.o
    0x080025c4   0x080025c4   0x00000030   Code   RO         4005    i.vListInsert       list.o
    0x080025f4   0x080025f4   0x00000018   Code   RO         4006    i.vListInsertEnd    list.o
    0x0800260c   0x0800260c   0x00000084   Code   RO         4956    i.vPortEnterCritical  port.o
    0x08002690   0x08002690   0x00000070   Code   RO         4957    i.vPortExitCritical  port.o
    0x08002700   0x08002700   0x000000b0   Code   RO         4883    i.vPortFree         heap_4.o
    0x080027b0   0x080027b0   0x00000024   Code   RO         4958    i.vPortSetupTimerInterrupt  port.o
    0x080027d4   0x080027d4   0x00000084   Code   RO         4649    i.vQueueAddToRegistry  queue.o
    0x08002858   0x08002858   0x00000044   Code   RO         4653    i.vQueueWaitForMessageRestricted  queue.o
    0x0800289c   0x0800289c   0x0000007c   Code   RO         4247    i.vTaskDelay        tasks.o
    0x08002918   0x08002918   0x000000e4   Code   RO         4248    i.vTaskDelete       tasks.o
    0x080029fc   0x080029fc   0x00000010   Code   RO         4252    i.vTaskInternalSetTimeOutState  tasks.o
    0x08002a0c   0x08002a0c   0x0000000c   Code   RO         4254    i.vTaskMissedYield  tasks.o
    0x08002a18   0x08002a18   0x00000064   Code   RO         4255    i.vTaskPlaceOnEventList  tasks.o
    0x08002a7c   0x08002a7c   0x00000088   Code   RO         4256    i.vTaskPlaceOnEventListRestricted  tasks.o
    0x08002b04   0x08002b04   0x000000f4   Code   RO         4258    i.vTaskPriorityDisinheritAfterTimeout  tasks.o
    0x08002bf8   0x08002bf8   0x000000a0   Code   RO         4264    i.vTaskStartScheduler  tasks.o
    0x08002c98   0x08002c98   0x00000010   Code   RO         4266    i.vTaskSuspendAll   tasks.o
    0x08002ca8   0x08002ca8   0x0000008c   Code   RO         4267    i.vTaskSwitchContext  tasks.o
    0x08002d34   0x08002d34   0x000000fc   Code   RO         4960    i.xPortStartScheduler  port.o
    0x08002e30   0x08002e30   0x0000002c   Code   RO         4961    i.xPortSysTickHandler  port.o
    0x08002e5c   0x08002e5c   0x00000060   Code   RO         4655    i.xQueueCreateCountingSemaphore  queue.o
    0x08002ebc   0x08002ebc   0x00000098   Code   RO         4658    i.xQueueGenericCreate  queue.o
    0x08002f54   0x08002f54   0x000000e4   Code   RO         4659    i.xQueueGenericReset  queue.o
    0x08003038   0x08003038   0x0000019c   Code   RO         4660    i.xQueueGenericSend  queue.o
    0x080031d4   0x080031d4   0x00000160   Code   RO         4668    i.xQueueReceive     queue.o
    0x08003334   0x08003334   0x00000190   Code   RO         4673    i.xQueueSemaphoreTake  queue.o
    0x080034c4   0x080034c4   0x000000b8   Code   RO         4270    i.xTaskCheckForTimeOut  tasks.o
    0x0800357c   0x0800357c   0x0000005c   Code   RO         4271    i.xTaskCreate       tasks.o
    0x080035d8   0x080035d8   0x0000001c   Code   RO         4280    i.xTaskGetSchedulerState  tasks.o
    0x080035f4   0x080035f4   0x0000000c   Code   RO         4281    i.xTaskGetTickCount  tasks.o
    0x08003600   0x08003600   0x00000168   Code   RO         4283    i.xTaskIncrementTick  tasks.o
    0x08003768   0x08003768   0x000000e4   Code   RO         4284    i.xTaskPriorityDisinherit  tasks.o
    0x0800384c   0x0800384c   0x000000b0   Code   RO         4285    i.xTaskPriorityInherit  tasks.o
    0x080038fc   0x080038fc   0x0000010c   Code   RO         4286    i.xTaskRemoveFromEventList  tasks.o
    0x08003a08   0x08003a08   0x00000160   Code   RO         4287    i.xTaskResumeAll    tasks.o
    0x08003b68   0x08003b68   0x00000080   Code   RO         3693    i.xTimerCreateTimerTask  timers.o
    0x08003be8   0x08003be8   0x00000010   Data   RO          241    .constdata          system_stm32f1xx.o
    0x08003bf8   0x08003bf8   0x00000008   Data   RO          242    .constdata          system_stm32f1xx.o
    0x08003c00   0x08003c00   0x00000020   Data   RO         5266    Region$$Table       anon$$obj.o


    Execution Region RW_IRAM1 (Exec base: 0x20000000, Load base: 0x08003c20, Size: 0x000033f0, Max: 0x00010000, ABSOLUTE)

    Exec Addr    Load Addr    Size         Type   Attr      Idx    E Section Name        Object

    0x20000000   0x08003c20   0x00000004   Data   RW          243    .data               system_stm32f1xx.o
    0x20000004   0x08003c24   0x00000010   Data   RW          637    .data               freertos_demo.o
    0x20000014   0x08003c34   0x00000004   Data   RW          921    .data               delay.o
    0x20000018   0x08003c38   0x00000004   Data   RW         1082    .data               usart.o
    0x2000001c   0x08003c3c   0x00000004   Data   RW         1083    .data               usart.o
    0x20000020   0x08003c40   0x0000000c   Data   RW         1176    .data               stm32f1xx_hal.o
    0x2000002c   0x08003c4c   0x00000014   Data   RW         3703    .data               timers.o
    0x20000040   0x08003c60   0x00000040   Data   RW         4290    .data               tasks.o
    0x20000080   0x08003ca0   0x0000001c   Data   RW         4889    .data               heap_4.o
    0x2000009c   0x08003cbc   0x0000000c   Data   RW         4962    .data               port.o
    0x200000a8        -       0x00000108   Zero   RW         1081    .bss                usart.o
    0x200001b0        -       0x00000090   Zero   RW         3547    .bss                btim.o
    0x20000240        -       0x00000028   Zero   RW         3702    .bss                timers.o
    0x20000268        -       0x000002e4   Zero   RW         4289    .bss                tasks.o
    0x2000054c        -       0x00000040   Zero   RW         4675    .bss                queue.o
    0x2000058c        -       0x00002800   Zero   RW         4888    .bss                heap_4.o
    0x20002d8c        -       0x00000060   Zero   RW         5147    .bss                c_w.l(libspace.o)
    0x20002dec   0x08003cc8   0x00000004   PAD
    0x20002df0        -       0x00000200   Zero   RW            2    HEAP                startup_stm32f103xe.o
    0x20002ff0        -       0x00000400   Zero   RW            1    STACK               startup_stm32f103xe.o


==============================================================================

Image component sizes


      Code (inc. data)   RO Data    RW Data    ZI Data      Debug   Object Name

       116         78          0          0        144       2130   btim.o
       102          4          0          4          0      16872   delay.o
         0          0          0          0          0      12228   event_groups.o
       148         26          0          0          0       2076   exti.o
       316        120          0         16          0      18104   freertos_demo.o
       596        166          0         28      10240       4959   heap_4.o
       180         22          0          0          0       1506   key.o
       138          0          0          0          0       3346   list.o
        34          0          0          0          0       8039   main.o
       874        348          0         12          0       9876   port.o
      2392        494          0          0         64      17802   queue.o
        64         26        304          0       1536        940   startup_stm32f103xe.o
       130         24          0         12          0       6519   stm32f1xx_hal.o
       198         14          0          0          0      29063   stm32f1xx_hal_cortex.o
       304          8          0          0          0       1211   stm32f1xx_hal_dma.o
       554         48          0          0          0       4219   stm32f1xx_hal_gpio.o
      1272        100          0          0          0       5304   stm32f1xx_hal_rcc.o
       366          0          0          0          0       4536   stm32f1xx_hal_tim.o
         4          0          0          0          0       1609   stm32f1xx_hal_tim_ex.o
       900         10          0          0          0       7099   stm32f1xx_hal_uart.o
        12          0          0          0          0       2657   stm32f1xx_it.o
        86          0          0          0          0        671   sys.o
         2          0         24          4          0     481167   system_stm32f1xx.o
      3652        886          0         64        740      35898   tasks.o
       880        184          0         20         40      15520   timers.o
       358         54          0          8        264       5537   usart.o

    ----------------------------------------------------------------------
     13700       2612        360        168      13028     698888   Object Totals
         0          0         32          0          0          0   (incl. Generated)
        22          0          0          0          0          0   (incl. Padding)

    ----------------------------------------------------------------------

      Code (inc. data)   RO Data    RW Data    ZI Data      Debug   Library Member Name

         8          0          0          0          0         68   __main.o
       104          0          0          0          0         84   __printf.o
         0          0          0          0          0          0   __rtentry.o
        12          0          0          0          0          0   __rtentry2.o
         6          0          0          0          0          0   __rtentry4.o
        52          8          0          0          0          0   __scatter.o
        26          0          0          0          0          0   __scatter_copy.o
        28          0          0          0          0          0   __scatter_zi.o
        44          0          0          0          0        108   _printf_char.o
        48          6          0          0          0         96   _printf_char_common.o
        36          4          0          0          0         80   _printf_char_file.o
         6          0          0          0          0          0   _printf_d.o
       120         16          0          0          0         92   _printf_dec.o
       178          0          0          0          0         88   _printf_intcommon.o
         0          0          0          0          0          0   _printf_percent.o
         4          0          0          0          0          0   _printf_percent_end.o
         6          0          0          0          0          0   _printf_s.o
        82          0          0          0          0         80   _printf_str.o
        16          0          0          0          0         68   aeabi_memset.o
        18          0          0          0          0         80   exit.o
         8          0          0          0          0         68   ferror.o
         6          0          0          0          0        152   heapauxi.o
         2          0          0          0          0          0   libinit.o
         2          0          0          0          0          0   libinit2.o
         2          0          0          0          0          0   libshutdown.o
         2          0          0          0          0          0   libshutdown2.o
         8          4          0          0         96         68   libspace.o
        24          4          0          0          0         84   noretval__2printf.o
        68          0          0          0          0         68   rt_memclr.o
        78          0          0          0          0         80   rt_memclr_w.o
       138          0          0          0          0         68   rt_memcpy_v6.o
       100          0          0          0          0         80   rt_memcpy_w.o
         2          0          0          0          0          0   rtexit.o
        10          0          0          0          0          0   rtexit2.o
        74          0          0          0          0         80   sys_stackheap_outer.o
         2          0          0          0          0         68   use_no_semi.o
         2          0          0          0          0         68   use_no_semi_2.o

    ----------------------------------------------------------------------
      1332         42          0          0        100       1728   Library Totals
        10          0          0          0          4          0   (incl. Padding)

    ----------------------------------------------------------------------

      Code (inc. data)   RO Data    RW Data    ZI Data      Debug   Library Name

      1322         42          0          0         96       1728   c_w.l

    ----------------------------------------------------------------------
      1332         42          0          0        100       1728   Library Totals

    ----------------------------------------------------------------------

==============================================================================


      Code (inc. data)   RO Data    RW Data    ZI Data      Debug   

     15032       2654        360        168      13128     693020   Grand Totals
     15032       2654        360        168      13128     693020   ELF Image Totals
     15032       2654        360        168          0          0   ROM Totals

==============================================================================

    Total RO  Size (Code + RO Data)                15392 (  15.03kB)
    Total RW  Size (RW Data + ZI Data)             13296 (  12.98kB)
    Total ROM Size (Code + RO Data + RW Data)      15560 (  15.20kB)

==============================================================================

